Component: ARM Compiler 5.06 update 5 (build 528) Tool: armlink [4d35e2]

==============================================================================

Section Cross References

    main.o(i.assert_nrf_callback) refers to app_error.o(i.app_error_handler) for app_error_handler
    main.o(i.ble_evt_handler) refers to bsp.o(i.bsp_indication_set) for bsp_indication_set
    main.o(i.ble_evt_handler) refers to app_error.o(i.app_error_handler_bare) for app_error_handler_bare
    main.o(i.ble_evt_handler) refers to memcpya.o(.text) for __aeabi_memcpy
    main.o(i.ble_evt_handler) refers to main.o(.data) for .data
    main.o(i.bmi160_sensor_init) refers to bmi160.o(i.bmi160_init) for bmi160_init
    main.o(i.bmi160_sensor_init) refers to main.o(.bss) for .bss
    main.o(i.bmi160_sensor_init) refers to main.o(i.bmi160_spi_bus_read) for bmi160_spi_bus_read
    main.o(i.bmi160_sensor_init) refers to main.o(i.bmi160_spi_bus_write) for bmi160_spi_bus_write
    main.o(i.bmi160_sensor_init) refers to main.o(i.nrf_delay_ms) for nrf_delay_ms
    main.o(i.bmi160_sensor_mode_config) refers to bmi160.o(i.bmi160_set_sens_conf) for bmi160_set_sens_conf
    main.o(i.bmi160_sensor_mode_config) refers to bmi160.o(i.bmi160_set_int_config) for bmi160_set_int_config
    main.o(i.bmi160_sensor_mode_config) refers to bmi160.o(i.bmi160_set_step_counter) for bmi160_set_step_counter
    main.o(i.bmi160_sensor_mode_config) refers to main.o(.bss) for .bss
    main.o(i.bmi160_spi_bus_read) refers to nrf_drv_spi.o(i.nrf_drv_spi_transfer) for nrf_drv_spi_transfer
    main.o(i.bmi160_spi_bus_read) refers to main.o(.data) for .data
    main.o(i.bmi160_spi_bus_read) refers to main.o(.bss) for .bss
    main.o(i.bmi160_spi_bus_read) refers to main.o(.constdata) for .constdata
    main.o(i.bmi160_spi_bus_write) refers to malloc.o(i.malloc) for malloc
    main.o(i.bmi160_spi_bus_write) refers to nrf_drv_spi.o(i.nrf_drv_spi_transfer) for nrf_drv_spi_transfer
    main.o(i.bmi160_spi_bus_write) refers to malloc.o(i.free) for free
    main.o(i.bmi160_spi_bus_write) refers to main.o(.data) for .data
    main.o(i.bmi160_spi_bus_write) refers to main.o(.constdata) for .constdata
    main.o(i.bsp_event_handler) refers to main.o(i.sleep_mode_enter) for sleep_mode_enter
    main.o(i.bsp_event_handler) refers to app_error.o(i.app_error_handler_bare) for app_error_handler_bare
    main.o(i.bsp_event_handler) refers to ble_advertising.o(i.ble_advertising_restart_without_whitelist) for ble_advertising_restart_without_whitelist
    main.o(i.bsp_event_handler) refers to main.o(.data) for .data
    main.o(i.bsp_event_handler) refers to main.o(.bss) for .bss
    main.o(i.conn_params_error_handler) refers to app_error.o(i.app_error_handler_bare) for app_error_handler_bare
    main.o(i.gatt_evt_handler) refers to main.o(.data) for .data
    main.o(i.gatt_init) refers to nrf_ble_gatt.o(i.nrf_ble_gatt_init) for nrf_ble_gatt_init
    main.o(i.gatt_init) refers to app_error.o(i.app_error_handler_bare) for app_error_handler_bare
    main.o(i.gatt_init) refers to nrf_ble_gatt.o(i.nrf_ble_gatt_att_mtu_periph_set) for nrf_ble_gatt_att_mtu_periph_set
    main.o(i.gatt_init) refers to main.o(i.gatt_evt_handler) for gatt_evt_handler
    main.o(i.gatt_init) refers to main.o(.bss) for .bss
    main.o(i.gpio_init) refers to nrf_drv_gpiote.o(i.nrf_drv_gpiote_is_init) for nrf_drv_gpiote_is_init
    main.o(i.gpio_init) refers to nrf_drv_gpiote.o(i.nrf_drv_gpiote_init) for nrf_drv_gpiote_init
    main.o(i.gpio_init) refers to nrf_drv_gpiote.o(i.nrf_drv_gpiote_in_init) for nrf_drv_gpiote_in_init
    main.o(i.gpio_init) refers to app_error.o(i.app_error_handler_bare) for app_error_handler_bare
    main.o(i.gpio_init) refers to nrf_drv_gpiote.o(i.nrf_drv_gpiote_in_event_enable) for nrf_drv_gpiote_in_event_enable
    main.o(i.gpio_init) refers to main.o(.constdata) for .constdata
    main.o(i.gpio_init) refers to main.o(i.int_pin_handler) for int_pin_handler
    main.o(i.int_pin_handler) refers to printf1.o(i.__0sprintf$1) for __2sprintf
    main.o(i.int_pin_handler) refers to main.o(i.n_of_digits) for n_of_digits
    main.o(i.int_pin_handler) refers to ble_nus.o(i.ble_nus_string_send) for ble_nus_string_send
    main.o(i.int_pin_handler) refers to app_error.o(i.app_error_handler_bare) for app_error_handler_bare
    main.o(i.int_pin_handler) refers to main.o(.data) for .data
    main.o(i.int_pin_handler) refers to main.o(.bss) for .bss
    main.o(i.main) refers to app_timer.o(i.app_timer_init) for app_timer_init
    main.o(i.main) refers to bsp.o(i.bsp_init) for bsp_init
    main.o(i.main) refers to app_error.o(i.app_error_handler_bare) for app_error_handler_bare
    main.o(i.main) refers to bsp_btn_ble.o(i.bsp_btn_ble_init) for bsp_btn_ble_init
    main.o(i.main) refers to nrf_sdh.o(i.nrf_sdh_enable_request) for nrf_sdh_enable_request
    main.o(i.main) refers to nrf_sdh_ble.o(i.nrf_sdh_ble_default_cfg_set) for nrf_sdh_ble_default_cfg_set
[...]
    i.sdh_request_observer_notify            0x00027668   Section        0  nrf_sdh.o(i.sdh_request_observer_notify)
    sdh_request_observer_notify              0x00027669   Thumb Code    44  nrf_sdh.o(i.sdh_request_observer_notify)
    i.sdh_state_observer_notify              0x00027698   Section        0  nrf_sdh.o(i.sdh_state_observer_notify)
    sdh_state_observer_notify                0x00027699   Thumb Code    38  nrf_sdh.o(i.sdh_state_observer_notify)
    i.sdk_mapped_flags_bulk_update_by_key    0x000276c4   Section        0  sdk_mapped_flags.o(i.sdk_mapped_flags_bulk_update_by_key)
    i.sdk_mapped_flags_first_key_index_get   0x00027708   Section        0  sdk_mapped_flags.o(i.sdk_mapped_flags_first_key_index_get)
    i.sdk_mapped_flags_get_by_index          0x0002772a   Section        0  sdk_mapped_flags.o(i.sdk_mapped_flags_get_by_index)
    sdk_mapped_flags_get_by_index            0x0002772b   Thumb Code    16  sdk_mapped_flags.o(i.sdk_mapped_flags_get_by_index)
    i.sdk_mapped_flags_key_list_get          0x0002773a   Section        0  sdk_mapped_flags.o(i.sdk_mapped_flags_key_list_get)
    i.sdk_mapped_flags_update_by_key         0x00027784   Section        0  sdk_mapped_flags.o(i.sdk_mapped_flags_update_by_key)
    i.send_error_evt                         0x00027794   Section        0  ble_conn_params.o(i.send_error_evt)
    send_error_evt                           0x00027795   Thumb Code    12  ble_conn_params.o(i.send_error_evt)
    i.service_data_encode                    0x000277a4   Section        0  ble_advdata.o(i.service_data_encode)
    service_data_encode                      0x000277a5   Thumb Code   136  ble_advdata.o(i.service_data_encode)
    i.set_accel_flat_detect_int              0x0002782c   Section        0  bmi160.o(i.set_accel_flat_detect_int)
    set_accel_flat_detect_int                0x0002782d   Thumb Code   188  bmi160.o(i.set_accel_flat_detect_int)
    i.set_accel_high_g_int                   0x000278e8   Section        0  bmi160.o(i.set_accel_high_g_int)
    set_accel_high_g_int                     0x000278e9   Thumb Code   248  bmi160.o(i.set_accel_high_g_int)
    i.set_accel_low_g_int                    0x000279e0   Section        0  bmi160.o(i.set_accel_low_g_int)
    set_accel_low_g_int                      0x000279e1   Thumb Code   246  bmi160.o(i.set_accel_low_g_int)
    i.set_accel_no_motion_int                0x00027ad6   Section        0  bmi160.o(i.set_accel_no_motion_int)
    set_accel_no_motion_int                  0x00027ad7   Thumb Code   202  bmi160.o(i.set_accel_no_motion_int)
    i.set_accel_orientation_int              0x00027ba0   Section        0  bmi160.o(i.set_accel_orientation_int)
    set_accel_orientation_int                0x00027ba1   Thumb Code   120  bmi160.o(i.set_accel_orientation_int)
    i.set_accel_sig_motion_int               0x00027c18   Section        0  bmi160.o(i.set_accel_sig_motion_int)
    set_accel_sig_motion_int                 0x00027c19   Thumb Code   198  bmi160.o(i.set_accel_sig_motion_int)
    i.set_accel_step_detect_int              0x00027cde   Section        0  bmi160.o(i.set_accel_step_detect_int)
    set_accel_step_detect_int                0x00027cdf   Thumb Code   120  bmi160.o(i.set_accel_step_detect_int)
    i.set_accel_tap_int                      0x00027d58   Section        0  bmi160.o(i.set_accel_tap_int)
    set_accel_tap_int                        0x00027d59   Thumb Code   216  bmi160.o(i.set_accel_tap_int)
    i.set_intr_pin_config                    0x00027e30   Section        0  bmi160.o(i.set_intr_pin_config)
    set_intr_pin_config                      0x00027e31   Thumb Code    28  bmi160.o(i.set_intr_pin_config)
    i.sleep_mode_enter                       0x00027e4c   Section        0  main.o(i.sleep_mode_enter)
    sleep_mode_enter                         0x00027e4d   Thumb Code    40  main.o(i.sleep_mode_enter)
    i.soc_evt_handler                        0x00027e74   Section        0  nrf_drv_clock.o(i.soc_evt_handler)
    soc_evt_handler                          0x00027e75   Thumb Code    10  nrf_drv_clock.o(i.soc_evt_handler)
    i.spi_config                             0x00027e80   Section        0  main.o(i.spi_config)
    i.spi_event_handler                      0x00027ebc   Section        0  main.o(i.spi_event_handler)
    i.spim_xfer                              0x00027ec8   Section        0  nrf_drv_spi.o(i.spim_xfer)
    spim_xfer                                0x00027ec9   Thumb Code   178  nrf_drv_spi.o(i.spim_xfer)
    i.timer_list_handler                     0x00027f7c   Section        0  app_timer.o(i.timer_list_handler)
    timer_list_handler                       0x00027f7d   Thumb Code   122  app_timer.o(i.timer_list_handler)
    i.timer_list_insert                      0x00027ffc   Section        0  app_timer.o(i.timer_list_insert)
    timer_list_insert                        0x00027ffd   Thumb Code    56  app_timer.o(i.timer_list_insert)
    i.timer_list_remove                      0x00028038   Section        0  app_timer.o(i.timer_list_remove)
    timer_list_remove                        0x00028039   Thumb Code    88  app_timer.o(i.timer_list_remove)
    i.timer_stop_op_schedule                 0x00028098   Section        0  app_timer.o(i.timer_stop_op_schedule)
    timer_stop_op_schedule                   0x00028099   Thumb Code    68  app_timer.o(i.timer_stop_op_schedule)
    i.timer_timeouts_check                   0x000280e0   Section        0  app_timer.o(i.timer_timeouts_check)
    timer_timeouts_check                     0x000280e1   Thumb Code   106  app_timer.o(i.timer_timeouts_check)
    i.tx_byte                                0x00028154   Section        0  nrf_drv_uart.o(i.tx_byte)
    tx_byte                                  0x00028155   Thumb Code    32  nrf_drv_uart.o(i.tx_byte)
    i.tx_char_add                            0x00028174   Section        0  ble_nus.o(i.tx_char_add)
    tx_char_add                              0x00028175   Thumb Code   218  ble_nus.o(i.tx_char_add)
    i.tx_done_event                          0x0002824e   Section        0  nrf_drv_uart.o(i.tx_done_event)
    tx_done_event                            0x0002824f   Thumb Code    28  nrf_drv_uart.o(i.tx_done_event)
    i.uart_irq_handler                       0x0002826a   Section        0  nrf_drv_uart.o(i.uart_irq_handler)
    uart_irq_handler                         0x0002826b   Thumb Code   286  nrf_drv_uart.o(i.uart_irq_handler)
    i.uarte_irq_handler                      0x00028388   Section        0  nrf_drv_uart.o(i.uarte_irq_handler)
    uarte_irq_handler                        0x00028389   Thumb Code   240  nrf_drv_uart.o(i.uarte_irq_handler)
    i.uint16_encode                          0x00028478   Section        0  ble_advdata.o(i.uint16_encode)
    uint16_encode                            0x00028479   Thumb Code    10  ble_advdata.o(i.uint16_encode)
    i.update_timeout_handler                 0x00028484   Section        0  ble_conn_params.o(i.update_timeout_handler)
    update_timeout_handler                   0x00028485   Thumb Code    98  ble_conn_params.o(i.update_timeout_handler)
    i.user_op_alloc                          0x000284ec   Section        0  app_timer.o(i.user_op_alloc)
    user_op_alloc                            0x000284ed   Thumb Code    42  app_timer.o(i.user_op_alloc)
    i.uuid_list_encode                       0x0002851c   Section        0  ble_advdata.o(i.uuid_list_encode)
    uuid_list_encode                         0x0002851d   Thumb Code    48  ble_advdata.o(i.uuid_list_encode)
    i.uuid_list_sized_encode                 0x0002854c   Section        0  ble_advdata.o(i.uuid_list_sized_encode)
    uuid_list_sized_encode                   0x0002854d   Thumb Code   158  ble_advdata.o(i.uuid_list_sized_encode)
    .constdata                               0x000285ec   Section       28  main.o(.constdata)
    spi                                      0x000285f0   Data           8  main.o(.constdata)
    .constdata                               0x00028608   Section        8  boards.o(.constdata)
    m_board_led_list                         0x00028608   Data           4  boards.o(.constdata)
    m_board_btn_list                         0x0002860c   Data           4  boards.o(.constdata)
    .constdata                               0x00028610   Section       44  bsp.o(.constdata)
    m_leds_timer_id                          0x00028610   Data           4  bsp.o(.constdata)
    m_alert_timer_id                         0x00028614   Data           4  bsp.o(.constdata)
    m_button_timer_id                        0x00028618   Data           4  bsp.o(.constdata)
    app_buttons                              0x0002861c   Data          32  bsp.o(.constdata)
    .constdata                               0x0002863c   Section       22  nrf_ble_gatt.o(.constdata)
    .constdata                               0x00028654   Section       32  ble_nus.o(.constdata)
    .constdata                               0x00028674   Section        4  nrf_drv_gpiote.o(.constdata)
    .constdata                               0x00028678   Section        8  app_button.o(.constdata)
    m_detection_delay_timer_id               0x00028678   Data           4  app_button.o(.constdata)
    .constdata                               0x00028680   Section       16  nrf_sdh.o(.constdata)
    sdh_req_observers_array                  0x00028680   Data          16  nrf_sdh.o(.constdata)
    .constdata                               0x00028690   Section       40  nrf_sdh.o(.constdata)
    sdh_req_observers                        0x00028694   Data          12  nrf_sdh.o(.constdata)
    sdh_state_observers                      0x000286a0   Data          12  nrf_sdh.o(.constdata)
    sdh_stack_observers                      0x000286ac   Data          12  nrf_sdh.o(.constdata)
    .constdata                               0x000286b8   Section       16  nrf_sdh.o(.constdata)
    sdh_state_observers_array                0x000286b8   Data          16  nrf_sdh.o(.constdata)
    .constdata                               0x000286c8   Section       16  nrf_sdh.o(.constdata)
    sdh_stack_observers_array                0x000286c8   Data          16  nrf_sdh.o(.constdata)
    .constdata                               0x000286d8   Section       24  nrf_sdh_ble.o(.constdata)
    sdh_ble_observers_array                  0x000286d8   Data          24  nrf_sdh_ble.o(.constdata)
    .constdata                               0x000286f0   Section       20  nrf_sdh_ble.o(.constdata)
    sdh_ble_observers                        0x000286f8   Data          12  nrf_sdh_ble.o(.constdata)
    .constdata                               0x00028704   Section       16  nrf_sdh_soc.o(.constdata)
    sdh_soc_observers_array                  0x00028704   Data          16  nrf_sdh_soc.o(.constdata)
    .constdata                               0x00028714   Section       12  nrf_sdh_soc.o(.constdata)
    sdh_soc_observers                        0x00028714   Data          12  nrf_sdh_soc.o(.constdata)
    .constdata                               0x00028720   Section       13  bmi160.o(.constdata)
    sdh_ble_observers0                       0x00028750   Section        8  ble_conn_state.o(sdh_ble_observers0)
    __tagsym$$used                           0x00028750   Number         0  ble_conn_state.o(sdh_ble_observers0)
    m_ble_evt_observer                       0x00028750   Data           8  ble_conn_state.o(sdh_ble_observers0)
    sdh_ble_observers1                       0x00028758   Section        8  main.o(sdh_ble_observers1)
    __tagsym$$used                           0x00028758   Number         0  main.o(sdh_ble_observers1)
    m_ble_observer                           0x00028758   Data           8  main.o(sdh_ble_observers1)
    sdh_ble_observers1                       0x00028760   Section        8  bsp_btn_ble.o(sdh_ble_observers1)
    __tagsym$$used                           0x00028760   Number         0  bsp_btn_ble.o(sdh_ble_observers1)
    m_ble_observer                           0x00028760   Data           8  bsp_btn_ble.o(sdh_ble_observers1)
    sdh_ble_observers2                       0x00028768   Section       24  main.o(sdh_ble_observers2)
    __tagsym$$used                           0x00028768   Number         0  main.o(sdh_ble_observers2)
    m_nus_obs                                0x00028768   Data           8  main.o(sdh_ble_observers2)
    __tagsym$$used                           0x00028770   Number         0  main.o(sdh_ble_observers2)
    m_gatt_obs                               0x00028770   Data           8  main.o(sdh_ble_observers2)
    __tagsym$$used                           0x00028778   Number         0  main.o(sdh_ble_observers2)
    m_advertising_ble_obs                    0x00028778   Data           8  main.o(sdh_ble_observers2)
    sdh_ble_observers2                       0x00028780   Section        8  ble_conn_params.o(sdh_ble_observers2)
    __tagsym$$used                           0x00028780   Number         0  ble_conn_params.o(sdh_ble_observers2)
    m_ble_observer                           0x00028780   Data           8  ble_conn_params.o(sdh_ble_observers2)
    sdh_req_observers0                       0x00028788   Section        8  nrf_fstorage_sd.o(sdh_req_observers0)
    __tagsym$$used                           0x00028788   Number         0  nrf_fstorage_sd.o(sdh_req_observers0)
    sdh_soc_observers0                       0x00028790   Section        8  nrf_drv_clock.o(sdh_soc_observers0)
    __tagsym$$used                           0x00028790   Number         0  nrf_drv_clock.o(sdh_soc_observers0)
    m_soc_evt_observer                       0x00028790   Data           8  nrf_drv_clock.o(sdh_soc_observers0)
    sdh_soc_observers0                       0x00028798   Section        8  nrf_fstorage_sd.o(sdh_soc_observers0)
    __tagsym$$used                           0x00028798   Number         0  nrf_fstorage_sd.o(sdh_soc_observers0)
    m_sys_obs                                0x00028798   Data           8  nrf_fstorage_sd.o(sdh_soc_observers0)
    sdh_soc_observers1                       0x000287a0   Section        8  main.o(sdh_soc_observers1)
    __tagsym$$used                           0x000287a0   Number         0  main.o(sdh_soc_observers1)
    m_advertising_soc_obs                    0x000287a0   Data           8  main.o(sdh_soc_observers1)
    sdh_stack_observers0                     0x000287a8   Section        8  nrf_sdh_ble.o(sdh_stack_observers0)
    __tagsym$$used                           0x000287a8   Number         0  nrf_sdh_ble.o(sdh_stack_observers0)
    m_nrf_sdh_ble_evts_poll                  0x000287a8   Data           8  nrf_sdh_ble.o(sdh_stack_observers0)
    sdh_stack_observers0                     0x000287b0   Section        8  nrf_sdh_soc.o(sdh_stack_observers0)
    __tagsym$$used                           0x000287b0   Number         0  nrf_sdh_soc.o(sdh_stack_observers0)
    m_nrf_sdh_soc_evts_poll                  0x000287b0   Data           8  nrf_sdh_soc.o(sdh_stack_observers0)
    sdh_state_observers0                     0x000287b8   Section        8  nrf_drv_clock.o(sdh_state_observers0)
    __tagsym$$used                           0x000287b8   Number         0  nrf_drv_clock.o(sdh_state_observers0)
    m_sd_state_observer                      0x000287b8   Data           8  nrf_drv_clock.o(sdh_state_observers0)
    sdh_state_observers0                     0x000287c0   Section        8  nrf_fstorage_sd.o(sdh_state_observers0)
    __tagsym$$used                           0x000287c0   Number         0  nrf_fstorage_sd.o(sdh_state_observers0)
    m_state_obs                              0x000287c0   Data           8  nrf_fstorage_sd.o(sdh_state_observers0)
    .data                                    0x20002a68   Section       12  main.o(.data)
    index                                    0x20002a68   Data           1  main.o(.data)
    spi_xfer_done                            0x20002a69   Data           1  main.o(.data)
    m_conn_handle                            0x20002a6c   Data           2  main.o(.data)
    m_ble_nus_max_data_len                   0x20002a6e   Data           2  main.o(.data)
    m_adv_uuids                              0x20002a70   Data           4  main.o(.data)
    .data                                    0x20002a74   Section       16  bsp.o(.data)
    m_stable_state                           0x20002a74   Data           1  bsp.o(.data)
    m_leds_clear                             0x20002a75   Data           1  bsp.o(.data)
    m_alert_on                               0x20002a76   Data           1  bsp.o(.data)
    current_long_push_pin_no                 0x20002a77   Data           1  bsp.o(.data)
    m_indication_type                        0x20002a78   Data           4  bsp.o(.data)
    m_registered_callback                    0x20002a7c   Data           4  bsp.o(.data)
    release_event_at_push                    0x20002a80   Data           4  bsp.o(.data)
    .data                                    0x20002a84   Section        8  bsp_btn_ble.o(.data)
    m_error_handler                          0x20002a84   Data           4  bsp_btn_ble.o(.data)
    m_num_connections                        0x20002a88   Data           4  bsp_btn_ble.o(.data)
    .data                                    0x20002a8c   Section        8  ble_conn_params.o(.data)
    m_preferred_conn_params                  0x20002a8c   Data           8  ble_conn_params.o(.data)
    .data                                    0x20002a94   Section       20  app_button.o(.data)
    m_button_count                           0x20002a94   Data           1  app_button.o(.data)
    mp_buttons                               0x20002a98   Data           4  app_button.o(.data)
    m_detection_delay                        0x20002a9c   Data           4  app_button.o(.data)
    m_pin_state                              0x20002aa0   Data           4  app_button.o(.data)
    m_pin_transition                         0x20002aa4   Data           4  app_button.o(.data)
    .data                                    0x20002aa8   Section       20  app_timer.o(.data)
    m_ticks_elapsed_q_read_ind               0x20002aa8   Data           1  app_timer.o(.data)
    m_ticks_elapsed_q_write_ind              0x20002aa9   Data           1  app_timer.o(.data)
    m_rtc1_running                           0x20002aaa   Data           1  app_timer.o(.data)
    m_rtc1_reset                             0x20002aab   Data           1  app_timer.o(.data)
    mp_timer_id_head                         0x20002aac   Data           4  app_timer.o(.data)
    m_ticks_latest                           0x20002ab0   Data           4  app_timer.o(.data)
    m_ticks_elapsed                          0x20002ab4   Data           8  app_timer.o(.data)
    .data                                    0x20002abc   Section       16  app_uart_fifo.o(.data)
    tx_buffer                                0x20002abc   Data           1  app_uart_fifo.o(.data)
    rx_buffer                                0x20002abd   Data           1  app_uart_fifo.o(.data)
    m_rx_ovf                                 0x20002abe   Data           1  app_uart_fifo.o(.data)
    m_event_handler                          0x20002ac0   Data           4  app_uart_fifo.o(.data)
    app_uart_inst                            0x20002ac4   Data           8  app_uart_fifo.o(.data)
    .data                                    0x20002acc   Section        8  nrf_fstorage_sd.o(.data)
    m_flags                                  0x20002acc   Data           4  nrf_fstorage_sd.o(.data)
    m_retry_cnt                              0x20002ad0   Data           4  nrf_fstorage_sd.o(.data)
    .data                                    0x20002ad4   Section        3  nrf_sdh.o(.data)
    m_nrf_sdh_enabled                        0x20002ad4   Data           1  nrf_sdh.o(.data)
    m_nrf_sdh_suspended                      0x20002ad5   Data           1  nrf_sdh.o(.data)
    m_nrf_sdh_continue                       0x20002ad6   Data           1  nrf_sdh.o(.data)
    .data                                    0x20002ad8   Section        4  system_nrf52.o(.data)
    __tagsym$$used                           0x20002ad8   Number         0  system_nrf52.o(.data)
    .data                                    0x20002adc   Section        4  mvars.o(.data)
    .data                                    0x20002ae0   Section        4  mvars.o(.data)
    .bss                                     0x20002ae4   Section      648  main.o(.bss)
    data_array                               0x20002ae4   Data         244  main.o(.bss)
    m_nus                                    0x20002bd8   Data          28  main.o(.bss)
    m_gatt                                   0x20002bf4   Data          20  main.o(.bss)
    m_advertising                            0x20002c08   Data         216  main.o(.bss)
    SPI_RX_Buffer                            0x20002d08   Data         100  main.o(.bss)
    .bss                                     0x20002d6c   Section       32  bsp.o(.bss)
    m_leds_timer_id_data                     0x20002d6c   Data          32  bsp.o(.bss)
    .bss                                     0x20002d8c   Section       32  bsp.o(.bss)
    m_alert_timer_id_data                    0x20002d8c   Data          32  bsp.o(.bss)
    .bss                                     0x20002dac   Section       12  bsp.o(.bss)
    m_events_list                            0x20002dac   Data          12  bsp.o(.bss)
    .bss                                     0x20002db8   Section       32  bsp.o(.bss)
    m_button_timer_id_data                   0x20002db8   Data          32  bsp.o(.bss)
    .bss                                     0x20002dd8   Section       80  ble_conn_params.o(.bss)
    m_timer_data                             0x20002dd8   Data          32  ble_conn_params.o(.bss)
    m_conn_params_instances                  0x20002df8   Data          20  ble_conn_params.o(.bss)
    m_conn_params_config                     0x20002e0c   Data          28  ble_conn_params.o(.bss)
    .bss                                     0x20002e28   Section      184  ble_conn_state.o(.bss)
    m_bcs                                    0x20002e28   Data         184  ble_conn_state.o(.bss)
    .bss                                     0x20002ee0   Section       20  nrf_drv_clock.o(.bss)
    m_clock_cb                               0x20002ee0   Data          20  nrf_drv_clock.o(.bss)
    .bss                                     0x20002ef4   Section       88  nrf_drv_gpiote.o(.bss)
    m_cb                                     0x20002ef4   Data          88  nrf_drv_gpiote.o(.bss)
    .bss                                     0x20002f4c   Section       32  nrf_drv_uart.o(.bss)
    m_cb                                     0x20002f4c   Data          32  nrf_drv_uart.o(.bss)
    .bss                                     0x20002f6c   Section       36  nrf_drv_spi.o(.bss)
    m_cb                                     0x20002f6c   Data          36  nrf_drv_spi.o(.bss)
    .bss                                     0x20002f90   Section       32  app_button.o(.bss)
    m_detection_delay_timer_id_data          0x20002f90   Data          32  app_button.o(.bss)
    .bss                                     0x20002fb0   Section      268  app_timer.o(.bss)
    m_op_queue                               0x20002fb0   Data         268  app_timer.o(.bss)
    .bss                                     0x200030bc   Section       32  app_uart_fifo.o(.bss)
    m_rx_fifo                                0x200030bc   Data          16  app_uart_fifo.o(.bss)
    m_tx_fifo                                0x200030cc   Data          16  app_uart_fifo.o(.bss)
    .bss                                     0x200030dc   Section       12  app_util_platform.o(.bss)
    .bss                                     0x200030e8   Section      120  nrf_fstorage_sd.o(.bss)
    m_queue                                  0x200030e8   Data         120  nrf_fstorage_sd.o(.bss)
    HEAP                                     0x20003160   Section     8192  arm_startup_nrf52.o(HEAP)
    STACK                                    0x20005160   Section     8192  arm_startup_nrf52.o(STACK)

    Global Symbols

    Symbol Name                              Value     Ov Type        Size  Object(Section)

    BuildAttributes$$THM_ISAv4$E$P$D$K$B$S$7EM$VFPi3$EXTD16$VFPS$VFMA$PE$A:L22UL41UL21$X:L11$S22US41US21$IEEE1$IW$USESV6$~STKCKD$USESV7$~SHL$OSPACE$ROPI$EBA8$MICROLIB$REQ8$PRES8$EABIv2 0x00000000   Number         0  anon$$obj.o ABSOLUTE
    __ARM_use_no_argv                        0x00000000   Number         0  main.o ABSOLUTE
    _printf_a                                0x00000000   Number         0  stubs.o ABSOLUTE
    _printf_c                                0x00000000   Number         0  stubs.o ABSOLUTE
    _printf_charcount                        0x00000000   Number         0  stubs.o ABSOLUTE
    _printf_d                                0x00000000   Number         0  stubs.o ABSOLUTE
    _printf_e                                0x00000000   Number         0  stubs.o ABSOLUTE
    _printf_f                                0x00000000   Number         0  stubs.o ABSOLUTE
    _printf_flags                            0x00000000   Number         0  stubs.o ABSOLUTE
    _printf_fp_dec                           0x00000000   Number         0  stubs.o ABSOLUTE
    _printf_fp_hex                           0x00000000   Number         0  stubs.o ABSOLUTE
    _printf_g                                0x00000000   Number         0  stubs.o ABSOLUTE
    _printf_i                                0x00000000   Number         0  stubs.o ABSOLUTE
    _printf_int_dec                          0x00000000   Number         0  stubs.o ABSOLUTE
    _printf_l                                0x00000000   Number         0  stubs.o ABSOLUTE
    _printf_lc                               0x00000000   Number         0  stubs.o ABSOLUTE
    _printf_ll                               0x00000000   Number         0  stubs.o ABSOLUTE
    _printf_lld                              0x00000000   Number         0  stubs.o ABSOLUTE
    _printf_lli                              0x00000000   Number         0  stubs.o ABSOLUTE
    _printf_llo                              0x00000000   Number         0  stubs.o ABSOLUTE
    _printf_llu                              0x00000000   Number         0  stubs.o ABSOLUTE
    _printf_llx                              0x00000000   Number         0  stubs.o ABSOLUTE
    _printf_longlong_dec                     0x00000000   Number         0  stubs.o ABSOLUTE
    _printf_longlong_hex                     0x00000000   Number         0  stubs.o ABSOLUTE
    _printf_longlong_oct                     0x00000000   Number         0  stubs.o ABSOLUTE
    _printf_ls                               0x00000000   Number         0  stubs.o ABSOLUTE
    _printf_mbtowc                           0x00000000   Number         0  stubs.o ABSOLUTE
    _printf_n                                0x00000000   Number         0  stubs.o ABSOLUTE
    _printf_o                                0x00000000   Number         0  stubs.o ABSOLUTE
    _printf_p                                0x00000000   Number         0  stubs.o ABSOLUTE
    _printf_percent                          0x00000000   Number         0  stubs.o ABSOLUTE
    _printf_pre_padding                      0x00000000   Number         0  stubs.o ABSOLUTE
    _printf_return_value                     0x00000000   Number         0  stubs.o ABSOLUTE
    _printf_s                                0x00000000   Number         0  stubs.o ABSOLUTE
    _printf_sizespec                         0x00000000   Number         0  stubs.o ABSOLUTE
    _printf_str                              0x00000000   Number         0  stubs.o ABSOLUTE
    _printf_truncate_signed                  0x00000000   Number         0  stubs.o ABSOLUTE
    _printf_truncate_unsigned                0x00000000   Number         0  stubs.o ABSOLUTE
    _printf_u                                0x00000000   Number         0  stubs.o ABSOLUTE
    _printf_wc                               0x00000000   Number         0  stubs.o ABSOLUTE
    _printf_wctomb                           0x00000000   Number         0  stubs.o ABSOLUTE
    _printf_widthprec                        0x00000000   Number         0  stubs.o ABSOLUTE
    _printf_x                                0x00000000   Number         0  stubs.o ABSOLUTE
    __cpp_initialize__aeabi_                  - Undefined Weak Reference
    __cxa_finalize                            - Undefined Weak Reference
    __decompress                              - Undefined Weak Reference
    _clock_init                               - Undefined Weak Reference
    _microlib_exit                            - Undefined Weak Reference
    fs_data$$Base                             - Undefined Reference
    fs_data$$Limit                            - Undefined Reference
    pwr_mgmt_data0$$Base                      - Undefined Reference
    pwr_mgmt_data0$$Limit                     - Undefined Reference
    pwr_mgmt_data1$$Base                      - Undefined Reference
    pwr_mgmt_data1$$Limit                     - Undefined Reference
    pwr_mgmt_data2$$Base                      - Undefined Reference
    pwr_mgmt_data2$$Limit                     - Undefined Reference
    sdh_req_observers1$$Base                  - Undefined Reference
    sdh_req_observers1$$Limit                 - Undefined Reference
    sdh_stack_observers1$$Base                - Undefined Reference
    sdh_stack_observers1$$Limit               - Undefined Reference
    sdh_state_observers1$$Base                - Undefined Reference
    sdh_state_observers1$$Limit               - Undefined Reference
    __Vectors_Size                           0x00000200   Number         0  arm_startup_nrf52.o ABSOLUTE
    __Vectors                                0x00023000   Data           4  arm_startup_nrf52.o(RESET)
    __Vectors_End                            0x00023200   Data           0  arm_startup_nrf52.o(RESET)
    __main                                   0x00023201   Thumb Code     0  entry.o(.ARM.Collect$$$$00000000)
    _main_stk                                0x00023201   Thumb Code     0  entry2.o(.ARM.Collect$$$$00000001)
    _main_scatterload                        0x00023205   Thumb Code     0  entry5.o(.ARM.Collect$$$$00000004)
    __main_after_scatterload                 0x00023209   Thumb Code     0  entry5.o(.ARM.Collect$$$$00000004)
    _main_clock                              0x00023209   Thumb Code     0  entry7b.o(.ARM.Collect$$$$00000008)
    _main_cpp_init                           0x00023209   Thumb Code     0  entry8b.o(.ARM.Collect$$$$0000000A)
    _main_init                               0x00023209   Thumb Code     0  entry9a.o(.ARM.Collect$$$$0000000B)
    __rt_final_cpp                           0x00023211   Thumb Code     0  entry10a.o(.ARM.Collect$$$$0000000D)
    __rt_final_exit                          0x00023211   Thumb Code     0  entry11a.o(.ARM.Collect$$$$0000000F)
    Reset_Handler                            0x00023215   Thumb Code     8  arm_startup_nrf52.o(.text)
    NMI_Handler                              0x0002321d   Thumb Code     2  arm_startup_nrf52.o(.text)
    HardFault_Handler                        0x0002321f   Thumb Code     2  arm_startup_nrf52.o(.text)
    MemoryManagement_Handler                 0x00023221   Thumb Code     2  arm_startup_nrf52.o(.text)
    BusFault_Handler                         0x00023223   Thumb Code     2  arm_startup_nrf52.o(.text)
    UsageFault_Handler                       0x00023225   Thumb Code     2  arm_startup_nrf52.o(.text)
    SVC_Handler                              0x00023227   Thumb Code     2  arm_startup_nrf52.o(.text)
    DebugMon_Handler                         0x00023229   Thumb Code     2  arm_startup_nrf52.o(.text)
    PendSV_Handler                           0x0002322b   Thumb Code     2  arm_startup_nrf52.o(.text)
    SysTick_Handler                          0x0002322d   Thumb Code     2  arm_startup_nrf52.o(.text)
    CCM_AAR_IRQHandler                       0x0002322f   Thumb Code     0  arm_startup_nrf52.o(.text)
    COMP_LPCOMP_IRQHandler                   0x0002322f   Thumb Code     0  arm_startup_nrf52.o(.text)
    ECB_IRQHandler                           0x0002322f   Thumb Code     0  arm_startup_nrf52.o(.text)
    FPU_IRQHandler                           0x0002322f   Thumb Code     0  arm_startup_nrf52.o(.text)
    I2S_IRQHandler                           0x0002322f   Thumb Code     0  arm_startup_nrf52.o(.text)
    MWU_IRQHandler                           0x0002322f   Thumb Code     0  arm_startup_nrf52.o(.text)
    NFCT_IRQHandler                          0x0002322f   Thumb Code     0  arm_startup_nrf52.o(.text)
    PDM_IRQHandler                           0x0002322f   Thumb Code     0  arm_startup_nrf52.o(.text)
    PWM0_IRQHandler                          0x0002322f   Thumb Code     0  arm_startup_nrf52.o(.text)
    PWM1_IRQHandler                          0x0002322f   Thumb Code     0  arm_startup_nrf52.o(.text)
    PWM2_IRQHandler                          0x0002322f   Thumb Code     0  arm_startup_nrf52.o(.text)
    QDEC_IRQHandler                          0x0002322f   Thumb Code     0  arm_startup_nrf52.o(.text)
    RADIO_IRQHandler                         0x0002322f   Thumb Code     0  arm_startup_nrf52.o(.text)
    RNG_IRQHandler                           0x0002322f   Thumb Code     0  arm_startup_nrf52.o(.text)
    RTC0_IRQHandler                          0x0002322f   Thumb Code     0  arm_startup_nrf52.o(.text)
    RTC2_IRQHandler                          0x0002322f   Thumb Code     0  arm_startup_nrf52.o(.text)
    SAADC_IRQHandler                         0x0002322f   Thumb Code     0  arm_startup_nrf52.o(.text)
    SPIM1_SPIS1_TWIM1_TWIS1_SPI1_TWI1_IRQHandler 0x0002322f   Thumb Code     0  arm_startup_nrf52.o(.text)
    SPIM2_SPIS2_SPI2_IRQHandler              0x0002322f   Thumb Code     0  arm_startup_nrf52.o(.text)
    SWI1_EGU1_IRQHandler                     0x0002322f   Thumb Code     0  arm_startup_nrf52.o(.text)
    SWI3_EGU3_IRQHandler                     0x0002322f   Thumb Code     0  arm_startup_nrf52.o(.text)
    SWI4_EGU4_IRQHandler                     0x0002322f   Thumb Code     0  arm_startup_nrf52.o(.text)
    SWI5_EGU5_IRQHandler                     0x0002322f   Thumb Code     0  arm_startup_nrf52.o(.text)
    TEMP_IRQHandler                          0x0002322f   Thumb Code     0  arm_startup_nrf52.o(.text)
    TIMER0_IRQHandler                        0x0002322f   Thumb Code     0  arm_startup_nrf52.o(.text)
    TIMER1_IRQHandler                        0x0002322f   Thumb Code     0  arm_startup_nrf52.o(.text)
    TIMER2_IRQHandler                        0x0002322f   Thumb Code     0  arm_startup_nrf52.o(.text)
    TIMER3_IRQHandler                        0x0002322f   Thumb Code     0  arm_startup_nrf52.o(.text)
    TIMER4_IRQHandler                        0x0002322f   Thumb Code     0  arm_startup_nrf52.o(.text)
    WDT_IRQHandler                           0x0002322f   Thumb Code     0  arm_startup_nrf52.o(.text)
    __aeabi_uldivmod                         0x00023239   Thumb Code    98  uldiv.o(.text)
    __aeabi_memcpy                           0x0002329b   Thumb Code    36  memcpya.o(.text)
    __aeabi_memcpy4                          0x0002329b   Thumb Code     0  memcpya.o(.text)
    __aeabi_memcpy8                          0x0002329b   Thumb Code     0  memcpya.o(.text)
    __aeabi_memset                           0x000232bf   Thumb Code    14  memseta.o(.text)
    __aeabi_memset4                          0x000232bf   Thumb Code     0  memseta.o(.text)
    __aeabi_memset8                          0x000232bf   Thumb Code     0  memseta.o(.text)
    __aeabi_memclr                           0x000232cd   Thumb Code     4  memseta.o(.text)
    __aeabi_memclr4                          0x000232cd   Thumb Code     0  memseta.o(.text)
    __aeabi_memclr8                          0x000232cd   Thumb Code     0  memseta.o(.text)
    _memset$wrapper                          0x000232d1   Thumb Code    18  memseta.o(.text)
    __aeabi_uidiv                            0x000232e3   Thumb Code     0  uidiv.o(.text)
    __aeabi_uidivmod                         0x000232e3   Thumb Code    44  uidiv.o(.text)
    __aeabi_llsl                             0x0002330f   Thumb Code    30  llshl.o(.text)
    _ll_shift_l                              0x0002330f   Thumb Code     0  llshl.o(.text)
    __aeabi_llsr                             0x0002332d   Thumb Code    32  llushr.o(.text)
    _ll_ushift_r                             0x0002332d   Thumb Code     0  llushr.o(.text)
    __scatterload                            0x0002334d   Thumb Code    28  init.o(.text)
    __scatterload_rt2                        0x0002334d   Thumb Code     0  init.o(.text)
    GPIOTE_IRQHandler                        0x00023371   Thumb Code   362  nrf_drv_gpiote.o(i.GPIOTE_IRQHandler)
    POWER_CLOCK_IRQHandler                   0x00023549   Thumb Code    84  nrf_drv_clock.o(i.POWER_CLOCK_IRQHandler)
    RTC1_IRQHandler                          0x000235a1   Thumb Code    32  app_timer.o(i.RTC1_IRQHandler)
    SPIM0_SPIS0_TWIM0_TWIS0_SPI0_TWI0_IRQHandler 0x000235c5   Thumb Code    66  nrf_drv_spi.o(i.SPIM0_SPIS0_TWIM0_TWIS0_SPI0_TWI0_IRQHandler)
    SWI0_EGU0_IRQHandler                     0x00023611   Thumb Code     4  app_timer.o(i.SWI0_EGU0_IRQHandler)
    SWI2_EGU2_IRQHandler                     0x00023615   Thumb Code     4  nrf_sdh.o(i.SWI2_EGU2_IRQHandler)
    SystemInit                               0x00023619   Thumb Code   700  system_nrf52.o(i.SystemInit)
    UARTE0_UART0_IRQHandler                  0x00023915   Thumb Code    20  nrf_drv_uart.o(i.UARTE0_UART0_IRQHandler)
    __0sprintf$1                             0x00023931   Thumb Code    34  printf1.o(i.__0sprintf$1)
    __1sprintf$1                             0x00023931   Thumb Code     0  printf1.o(i.__0sprintf$1)
    __2sprintf                               0x00023931   Thumb Code     0  printf1.o(i.__0sprintf$1)
    __scatterload_copy                       0x00023959   Thumb Code    14  handlers.o(i.__scatterload_copy)
    __scatterload_null                       0x00023967   Thumb Code     2  handlers.o(i.__scatterload_null)
    __scatterload_zeroinit                   0x00023969   Thumb Code    14  handlers.o(i.__scatterload_zeroinit)
    app_button_enable                        0x00023b39   Thumb Code    32  app_button.o(i.app_button_enable)
    app_button_init                          0x00023b5d   Thumb Code    96  app_button.o(i.app_button_init)
    app_error_fault_handler                  0x00023bcd   Thumb Code    38  app_error_weak.o(i.app_error_fault_handler)
    app_error_handler_bare                   0x00023bfd   Thumb Code    22  app_error.o(i.app_error_handler_bare)
    app_fifo_get                             0x00023c13   Thumb Code    22  app_fifo.o(i.app_fifo_get)
    app_fifo_put                             0x00023c29   Thumb Code    26  app_fifo.o(i.app_fifo_put)
    app_timer_create                         0x00023c45   Thumb Code    32  app_timer.o(i.app_timer_create)
    app_timer_init                           0x00023c69   Thumb Code    70  app_timer.o(i.app_timer_init)
    app_timer_start                          0x00023cbd   Thumb Code   128  app_timer.o(i.app_timer_start)
    app_timer_stop                           0x00023d45   Thumb Code    26  app_timer.o(i.app_timer_stop)
    app_uart_put                             0x00023d65   Thumb Code    52  app_uart_fifo.o(i.app_uart_put)
    app_util_critical_region_enter           0x00023da1   Thumb Code    64  app_util_platform.o(i.app_util_critical_region_enter)
    app_util_critical_region_exit            0x00023de9   Thumb Code    46  app_util_platform.o(i.app_util_critical_region_exit)
    ble_advdata_encode                       0x00023e1d   Thumb Code   386  ble_advdata.o(i.ble_advdata_encode)
    ble_advdata_set                          0x00023f9f   Thumb Code   104  ble_advdata.o(i.ble_advdata_set)
    ble_advertising_conn_cfg_tag_set         0x00024007   Thumb Code     6  ble_advertising.o(i.ble_advertising_conn_cfg_tag_set)
    ble_advertising_init                     0x0002400d   Thumb Code   310  ble_advertising.o(i.ble_advertising_init)
    ble_advertising_on_ble_evt               0x00024143   Thumb Code   104  ble_advertising.o(i.ble_advertising_on_ble_evt)
    ble_advertising_on_sys_evt               0x000241ab   Thumb Code    50  ble_advertising.o(i.ble_advertising_on_sys_evt)
    ble_advertising_restart_without_whitelist 0x000241dd   Thumb Code    60  ble_advertising.o(i.ble_advertising_restart_without_whitelist)
    ble_advertising_start                    0x00024219   Thumb Code   458  ble_advertising.o(i.ble_advertising_start)
    ble_conn_params_init                     0x000243e5   Thumb Code    90  ble_conn_params.o(i.ble_conn_params_init)
    ble_nus_init                             0x00024829   Thumb Code    94  ble_nus.o(i.ble_nus_init)
    ble_nus_on_ble_evt                       0x0002488d   Thumb Code   136  ble_nus.o(i.ble_nus_on_ble_evt)
    ble_nus_string_send                      0x00024919   Thumb Code    72  ble_nus.o(i.ble_nus_string_send)
    ble_srv_is_notification_enabled          0x00024961   Thumb Code     8  ble_srv_common.o(i.ble_srv_is_notification_enabled)
    bmi160_get_regs                          0x00024969   Thumb Code    58  bmi160.o(i.bmi160_get_regs)
    bmi160_init                              0x000249a3   Thumb Code    76  bmi160.o(i.bmi160_init)
    bmi160_sensor_init                       0x000249f1   Thumb Code    26  main.o(i.bmi160_sensor_init)
    bmi160_sensor_mode_config                0x00024a1d   Thumb Code    86  main.o(i.bmi160_sensor_mode_config)
    bmi160_set_int_config                    0x00024a79   Thumb Code   352  bmi160.o(i.bmi160_set_int_config)
    bmi160_set_power_mode                    0x00024bd9   Thumb Code   174  bmi160.o(i.bmi160_set_power_mode)
    bmi160_set_regs                          0x00024c87   Thumb Code   126  bmi160.o(i.bmi160_set_regs)
    bmi160_set_sens_conf                     0x00024d05   Thumb Code   230  bmi160.o(i.bmi160_set_sens_conf)
    bmi160_set_step_counter                  0x00024ded   Thumb Code    80  bmi160.o(i.bmi160_set_step_counter)
    bmi160_soft_reset                        0x00024e3d   Thumb Code   110  bmi160.o(i.bmi160_soft_reset)
    bmi160_spi_bus_read                      0x00024ead   Thumb Code    74  main.o(i.bmi160_spi_bus_read)
    bmi160_spi_bus_write                     0x00024f05   Thumb Code    92  main.o(i.bmi160_spi_bus_write)
    bsp_board_button_idx_to_pin              0x00024f69   Thumb Code     6  boards.o(i.bsp_board_button_idx_to_pin)
    bsp_board_button_state_get               0x00024f75   Thumb Code    28  boards.o(i.bsp_board_button_state_get)
    bsp_board_led_invert                     0x00024f95   Thumb Code    32  boards.o(i.bsp_board_led_invert)
    bsp_board_led_off                        0x00024fb9   Thumb Code    10  boards.o(i.bsp_board_led_off)
    bsp_board_led_on                         0x00024fc9   Thumb Code    10  boards.o(i.bsp_board_led_on)
    bsp_board_led_state_get                  0x00024fd9   Thumb Code    28  boards.o(i.bsp_board_led_state_get)
    bsp_board_leds_init                      0x00024ff9   Thumb Code    38  boards.o(i.bsp_board_leds_init)
    bsp_board_leds_off                       0x00025025   Thumb Code    18  boards.o(i.bsp_board_leds_off)
    bsp_board_leds_on                        0x00025037   Thumb Code    18  boards.o(i.bsp_board_leds_on)
    bsp_board_pin_to_button_idx              0x00025049   Thumb Code    30  boards.o(i.bsp_board_pin_to_button_idx)
    bsp_btn_ble_init                         0x0002506d   Thumb Code    52  bsp_btn_ble.o(i.bsp_btn_ble_init)
    bsp_btn_ble_sleep_mode_prepare           0x000250a5   Thumb Code    30  bsp_btn_ble.o(i.bsp_btn_ble_sleep_mode_prepare)
    bsp_button_is_pressed                    0x00025155   Thumb Code     4  bsp.o(i.bsp_button_is_pressed)
    bsp_event_handler                        0x00025159   Thumb Code    76  main.o(i.bsp_event_handler)
    bsp_event_to_button_action_assign        0x000251ad   Thumb Code    64  bsp.o(i.bsp_event_to_button_action_assign)
    bsp_indication_set                       0x000251f1   Thumb Code    20  bsp.o(i.bsp_indication_set)
    bsp_init                                 0x00025209   Thumb Code   126  bsp.o(i.bsp_init)
    bsp_wakeup_button_enable                 0x00025455   Thumb Code    16  bsp.o(i.bsp_wakeup_button_enable)
    free                                     0x00025d41   Thumb Code    76  malloc.o(i.free)
    gatt_evt_handler                         0x00025d91   Thumb Code    28  main.o(i.gatt_evt_handler)
    gatt_init                                0x00025db1   Thumb Code    38  main.o(i.gatt_init)
    gpio_init                                0x00025de1   Thumb Code    54  main.o(i.gpio_init)
    int_pin_handler                          0x00025e8d   Thumb Code    60  main.o(i.int_pin_handler)
    main                                     0x00026095   Thumb Code   360  main.o(i.main)
    malloc                                   0x00026229   Thumb Code    92  malloc.o(i.malloc)
    n_of_digits                              0x000263ed   Thumb Code    24  main.o(i.n_of_digits)
    nrf_ble_gatt_att_mtu_periph_set          0x000264b1   Thumb Code    24  nrf_ble_gatt.o(i.nrf_ble_gatt_att_mtu_periph_set)
    nrf_ble_gatt_init                        0x000264c9   Thumb Code    34  nrf_ble_gatt.o(i.nrf_ble_gatt_init)
    nrf_ble_gatt_on_ble_evt                  0x000264ed   Thumb Code   332  nrf_ble_gatt.o(i.nrf_ble_gatt_on_ble_evt)
    nrf_drv_clock_init                       0x0002677d   Thumb Code    64  nrf_drv_clock.o(i.nrf_drv_clock_init)
    nrf_drv_clock_lfclk_release              0x000267c5   Thumb Code    40  nrf_drv_clock.o(i.nrf_drv_clock_lfclk_release)
    nrf_drv_common_irq_enable                0x000267f1   Thumb Code    56  nrf_drv_common.o(i.nrf_drv_common_irq_enable)
    nrf_drv_gpiote_in_event_enable           0x00026829   Thumb Code   156  nrf_drv_gpiote.o(i.nrf_drv_gpiote_in_event_enable)
    nrf_drv_gpiote_in_init                   0x000268cd   Thumb Code   172  nrf_drv_gpiote.o(i.nrf_drv_gpiote_in_init)
    nrf_drv_gpiote_in_is_set                 0x00026985   Thumb Code    20  nrf_drv_gpiote.o(i.nrf_drv_gpiote_in_is_set)
    nrf_drv_gpiote_init                      0x00026999   Thumb Code    84  nrf_drv_gpiote.o(i.nrf_drv_gpiote_init)
    nrf_drv_gpiote_is_init                   0x000269f5   Thumb Code    14  nrf_drv_gpiote.o(i.nrf_drv_gpiote_is_init)
    nrf_drv_spi_init                         0x00026a29   Thumb Code   292  nrf_drv_spi.o(i.nrf_drv_spi_init)
    nrf_drv_spi_transfer                     0x00026b51   Thumb Code    28  nrf_drv_spi.o(i.nrf_drv_spi_transfer)
    nrf_drv_spi_xfer                         0x00026b6d   Thumb Code    90  nrf_drv_spi.o(i.nrf_drv_spi_xfer)
    nrf_drv_uart_tx                          0x00026bcd   Thumb Code   262  nrf_drv_uart.o(i.nrf_drv_uart_tx)
    nrf_drv_uart_tx_in_progress              0x00026cd9   Thumb Code    18  nrf_drv_uart.o(i.nrf_drv_uart_tx_in_progress)
    nrf_fstorage_is_busy                     0x00026cf1   Thumb Code    70  nrf_fstorage.o(i.nrf_fstorage_is_busy)
    nrf_fstorage_sdh_req_handler             0x00026d41   Thumb Code    28  nrf_fstorage_sd.o(i.nrf_fstorage_sdh_req_handler)
    nrf_fstorage_sdh_state_handler           0x00026d61   Thumb Code    28  nrf_fstorage_sd.o(i.nrf_fstorage_sdh_state_handler)
    nrf_fstorage_sys_evt_handler             0x00026d81   Thumb Code   176  nrf_fstorage_sd.o(i.nrf_fstorage_sys_evt_handler)
    nrf_sdh_ble_app_ram_start_get            0x00026f6d   Thumb Code    16  nrf_sdh_ble.o(i.nrf_sdh_ble_app_ram_start_get)
    nrf_sdh_ble_default_cfg_set              0x00026f81   Thumb Code   156  nrf_sdh_ble.o(i.nrf_sdh_ble_default_cfg_set)
    nrf_sdh_ble_enable                       0x00027021   Thumb Code     4  nrf_sdh_ble.o(i.nrf_sdh_ble_enable)
    nrf_sdh_disable_request                  0x00027075   Thumb Code    60  nrf_sdh.o(i.nrf_sdh_disable_request)
    nrf_sdh_enable_request                   0x000270b5   Thumb Code    74  nrf_sdh.o(i.nrf_sdh_enable_request)
    nrf_sdh_evts_poll                        0x0002710d   Thumb Code    32  nrf_sdh.o(i.nrf_sdh_evts_poll)
    nrf_sdh_is_enabled                       0x00027131   Thumb Code     6  nrf_sdh.o(i.nrf_sdh_is_enabled)
    nrf_sdh_request_continue                 0x0002713d   Thumb Code    22  nrf_sdh.o(i.nrf_sdh_request_continue)
    nrf_section_iter_init                    0x00027195   Thumb Code    10  nrf_section_iter.o(i.nrf_section_iter_init)
    nrf_section_iter_next                    0x000271c3   Thumb Code    32  nrf_section_iter.o(i.nrf_section_iter_next)
    sdk_mapped_flags_bulk_update_by_key      0x000276c5   Thumb Code    68  sdk_mapped_flags.o(i.sdk_mapped_flags_bulk_update_by_key)
    sdk_mapped_flags_first_key_index_get     0x00027709   Thumb Code    34  sdk_mapped_flags.o(i.sdk_mapped_flags_first_key_index_get)
    sdk_mapped_flags_key_list_get            0x0002773b   Thumb Code    74  sdk_mapped_flags.o(i.sdk_mapped_flags_key_list_get)
    sdk_mapped_flags_update_by_key           0x00027785   Thumb Code    14  sdk_mapped_flags.o(i.sdk_mapped_flags_update_by_key)
    spi_config                               0x00027e81   Thumb Code    52  main.o(i.spi_config)
    spi_event_handler                        0x00027ebd   Thumb Code     8  main.o(i.spi_event_handler)
    m_ram_start                              0x000286f0   Data           4  nrf_sdh_ble.o(.constdata)
    int_mask_lookup_table                    0x00028720   Data          13  bmi160.o(.constdata)
    Region$$Table$$Base                      0x00028730   Number         0  anon$$obj.o(Region$$Table)
    Region$$Table$$Limit                     0x00028750   Number         0  anon$$obj.o(Region$$Table)
    sdh_ble_observers0$$Base                 0x00028750   Number         0  ble_conn_state.o(sdh_ble_observers0)
    sdh_ble_observers0$$Limit                0x00028758   Number         0  ble_conn_state.o(sdh_ble_observers0)
    sdh_ble_observers1$$Base                 0x00028758   Number         0  main.o(sdh_ble_observers1)
    sdh_ble_observers1$$Limit                0x00028768   Number         0  bsp_btn_ble.o(sdh_ble_observers1)
    sdh_ble_observers2$$Base                 0x00028768   Number         0  main.o(sdh_ble_observers2)
    m_req_obs                                0x00028788   Data           8  nrf_fstorage_sd.o(sdh_req_observers0)
    sdh_ble_observers2$$Limit                0x00028788   Number         0  ble_conn_params.o(sdh_ble_observers2)
    sdh_req_observers0$$Base                 0x00028788   Number         0  nrf_fstorage_sd.o(sdh_req_observers0)
    sdh_req_observers0$$Limit                0x00028790   Number         0  nrf_fstorage_sd.o(sdh_req_observers0)
    sdh_soc_observers0$$Base                 0x00028790   Number         0  nrf_drv_clock.o(sdh_soc_observers0)
    sdh_soc_observers0$$Limit                0x000287a0   Number         0  nrf_fstorage_sd.o(sdh_soc_observers0)
    sdh_soc_observers1$$Base                 0x000287a0   Number         0  main.o(sdh_soc_observers1)
    sdh_soc_observers1$$Limit                0x000287a8   Number         0  main.o(sdh_soc_observers1)
    sdh_stack_observers0$$Base               0x000287a8   Number         0  nrf_sdh_ble.o(sdh_stack_observers0)
    sdh_stack_observers0$$Limit              0x000287b8   Number         0  nrf_sdh_soc.o(sdh_stack_observers0)
    sdh_state_observers0$$Base               0x000287b8   Number         0  nrf_drv_clock.o(sdh_state_observers0)
    sdh_state_observers0$$Limit              0x000287c8   Number         0  nrf_fstorage_sd.o(sdh_state_observers0)
    Image$$RW_IRAM1$$Base                    0x20002a68   Number         0  anon$$obj.o ABSOLUTE
    step_count                               0x20002a6a   Data           2  main.o(.data)
    SystemCoreClock                          0x20002ad8   Data           4  system_nrf52.o(.data)
    __microlib_freelist                      0x20002adc   Data           4  mvars.o(.data)
    __microlib_freelist_initialised          0x20002ae0   Data           4  mvars.o(.data)
    sensor                                   0x20002ce0   Data          40  main.o(.bss)
    nrf_nvic_state                           0x200030dc   Data          12  app_util_platform.o(.bss)
    __heap_base                              0x20003160   Data           0  arm_startup_nrf52.o(HEAP)
    __heap_limit                             0x20005160   Data           0  arm_startup_nrf52.o(HEAP)
    __initial_sp                             0x20007160   Data           0  arm_startup_nrf52.o(STACK)



==============================================================================

Memory Map of the image

  Image Entry point : 0x00023201

  Load Region LR_IROM1 (Base: 0x00023000, Size: 0x00005844, Max: 0x0005d000, ABSOLUTE)

    Execution Region ER_IROM1 (Exec base: 0x00023000, Load base: 0x00023000, Size: 0x000057c8, Max: 0x0005d000, ABSOLUTE)

    Exec Addr    Load Addr    Size         Type   Attr      Idx    E Section Name        Object

    0x00023000   0x00023000   0x00000200   Data   RO         4435    RESET               arm_startup_nrf52.o
    0x00023200   0x00023200   0x00000000   Code   RO         4476  * .ARM.Collect$$$$00000000  mc_w.l(entry.o)
    0x00023200   0x00023200   0x00000004   Code   RO         4780    .ARM.Collect$$$$00000001  mc_w.l(entry2.o)
    0x00023204   0x00023204   0x00000004   Code   RO         4783    .ARM.Collect$$$$00000004  mc_w.l(entry5.o)
    0x00023208   0x00023208   0x00000000   Code   RO         4785    .ARM.Collect$$$$00000008  mc_w.l(entry7b.o)
    0x00023208   0x00023208   0x00000000   Code   RO         4787    .ARM.Collect$$$$0000000A  mc_w.l(entry8b.o)
    0x00023208   0x00023208   0x00000008   Code   RO         4788    .ARM.Collect$$$$0000000B  mc_w.l(entry9a.o)
    0x00023210   0x00023210   0x00000000   Code   RO         4790    .ARM.Collect$$$$0000000D  mc_w.l(entry10a.o)
    0x00023210   0x00023210   0x00000000   Code   RO         4792    .ARM.Collect$$$$0000000F  mc_w.l(entry11a.o)
    0x00023210   0x00023210   0x00000004   Code   RO         4781    .ARM.Collect$$$$00002712  mc_w.l(entry2.o)
    0x00023214   0x00023214   0x00000024   Code   RO         4436    .text               arm_startup_nrf52.o
    0x00023238   0x00023238   0x00000062   Code   RO         4479    .text               mc_w.l(uldiv.o)
    0x0002329a   0x0002329a   0x00000024   Code   RO         4481    .text               mc_w.l(memcpya.o)
    0x000232be   0x000232be   0x00000024   Code   RO         4483    .text               mc_w.l(memseta.o)
    0x000232e2   0x000232e2   0x0000002c   Code   RO         4794    .text               mc_w.l(uidiv.o)
    0x0002330e   0x0002330e   0x0000001e   Code   RO         4796    .text               mc_w.l(llshl.o)
    0x0002332c   0x0002332c   0x00000020   Code   RO         4798    .text               mc_w.l(llushr.o)
    0x0002334c   0x0002334c   0x00000024   Code   RO         4813    .text               mc_w.l(init.o)
    0x00023370   0x00023370   0x00000174   Code   RO         1537    i.GPIOTE_IRQHandler  nrf_drv_gpiote.o
    0x000234e4   0x000234e4   0x00000016   Code   RO         2386    i.NVIC_ClearPendingIRQ  app_timer.o
    0x000234fa   0x000234fa   0x00000016   Code   RO         2387    i.NVIC_EnableIRQ    app_timer.o
    0x00023510   0x00023510   0x00000016   Code   RO         2388    i.NVIC_SetPendingIRQ  app_timer.o
    0x00023526   0x00023526   0x00000020   Code   RO         2389    i.NVIC_SetPriority  app_timer.o
    0x00023546   0x00023546   0x00000002   PAD
    0x00023548   0x00023548   0x00000058   Code   RO         1331    i.POWER_CLOCK_IRQHandler  nrf_drv_clock.o
    0x000235a0   0x000235a0   0x00000024   Code   RO         2390    i.RTC1_IRQHandler   app_timer.o
    0x000235c4   0x000235c4   0x0000004c   Code   RO         2015    i.SPIM0_SPIS0_TWIM0_TWIS0_SPI0_TWI0_IRQHandler  nrf_drv_spi.o
    0x00023610   0x00023610   0x00000004   Code   RO         2391    i.SWI0_EGU0_IRQHandler  app_timer.o
    0x00023614   0x00023614   0x00000004   Code   RO         3754    i.SWI2_EGU2_IRQHandler  nrf_sdh.o
    0x00023618   0x00023618   0x000002fc   Code   RO         4444    i.SystemInit        system_nrf52.o
    0x00023914   0x00023914   0x0000001c   Code   RO         1784    i.UARTE0_UART0_IRQHandler  nrf_drv_uart.o
    0x00023930   0x00023930   0x00000028   Code   RO         4538    i.__0sprintf$1      mc_w.l(printf1.o)
    0x00023958   0x00023958   0x0000000e   Code   RO         4821    i.__scatterload_copy  mc_w.l(handlers.o)
    0x00023966   0x00023966   0x00000002   Code   RO         4822    i.__scatterload_null  mc_w.l(handlers.o)
    0x00023968   0x00023968   0x0000000e   Code   RO         4823    i.__scatterload_zeroinit  mc_w.l(handlers.o)
    0x00023976   0x00023976   0x00000002   PAD
    0x00023978   0x00023978   0x00000024   Code   RO         3755    i.__sd_nvic_app_accessible_irq  nrf_sdh.o
    0x0002399c   0x0002399c   0x00000154   Code   RO         4543    i._printf_core      mc_w.l(printf1.o)
    0x00023af0   0x00023af0   0x0000000a   Code   RO         4545    i._sputc            mc_w.l(printf1.o)
    0x00023afa   0x00023afa   0x00000036   Code   RO          661    i.advertising_buttons_configure  bsp_btn_ble.o
    0x00023b30   0x00023b30   0x00000006   Code   RO          541    i.alert_timer_handler  bsp.o
    0x00023b36   0x00023b36   0x00000002   PAD
    0x00023b38   0x00023b38   0x00000024   Code   RO         2130    i.app_button_enable  app_button.o
    0x00023b5c   0x00023b5c   0x00000070   Code   RO         2131    i.app_button_init   app_button.o
    0x00023bcc   0x00023bcc   0x00000030   Code   RO         2225    i.app_error_fault_handler  app_error_weak.o
    0x00023bfc   0x00023bfc   0x00000016   Code   RO         2186    i.app_error_handler_bare  app_error.o
    0x00023c12   0x00023c12   0x00000016   Code   RO         2263    i.app_fifo_get      app_fifo.o
    0x00023c28   0x00023c28   0x0000001a   Code   RO         2266    i.app_fifo_put      app_fifo.o
    0x00023c42   0x00023c42   0x00000002   PAD
    0x00023c44   0x00023c44   0x00000024   Code   RO         2394    i.app_timer_create  app_timer.o
    0x00023c68   0x00023c68   0x00000054   Code   RO         2395    i.app_timer_init    app_timer.o
    0x00023cbc   0x00023cbc   0x00000088   Code   RO         2398    i.app_timer_start   app_timer.o
    0x00023d44   0x00023d44   0x00000020   Code   RO         2399    i.app_timer_stop    app_timer.o
    0x00023d64   0x00023d64   0x0000003c   Code   RO         2559    i.app_uart_put      app_uart_fifo.o
    0x00023da0   0x00023da0   0x00000048   Code   RO         2621    i.app_util_critical_region_enter  app_util_platform.o
    0x00023de8   0x00023de8   0x00000034   Code   RO         2622    i.app_util_critical_region_exit  app_util_platform.o
    0x00023e1c   0x00023e1c   0x00000182   Code   RO          746    i.ble_advdata_encode  ble_advdata.o
    0x00023f9e   0x00023f9e   0x00000068   Code   RO          747    i.ble_advdata_set   ble_advdata.o
    0x00024006   0x00024006   0x00000006   Code   RO          826    i.ble_advertising_conn_cfg_tag_set  ble_advertising.o
    0x0002400c   0x0002400c   0x00000136   Code   RO          827    i.ble_advertising_init  ble_advertising.o
    0x00024142   0x00024142   0x00000068   Code   RO          829    i.ble_advertising_on_ble_evt  ble_advertising.o
    0x000241aa   0x000241aa   0x00000032   Code   RO          830    i.ble_advertising_on_sys_evt  ble_advertising.o
    0x000241dc   0x000241dc   0x0000003c   Code   RO          832    i.ble_advertising_restart_without_whitelist  ble_advertising.o
    0x00024218   0x00024218   0x000001ca   Code   RO          833    i.ble_advertising_start  ble_advertising.o
    0x000243e2   0x000243e2   0x00000002   PAD
    0x000243e4   0x000243e4   0x00000068   Code   RO          905    i.ble_conn_params_init  ble_conn_params.o
    0x0002444c   0x0002444c   0x00000060   Code   RO          748    i.ble_device_addr_encode  ble_advdata.o
    0x000244ac   0x000244ac   0x00000104   Code   RO            5    i.ble_evt_handler   main.o
    0x000245b0   0x000245b0   0x00000070   Code   RO          662    i.ble_evt_handler   bsp_btn_ble.o
    0x00024620   0x00024620   0x000000fc   Code   RO          907    i.ble_evt_handler   ble_conn_params.o
    0x0002471c   0x0002471c   0x0000010c   Code   RO         1001    i.ble_evt_handler   ble_conn_state.o
    0x00024828   0x00024828   0x00000064   Code   RO         1281    i.ble_nus_init      ble_nus.o
    0x0002488c   0x0002488c   0x0000008c   Code   RO         1282    i.ble_nus_on_ble_evt  ble_nus.o
    0x00024918   0x00024918   0x00000048   Code   RO         1283    i.ble_nus_string_send  ble_nus.o
    0x00024960   0x00024960   0x00000008   Code   RO         1137    i.ble_srv_is_notification_enabled  ble_srv_common.o
    0x00024968   0x00024968   0x0000003a   Code   RO         3967    i.bmi160_get_regs   bmi160.o
    0x000249a2   0x000249a2   0x0000004c   Code   RO         3969    i.bmi160_init       bmi160.o
    0x000249ee   0x000249ee   0x00000002   PAD
    0x000249f0   0x000249f0   0x0000002c   Code   RO            6    i.bmi160_sensor_init  main.o
    0x00024a1c   0x00024a1c   0x0000005c   Code   RO            7    i.bmi160_sensor_mode_config  main.o
    0x00024a78   0x00024a78   0x00000160   Code   RO         3978    i.bmi160_set_int_config  bmi160.o
    0x00024bd8   0x00024bd8   0x000000ae   Code   RO         3980    i.bmi160_set_power_mode  bmi160.o
    0x00024c86   0x00024c86   0x0000007e   Code   RO         3981    i.bmi160_set_regs   bmi160.o
    0x00024d04   0x00024d04   0x000000e6   Code   RO         3982    i.bmi160_set_sens_conf  bmi160.o
    0x00024dea   0x00024dea   0x00000002   PAD
    0x00024dec   0x00024dec   0x00000050   Code   RO         3983    i.bmi160_set_step_counter  bmi160.o
    0x00024e3c   0x00024e3c   0x0000006e   Code   RO         3984    i.bmi160_soft_reset  bmi160.o
    0x00024eaa   0x00024eaa   0x00000002   PAD
    0x00024eac   0x00024eac   0x00000058   Code   RO            8    i.bmi160_spi_bus_read  main.o
    0x00024f04   0x00024f04   0x00000064   Code   RO            9    i.bmi160_spi_bus_write  main.o
    0x00024f68   0x00024f68   0x0000000c   Code   RO          425    i.bsp_board_button_idx_to_pin  boards.o
    0x00024f74   0x00024f74   0x00000020   Code   RO          426    i.bsp_board_button_state_get  boards.o
    0x00024f94   0x00024f94   0x00000024   Code   RO          429    i.bsp_board_led_invert  boards.o
    0x00024fb8   0x00024fb8   0x00000010   Code   RO          430    i.bsp_board_led_off  boards.o
    0x00024fc8   0x00024fc8   0x00000010   Code   RO          431    i.bsp_board_led_on  boards.o
    0x00024fd8   0x00024fd8   0x00000020   Code   RO          432    i.bsp_board_led_state_get  boards.o
    0x00024ff8   0x00024ff8   0x0000002c   Code   RO          433    i.bsp_board_leds_init  boards.o
    0x00025024   0x00025024   0x00000012   Code   RO          434    i.bsp_board_leds_off  boards.o
    0x00025036   0x00025036   0x00000012   Code   RO          435    i.bsp_board_leds_on  boards.o
    0x00025048   0x00025048   0x00000024   Code   RO          436    i.bsp_board_pin_to_button_idx  boards.o
    0x0002506c   0x0002506c   0x00000038   Code   RO          663    i.bsp_btn_ble_init  bsp_btn_ble.o
    0x000250a4   0x000250a4   0x0000001e   Code   RO          664    i.bsp_btn_ble_sleep_mode_prepare  bsp_btn_ble.o
    0x000250c2   0x000250c2   0x00000002   PAD
    0x000250c4   0x000250c4   0x00000090   Code   RO          542    i.bsp_button_event_handler  bsp.o
    0x00025154   0x00025154   0x00000004   Code   RO          543    i.bsp_button_is_pressed  bsp.o
    0x00025158   0x00025158   0x00000054   Code   RO           10    i.bsp_event_handler  main.o
    0x000251ac   0x000251ac   0x00000044   Code   RO          546    i.bsp_event_to_button_action_assign  bsp.o
    0x000251f0   0x000251f0   0x00000018   Code   RO          547    i.bsp_indication_set  bsp.o
    0x00025208   0x00025208   0x00000094   Code   RO          548    i.bsp_init          bsp.o
    0x0002529c   0x0002529c   0x000001b8   Code   RO          549    i.bsp_led_indication  bsp.o
    0x00025454   0x00025454   0x00000010   Code   RO          551    i.bsp_wakeup_button_enable  bsp.o
    0x00025464   0x00025464   0x00000008   Code   RO          552    i.button_timer_handler  bsp.o
    0x0002546c   0x0002546c   0x0000001c   Code   RO         1538    i.channel_free      nrf_drv_gpiote.o
    0x00025488   0x00025488   0x00000048   Code   RO         1539    i.channel_port_alloc  nrf_drv_gpiote.o
    0x000254d0   0x000254d0   0x00000010   Code   RO         1540    i.channel_port_get  nrf_drv_gpiote.o
    0x000254e0   0x000254e0   0x0000006c   Code   RO         3987    i.check_accel_config  bmi160.o
    0x0002554c   0x0002554c   0x0000006e   Code   RO         3989    i.check_gyro_config  bmi160.o
    0x000255ba   0x000255ba   0x00000002   PAD
    0x000255bc   0x000255bc   0x00000028   Code   RO         1332    i.clock_clk_started_notify  nrf_drv_clock.o
    0x000255e4   0x000255e4   0x000000ac   Code   RO         2401    i.compare_reg_update  app_timer.o
    0x00025690   0x00025690   0x000000c8   Code   RO         3990    i.config_any_motion_int_settg  bmi160.o
    0x00025758   0x00025758   0x0000006a   Code   RO         3991    i.config_int_latch  bmi160.o
    0x000257c2   0x000257c2   0x00000002   PAD
    0x000257c4   0x000257c4   0x0000009c   Code   RO         3992    i.config_int_out_ctrl  bmi160.o
    0x00025860   0x00025860   0x00000080   Code   RO         3993    i.config_no_motion_dur_thr  bmi160.o
    0x000258e0   0x000258e0   0x0000007c   Code   RO         3994    i.config_orient_int_settg  bmi160.o
    0x0002595c   0x0002595c   0x00000074   Code   RO         3995    i.config_sig_dur_threshold  bmi160.o
    0x000259d0   0x000259d0   0x0000009a   Code   RO         3996    i.config_step_detect  bmi160.o
    0x00025a6a   0x00025a6a   0x00000076   Code   RO         3997    i.config_tap_param  bmi160.o
    0x00025ae0   0x00025ae0   0x00000088   Code   RO          749    i.conn_int_encode   ble_advdata.o
    0x00025b68   0x00025b68   0x00000004   Code   RO           11    i.conn_params_error_handler  main.o
    0x00025b6c   0x00025b6c   0x00000048   Code   RO          908    i.conn_params_negotiation  ble_conn_params.o
    0x00025bb4   0x00025bb4   0x00000060   Code   RO         2133    i.detection_delay_timeout_handler  app_button.o
    0x00025c14   0x00025c14   0x00000040   Code   RO         2402    i.elapsed_ticks_acquire  app_timer.o
    0x00025c54   0x00025c54   0x00000076   Code   RO         3998    i.enable_accel_any_motion_int  bmi160.o
    0x00025cca   0x00025cca   0x0000004e   Code   RO         2984    i.event_send        nrf_fstorage_sd.o
    0x00025d18   0x00025d18   0x00000014   Code   RO         2269    i.fifo_get          app_fifo.o
    0x00025d2c   0x00025d2c   0x00000012   Code   RO         2270    i.fifo_put          app_fifo.o
    0x00025d3e   0x00025d3e   0x00000002   PAD
    0x00025d40   0x00025d40   0x00000050   Code   RO         4752    i.free              mc_w.l(malloc.o)
    0x00025d90   0x00025d90   0x00000020   Code   RO           12    i.gatt_evt_handler  main.o
    0x00025db0   0x00025db0   0x00000030   Code   RO           13    i.gatt_init         main.o
    0x00025de0   0x00025de0   0x00000040   Code   RO           14    i.gpio_init         main.o
    0x00025e20   0x00025e20   0x00000058   Code   RO         2134    i.gpiote_event_handler  app_button.o
    0x00025e78   0x00025e78   0x00000014   Code   RO          909    i.instance_get      ble_conn_params.o
    0x00025e8c   0x00025e8c   0x00000048   Code   RO           15    i.int_pin_handler   main.o
    0x00025ed4   0x00025ed4   0x00000044   Code   RO          910    i.is_conn_params_ok  ble_conn_params.o
    0x00025f18   0x00025f18   0x00000030   Code   RO          553    i.leds_off          bsp.o
    0x00025f48   0x00025f48   0x00000014   Code   RO          554    i.leds_timer_handler  bsp.o
    0x00025f5c   0x00025f5c   0x00000028   Code   RO         1335    i.lfclk_stop        nrf_drv_clock.o
    0x00025f84   0x00025f84   0x00000018   Code   RO         1194    i.link_init         nrf_ble_gatt.o
    0x00025f9c   0x00025f9c   0x000000f8   Code   RO         2403    i.list_insertions_handler  app_timer.o
    0x00026094   0x00026094   0x00000194   Code   RO           16    i.main              main.o
    0x00026228   0x00026228   0x0000006c   Code   RO         4753    i.malloc            mc_w.l(malloc.o)
    0x00026294   0x00026294   0x00000064   Code   RO          750    i.manuf_specific_data_encode  ble_advdata.o
    0x000262f8   0x000262f8   0x0000007c   Code   RO         4009    i.map_feature_interrupt  bmi160.o
    0x00026374   0x00026374   0x00000078   Code   RO         4010    i.map_hardware_interrupt  bmi160.o
    0x000263ec   0x000263ec   0x00000018   Code   RO           17    i.n_of_digits       main.o
    0x00026404   0x00026404   0x0000009c   Code   RO          751    i.name_encode       ble_advdata.o
    0x000264a0   0x000264a0   0x00000010   Code   RO         1541    i.nrf_bitmask_bit_is_set  nrf_drv_gpiote.o
    0x000264b0   0x000264b0   0x00000018   Code   RO         1196    i.nrf_ble_gatt_att_mtu_periph_set  nrf_ble_gatt.o
    0x000264c8   0x000264c8   0x00000022   Code   RO         1200    i.nrf_ble_gatt_init  nrf_ble_gatt.o
    0x000264ea   0x000264ea   0x00000002   PAD
    0x000264ec   0x000264ec   0x00000150   Code   RO         1201    i.nrf_ble_gatt_on_ble_evt  nrf_ble_gatt.o
    0x0002663c   0x0002663c   0x0000000e   Code   RO         1336    i.nrf_clock_event_check  nrf_drv_clock.o
    0x0002664a   0x0002664a   0x00000010   Code   RO         1337    i.nrf_clock_event_clear  nrf_drv_clock.o
    0x0002665a   0x0002665a   0x0000000a   Code   RO           18    i.nrf_delay_ms      main.o
    0x00026664   0x00026664   0x0000008c   Code   RO           19    i.nrf_delay_us      main.o
    0x000266f0   0x000266f0   0x0000008c   Code   RO         2404    i.nrf_delay_us      app_timer.o
    0x0002677c   0x0002677c   0x00000048   Code   RO         1344    i.nrf_drv_clock_init  nrf_drv_clock.o
    0x000267c4   0x000267c4   0x0000002c   Code   RO         1348    i.nrf_drv_clock_lfclk_release  nrf_drv_clock.o
    0x000267f0   0x000267f0   0x00000038   Code   RO         1501    i.nrf_drv_common_irq_enable  nrf_drv_common.o
    0x00026828   0x00026828   0x000000a4   Code   RO         1546    i.nrf_drv_gpiote_in_event_enable  nrf_drv_gpiote.o
    0x000268cc   0x000268cc   0x000000b8   Code   RO         1547    i.nrf_drv_gpiote_in_init  nrf_drv_gpiote.o
    0x00026984   0x00026984   0x00000014   Code   RO         1548    i.nrf_drv_gpiote_in_is_set  nrf_drv_gpiote.o
    0x00026998   0x00026998   0x0000005c   Code   RO         1550    i.nrf_drv_gpiote_init  nrf_drv_gpiote.o
    0x000269f4   0x000269f4   0x00000014   Code   RO         1551    i.nrf_drv_gpiote_is_init  nrf_drv_gpiote.o
    0x00026a08   0x00026a08   0x00000010   Code   RO         1789    i.nrf_drv_is_in_RAM  nrf_drv_uart.o
    0x00026a18   0x00026a18   0x00000010   Code   RO         2016    i.nrf_drv_is_in_RAM  nrf_drv_spi.o
    0x00026a28   0x00026a28   0x00000128   Code   RO         2019    i.nrf_drv_spi_init  nrf_drv_spi.o
    0x00026b50   0x00026b50   0x0000001c   Code   RO         2021    i.nrf_drv_spi_transfer  nrf_drv_spi.o
    0x00026b6c   0x00026b6c   0x00000060   Code   RO         2023    i.nrf_drv_spi_xfer  nrf_drv_spi.o
    0x00026bcc   0x00026bcc   0x0000010c   Code   RO         1799    i.nrf_drv_uart_tx   nrf_drv_uart.o
    0x00026cd8   0x00026cd8   0x00000018   Code   RO         1801    i.nrf_drv_uart_tx_in_progress  nrf_drv_uart.o
    0x00026cf0   0x00026cf0   0x00000050   Code   RO         2931    i.nrf_fstorage_is_busy  nrf_fstorage.o
    0x00026d40   0x00026d40   0x00000020   Code   RO         2987    i.nrf_fstorage_sdh_req_handler  nrf_fstorage_sd.o
    0x00026d60   0x00026d60   0x00000020   Code   RO         2988    i.nrf_fstorage_sdh_state_handler  nrf_fstorage_sd.o
    0x00026d80   0x00026d80   0x000000b8   Code   RO         2989    i.nrf_fstorage_sys_evt_handler  nrf_fstorage_sd.o
    0x00026e38   0x00026e38   0x00000024   Code   RO          438    i.nrf_gpio_cfg      boards.o
    0x00026e5c   0x00026e5c   0x00000024   Code   RO         1565    i.nrf_gpio_cfg      nrf_drv_gpiote.o
    0x00026e80   0x00026e80   0x00000024   Code   RO         2024    i.nrf_gpio_cfg      nrf_drv_spi.o
    0x00026ea4   0x00026ea4   0x00000014   Code   RO         2025    i.nrf_gpio_cfg_output  nrf_drv_spi.o
    0x00026eb8   0x00026eb8   0x00000022   Code   RO          555    i.nrf_gpio_cfg_sense_set  bsp.o
    0x00026eda   0x00026eda   0x00000022   Code   RO         1567    i.nrf_gpio_cfg_sense_set  nrf_drv_gpiote.o
    0x00026efc   0x00026efc   0x0000000e   Code   RO         2026    i.nrf_gpio_pin_set  nrf_drv_spi.o
    0x00026f0a   0x00026f0a   0x00000016   Code   RO          439    i.nrf_gpio_pin_write  boards.o
    0x00026f20   0x00026f20   0x00000028   Code   RO         1568    i.nrf_gpio_ports_read  nrf_drv_gpiote.o
    0x00026f48   0x00026f48   0x00000014   Code   RO         1569    i.nrf_gpiote_event_clear  nrf_drv_gpiote.o
    0x00026f5c   0x00026f5c   0x00000010   Code   RO         1570    i.nrf_gpiote_event_is_set  nrf_drv_gpiote.o
    0x00026f6c   0x00026f6c   0x00000014   Code   RO         3878    i.nrf_sdh_ble_app_ram_start_get  nrf_sdh_ble.o
    0x00026f80   0x00026f80   0x000000a0   Code   RO         3879    i.nrf_sdh_ble_default_cfg_set  nrf_sdh_ble.o
    0x00027020   0x00027020   0x00000004   Code   RO         3880    i.nrf_sdh_ble_enable  nrf_sdh_ble.o
    0x00027024   0x00027024   0x00000050   Code   RO         3881    i.nrf_sdh_ble_evts_poll  nrf_sdh_ble.o
    0x00027074   0x00027074   0x00000040   Code   RO         3756    i.nrf_sdh_disable_request  nrf_sdh.o
    0x000270b4   0x000270b4   0x00000058   Code   RO         3757    i.nrf_sdh_enable_request  nrf_sdh.o
    0x0002710c   0x0002710c   0x00000024   Code   RO         3758    i.nrf_sdh_evts_poll  nrf_sdh.o
    0x00027130   0x00027130   0x0000000c   Code   RO         3759    i.nrf_sdh_is_enabled  nrf_sdh.o
    0x0002713c   0x0002713c   0x0000001c   Code   RO         3761    i.nrf_sdh_request_continue  nrf_sdh.o
    0x00027158   0x00027158   0x0000003c   Code   RO         3928    i.nrf_sdh_soc_evts_poll  nrf_sdh_soc.o
    0x00027194   0x00027194   0x0000000a   Code   RO         3249    i.nrf_section_iter_init  nrf_section_iter.o
    0x0002719e   0x0002719e   0x00000024   Code   RO         3250    i.nrf_section_iter_item_set  nrf_section_iter.o
    0x000271c2   0x000271c2   0x00000020   Code   RO         3251    i.nrf_section_iter_next  nrf_section_iter.o
    0x000271e2   0x000271e2   0x0000000a   Code   RO         2027    i.nrf_spim_event_check  nrf_drv_spi.o
    0x000271ec   0x000271ec   0x0000000a   Code   RO         1807    i.nrf_uart_event_check  nrf_drv_uart.o
    0x000271f6   0x000271f6   0x0000000c   Code   RO         1808    i.nrf_uart_event_clear  nrf_drv_uart.o
    0x00027202   0x00027202   0x0000000c   Code   RO         1809    i.nrf_uart_int_enable_check  nrf_drv_uart.o
    0x0002720e   0x0002720e   0x0000000a   Code   RO         1810    i.nrf_uarte_event_check  nrf_drv_uart.o
    0x00027218   0x00027218   0x0000000c   Code   RO         1811    i.nrf_uarte_event_clear  nrf_drv_uart.o
    0x00027224   0x00027224   0x00000018   Code   RO         4012    i.null_ptr_check    bmi160.o
    0x0002723c   0x0002723c   0x00000042   Code   RO           20    i.nus_data_handler  main.o
    0x0002727e   0x0002727e   0x00000024   Code   RO           21    i.on_adv_evt        main.o
    0x000272a2   0x000272a2   0x00000002   PAD
    0x000272a4   0x000272a4   0x0000001c   Code   RO           22    i.on_conn_params_evt  main.o
    0x000272c0   0x000272c0   0x00000062   Code   RO         1202    i.on_connected_evt  nrf_ble_gatt.o
    0x00027322   0x00027322   0x00000002   PAD
    0x00027324   0x00027324   0x00000018   Code   RO         1571    i.pin_in_use_by_port  nrf_drv_gpiote.o
    0x0002733c   0x0002733c   0x00000018   Code   RO         1572    i.pin_in_use_by_te  nrf_drv_gpiote.o
    0x00027354   0x00027354   0x00000060   Code   RO         4014    i.process_under_sampling  bmi160.o
    0x000273b4   0x000273b4   0x00000088   Code   RO         2991    i.queue_process     nrf_fstorage_sd.o
    0x0002743c   0x0002743c   0x0000003c   Code   RO         2405    i.rtc1_stop         app_timer.o
    0x00027478   0x00027478   0x00000032   Code   RO         1813    i.rx_byte           nrf_drv_uart.o
    0x000274aa   0x000274aa   0x000000a2   Code   RO         1284    i.rx_char_add       ble_nus.o
    0x0002754c   0x0002754c   0x00000018   Code   RO         1814    i.rx_done_event     nrf_drv_uart.o
    0x00027564   0x00027564   0x00000040   Code   RO         3764    i.sd_nvic_DisableIRQ  nrf_sdh.o
    0x000275a4   0x000275a4   0x00000070   Code   RO         3765    i.sd_nvic_EnableIRQ  nrf_sdh.o
    0x00027614   0x00027614   0x00000054   Code   RO         1351    i.sd_state_evt_handler  nrf_drv_clock.o
    0x00027668   0x00027668   0x00000030   Code   RO         3766    i.sdh_request_observer_notify  nrf_sdh.o
    0x00027698   0x00027698   0x0000002c   Code   RO         3767    i.sdh_state_observer_notify  nrf_sdh.o
    0x000276c4   0x000276c4   0x00000044   Code   RO         3358    i.sdk_mapped_flags_bulk_update_by_key  sdk_mapped_flags.o
    0x00027708   0x00027708   0x00000022   Code   RO         3359    i.sdk_mapped_flags_first_key_index_get  sdk_mapped_flags.o
    0x0002772a   0x0002772a   0x00000010   Code   RO         3360    i.sdk_mapped_flags_get_by_index  sdk_mapped_flags.o
    0x0002773a   0x0002773a   0x0000004a   Code   RO         3363    i.sdk_mapped_flags_key_list_get  sdk_mapped_flags.o
    0x00027784   0x00027784   0x0000000e   Code   RO         3365    i.sdk_mapped_flags_update_by_key  sdk_mapped_flags.o
    0x00027792   0x00027792   0x00000002   PAD
    0x00027794   0x00027794   0x00000010   Code   RO          911    i.send_error_evt    ble_conn_params.o
    0x000277a4   0x000277a4   0x00000088   Code   RO          752    i.service_data_encode  ble_advdata.o
    0x0002782c   0x0002782c   0x000000bc   Code   RO         4015    i.set_accel_flat_detect_int  bmi160.o
    0x000278e8   0x000278e8   0x000000f8   Code   RO         4016    i.set_accel_high_g_int  bmi160.o
    0x000279e0   0x000279e0   0x000000f6   Code   RO         4017    i.set_accel_low_g_int  bmi160.o
    0x00027ad6   0x00027ad6   0x000000ca   Code   RO         4018    i.set_accel_no_motion_int  bmi160.o
    0x00027ba0   0x00027ba0   0x00000078   Code   RO         4019    i.set_accel_orientation_int  bmi160.o
    0x00027c18   0x00027c18   0x000000c6   Code   RO         4020    i.set_accel_sig_motion_int  bmi160.o
    0x00027cde   0x00027cde   0x00000078   Code   RO         4021    i.set_accel_step_detect_int  bmi160.o
    0x00027d56   0x00027d56   0x00000002   PAD
    0x00027d58   0x00027d58   0x000000d8   Code   RO         4022    i.set_accel_tap_int  bmi160.o
    0x00027e30   0x00027e30   0x0000001c   Code   RO         4023    i.set_intr_pin_config  bmi160.o
    0x00027e4c   0x00027e4c   0x00000028   Code   RO           23    i.sleep_mode_enter  main.o
    0x00027e74   0x00027e74   0x0000000a   Code   RO         1352    i.soc_evt_handler   nrf_drv_clock.o
    0x00027e7e   0x00027e7e   0x00000002   PAD
    0x00027e80   0x00027e80   0x0000003c   Code   RO           24    i.spi_config        main.o
    0x00027ebc   0x00027ebc   0x0000000c   Code   RO           25    i.spi_event_handler  main.o
    0x00027ec8   0x00027ec8   0x000000b2   Code   RO         2028    i.spim_xfer         nrf_drv_spi.o
    0x00027f7a   0x00027f7a   0x00000002   PAD
    0x00027f7c   0x00027f7c   0x00000080   Code   RO         2406    i.timer_list_handler  app_timer.o
    0x00027ffc   0x00027ffc   0x0000003c   Code   RO         2407    i.timer_list_insert  app_timer.o
    0x00028038   0x00028038   0x00000060   Code   RO         2408    i.timer_list_remove  app_timer.o
    0x00028098   0x00028098   0x00000048   Code   RO         2409    i.timer_stop_op_schedule  app_timer.o
    0x000280e0   0x000280e0   0x00000074   Code   RO         2410    i.timer_timeouts_check  app_timer.o
    0x00028154   0x00028154   0x00000020   Code   RO         1816    i.tx_byte           nrf_drv_uart.o
    0x00028174   0x00028174   0x000000da   Code   RO         1285    i.tx_char_add       ble_nus.o
    0x0002824e   0x0002824e   0x0000001c   Code   RO         1817    i.tx_done_event     nrf_drv_uart.o
    0x0002826a   0x0002826a   0x0000011e   Code   RO         1818    i.uart_irq_handler  nrf_drv_uart.o
    0x00028388   0x00028388   0x000000f0   Code   RO         1819    i.uarte_irq_handler  nrf_drv_uart.o
    0x00028478   0x00028478   0x0000000a   Code   RO          753    i.uint16_encode     ble_advdata.o
    0x00028482   0x00028482   0x00000002   PAD
    0x00028484   0x00028484   0x00000068   Code   RO          912    i.update_timeout_handler  ble_conn_params.o
    0x000284ec   0x000284ec   0x00000030   Code   RO         2411    i.user_op_alloc     app_timer.o
    0x0002851c   0x0002851c   0x00000030   Code   RO          754    i.uuid_list_encode  ble_advdata.o
    0x0002854c   0x0002854c   0x0000009e   Code   RO          755    i.uuid_list_sized_encode  ble_advdata.o
    0x000285ea   0x000285ea   0x00000002   PAD
    0x000285ec   0x000285ec   0x0000001c   Data   RO           28    .constdata          main.o
    0x00028608   0x00028608   0x00000008   Data   RO          440    .constdata          boards.o
    0x00028610   0x00028610   0x0000002c   Data   RO          560    .constdata          bsp.o
    0x0002863c   0x0002863c   0x00000016   Data   RO         1203    .constdata          nrf_ble_gatt.o
    0x00028652   0x00028652   0x00000002   PAD
    0x00028654   0x00028654   0x00000020   Data   RO         1286    .constdata          ble_nus.o
    0x00028674   0x00028674   0x00000004   Data   RO         1574    .constdata          nrf_drv_gpiote.o
    0x00028678   0x00028678   0x00000008   Data   RO         2136    .constdata          app_button.o
    0x00028680   0x00028680   0x00000010   Data   RO         3768    .constdata          nrf_sdh.o
    0x00028690   0x00028690   0x00000028   Data   RO         3769    .constdata          nrf_sdh.o
    0x000286b8   0x000286b8   0x00000010   Data   RO         3770    .constdata          nrf_sdh.o
    0x000286c8   0x000286c8   0x00000010   Data   RO         3771    .constdata          nrf_sdh.o
    0x000286d8   0x000286d8   0x00000018   Data   RO         3882    .constdata          nrf_sdh_ble.o
    0x000286f0   0x000286f0   0x00000014   Data   RO         3883    .constdata          nrf_sdh_ble.o
    0x00028704   0x00028704   0x00000010   Data   RO         3929    .constdata          nrf_sdh_soc.o
    0x00028714   0x00028714   0x0000000c   Data   RO         3930    .constdata          nrf_sdh_soc.o
    0x00028720   0x00028720   0x0000000d   Data   RO         4033    .constdata          bmi160.o
    0x0002872d   0x0002872d   0x00000003   PAD
    0x00028730   0x00028730   0x00000020   Data   RO         4819    Region$$Table       anon$$obj.o
    0x00028750   0x00028750   0x00000008   Data   RO         1004    sdh_ble_observers0  ble_conn_state.o
    0x00028758   0x00028758   0x00000008   Data   RO           30    sdh_ble_observers1  main.o
    0x00028760   0x00028760   0x00000008   Data   RO          666    sdh_ble_observers1  bsp_btn_ble.o
    0x00028768   0x00028768   0x00000018   Data   RO           31    sdh_ble_observers2  main.o
    0x00028780   0x00028780   0x00000008   Data   RO          915    sdh_ble_observers2  ble_conn_params.o
    0x00028788   0x00028788   0x00000008   Data   RO         3000    sdh_req_observers0  nrf_fstorage_sd.o
    0x00028790   0x00028790   0x00000008   Data   RO         1358    sdh_soc_observers0  nrf_drv_clock.o
    0x00028798   0x00028798   0x00000008   Data   RO         3001    sdh_soc_observers0  nrf_fstorage_sd.o
    0x000287a0   0x000287a0   0x00000008   Data   RO           32    sdh_soc_observers1  main.o
    0x000287a8   0x000287a8   0x00000008   Data   RO         3884    sdh_stack_observers0  nrf_sdh_ble.o
    0x000287b0   0x000287b0   0x00000008   Data   RO         3931    sdh_stack_observers0  nrf_sdh_soc.o
    0x000287b8   0x000287b8   0x00000008   Data   RO         1359    sdh_state_observers0  nrf_drv_clock.o
    0x000287c0   0x000287c0   0x00000008   Data   RO         3002    sdh_state_observers0  nrf_fstorage_sd.o


    Execution Region RW_IRAM1 (Exec base: 0x20002a68, Load base: 0x000287c8, Size: 0x000046f8, Max: 0x0000d598, ABSOLUTE)

    Exec Addr    Load Addr    Size         Type   Attr      Idx    E Section Name        Object

    0x20002a68   0x000287c8   0x0000000c   Data   RW           29    .data               main.o
    0x20002a74   0x000287d4   0x00000010   Data   RW          561    .data               bsp.o
    0x20002a84   0x000287e4   0x00000008   Data   RW          665    .data               bsp_btn_ble.o
    0x20002a8c   0x000287ec   0x00000008   Data   RW          914    .data               ble_conn_params.o
    0x20002a94   0x000287f4   0x00000014   Data   RW         2137    .data               app_button.o
    0x20002aa8   0x00028808   0x00000014   Data   RW         2413    .data               app_timer.o
    0x20002abc   0x0002881c   0x00000010   Data   RW         2563    .data               app_uart_fifo.o
    0x20002acc   0x0002882c   0x00000008   Data   RW         2999    .data               nrf_fstorage_sd.o
    0x20002ad4   0x00028834   0x00000003   Data   RW         3772    .data               nrf_sdh.o
    0x20002ad7   0x00028837   0x00000001   PAD
    0x20002ad8   0x00028838   0x00000004   Data   RW         4445    .data               system_nrf52.o
    0x20002adc   0x0002883c   0x00000004   Data   RW         4800    .data               mc_w.l(mvars.o)
    0x20002ae0   0x00028840   0x00000004   Data   RW         4801    .data               mc_w.l(mvars.o)
    0x20002ae4        -       0x00000288   Zero   RW           27    .bss                main.o
    0x20002d6c        -       0x00000020   Zero   RW          556    .bss                bsp.o
    0x20002d8c        -       0x00000020   Zero   RW          557    .bss                bsp.o
    0x20002dac        -       0x0000000c   Zero   RW          558    .bss                bsp.o
    0x20002db8        -       0x00000020   Zero   RW          559    .bss                bsp.o
    0x20002dd8        -       0x00000050   Zero   RW          913    .bss                ble_conn_params.o
    0x20002e28        -       0x000000b8   Zero   RW         1003    .bss                ble_conn_state.o
    0x20002ee0        -       0x00000014   Zero   RW         1353    .bss                nrf_drv_clock.o
    0x20002ef4        -       0x00000058   Zero   RW         1573    .bss                nrf_drv_gpiote.o
    0x20002f4c        -       0x00000020   Zero   RW         1820    .bss                nrf_drv_uart.o
    0x20002f6c        -       0x00000024   Zero   RW         2029    .bss                nrf_drv_spi.o
    0x20002f90        -       0x00000020   Zero   RW         2135    .bss                app_button.o
    0x20002fb0        -       0x0000010c   Zero   RW         2412    .bss                app_timer.o
    0x200030bc        -       0x00000020   Zero   RW         2561    .bss                app_uart_fifo.o
    0x200030dc        -       0x0000000c   Zero   RW         2627    .bss                app_util_platform.o
    0x200030e8        -       0x00000078   Zero   RW         2996    .bss                nrf_fstorage_sd.o
    0x20003160        -       0x00002000   Zero   RW         4434    HEAP                arm_startup_nrf52.o
    0x20005160        -       0x00002000   Zero   RW         4433    STACK               arm_startup_nrf52.o


==============================================================================

Image component sizes


      Code (inc. data)   RO Data    RW Data    ZI Data      Debug   Object Name

       332         34          8         20         32       4754   app_button.o
        22          0          0          0          0       2277   app_error.o
        48         10          0          0          0      27389   app_error_weak.o
        86          0          0          0          0       4282   app_fifo.o
      1630        122          0         20        268      48039   app_timer.o
        60          8          0         16         32       7971   app_uart_fifo.o
       124         14          0          0         12       9542   app_util_platform.o
        36          8        512          0      16384        944   arm_startup_nrf52.o
      1330          0          0          0          0      36599   ble_advdata.o
       988          6          0          0          0      10488   ble_advertising.o
       636         44          8          8         80      11911   ble_conn_params.o
       268          6          8          0        184       3451   ble_conn_state.o
       692         10         32          0          0       7758   ble_nus.o
         8          0          0          0          0       1486   ble_srv_common.o
      4574         24         13          0          0      64367   bmi160.o
       318         42          8          0          0      13616   boards.o
       960         84         44         16        108      15691   bsp.o
       252         10          8          8          0       4896   bsp_btn_ble.o
      1708        162         68         12        648     183969   main.o
       516          4         22          0          0      31920   nrf_ble_gatt.o
       408         40         16          0         20      41135   nrf_drv_clock.o
        56          0          0          0          0      27571   nrf_drv_common.o
      1178         84          4          0         88      30696   nrf_drv_gpiote.o
       770         20          0          0         36      21580   nrf_drv_spi.o
      1052         20          0          0         32      27498   nrf_drv_uart.o
        80         10          0          0          0       1886   nrf_fstorage.o
       462         26         24          8        120       6935   nrf_fstorage_sd.o
       536         60         88          3          0      44308   nrf_sdh.o
       264         14         52          0          0       5468   nrf_sdh_ble.o
        60          4         36          0          0       2300   nrf_sdh_soc.o
        78          0          0          0          0       2836   nrf_section_iter.o
       206          0          0          0          0       5494   sdk_mapped_flags.o
       764         64          0          4          0       3003   system_nrf52.o

    ----------------------------------------------------------------------
     20542        930        988        116      18044     712060   Object Totals
         0          0         32          0          0          0   (incl. Generated)
        40          0          5          1          0          0   (incl. Padding)

    ----------------------------------------------------------------------

      Code (inc. data)   RO Data    RW Data    ZI Data      Debug   Library Member Name

         0          0          0          0          0          0   entry.o
         0          0          0          0          0          0   entry10a.o
         0          0          0          0          0          0   entry11a.o
         8          4          0          0          0          0   entry2.o
         4          0          0          0          0          0   entry5.o
         0          0          0          0          0          0   entry7b.o
         0          0          0          0          0          0   entry8b.o
         8          4          0          0          0          0   entry9a.o
        30          0          0          0          0          0   handlers.o
        36          8          0          0          0         68   init.o
        30          0          0          0          0         68   llshl.o
        32          0          0          0          0         68   llushr.o
       188         20          0          0          0        160   malloc.o
        36          0          0          0          0         68   memcpya.o
        36          0          0          0          0        108   memseta.o
         0          0          0          8          0          0   mvars.o
       390         10          0          0          0        252   printf1.o
        44          0          0          0          0         80   uidiv.o
        98          0          0          0          0         92   uldiv.o

    ----------------------------------------------------------------------
       942         46          0          8          0        964   Library Totals
         2          0          0          0          0          0   (incl. Padding)

    ----------------------------------------------------------------------

      Code (inc. data)   RO Data    RW Data    ZI Data      Debug   Library Name

       940         46          0          8          0        964   mc_w.l

    ----------------------------------------------------------------------
       942         46          0          8          0        964   Library Totals

    ----------------------------------------------------------------------

==============================================================================


      Code (inc. data)   RO Data    RW Data    ZI Data      Debug   

     21484        976        988        124      18044     690060   Grand Totals
     21484        976        988        124      18044     690060   ELF Image Totals
     21484        976        988        124          0          0   ROM Totals

==============================================================================

    Total RO  Size (Code + RO Data)                22472 (  21.95kB)
    Total RW  Size (RW Data + ZI Data)             18168 (  17.74kB)
    Total ROM Size (Code + RO Data + RW Data)      22596 (  22.07kB)

==============================================================================

