Component: ARM Compiler 5.06 update 5 (build 528) Tool: armlink [4d35e2]

==============================================================================

Section Cross References

    main.o(i.assert_nrf_callback) refers to app_error.o(i.app_error_handler) for app_error_handler
    main.o(i.ble_evt_handler) refers to nrf_log_frontend.o(i.nrf_log_frontend_std_0) for nrf_log_frontend_std_0
    main.o(i.ble_evt_handler) refers to bsp.o(i.bsp_indication_set) for bsp_indication_set
    main.o(i.ble_evt_handler) refers to app_error.o(i.app_error_handler_bare) for app_error_handler_bare
    main.o(i.ble_evt_handler) refers to memcpya.o(.text) for __aeabi_memcpy
    main.o(i.ble_evt_handler) refers to main.o(.data) for .data
    main.o(i.ble_evt_handler) refers to nrf_log_frontend.o(log_dynamic_data) for m_nrf_log_app_logs_data_dynamic
    main.o(i.bmi160_spi_bus_read) refers to nrf_drv_spi.o(i.nrf_drv_spi_transfer) for nrf_drv_spi_transfer
    main.o(i.bmi160_spi_bus_read) refers to main.o(.data) for .data
    main.o(i.bmi160_spi_bus_read) refers to main.o(.bss) for .bss
    main.o(i.bmi160_spi_bus_read) refers to main.o(.constdata) for .constdata
    main.o(i.bmi160_spi_bus_write) refers to malloc.o(i.malloc) for malloc
    main.o(i.bmi160_spi_bus_write) refers to nrf_drv_spi.o(i.nrf_drv_spi_transfer) for nrf_drv_spi_transfer
    main.o(i.bmi160_spi_bus_write) refers to malloc.o(i.free) for free
    main.o(i.bmi160_spi_bus_write) refers to main.o(.data) for .data
    main.o(i.bmi160_spi_bus_write) refers to main.o(.constdata) for .constdata
    main.o(i.bsp_event_handler) refers to main.o(i.sleep_mode_enter) for sleep_mode_enter
    main.o(i.bsp_event_handler) refers to app_error.o(i.app_error_handler_bare) for app_error_handler_bare
    main.o(i.bsp_event_handler) refers to ble_advertising.o(i.ble_advertising_restart_without_whitelist) for ble_advertising_restart_without_whitelist
    main.o(i.bsp_event_handler) refers to main.o(.data) for .data
    main.o(i.bsp_event_handler) refers to main.o(.bss) for .bss
    main.o(i.conn_params_error_handler) refers to app_error.o(i.app_error_handler_bare) for app_error_handler_bare
    main.o(i.gatt_evt_handler) refers to nrf_log_frontend.o(i.nrf_log_frontend_std_2) for nrf_log_frontend_std_2
    main.o(i.gatt_evt_handler) refers to main.o(.data) for .data
    main.o(i.gatt_evt_handler) refers to nrf_log_frontend.o(log_dynamic_data) for m_nrf_log_app_logs_data_dynamic
    main.o(i.gatt_init) refers to nrf_ble_gatt.o(i.nrf_ble_gatt_init) for nrf_ble_gatt_init
    main.o(i.gatt_init) refers to app_error.o(i.app_error_handler_bare) for app_error_handler_bare
    main.o(i.gatt_init) refers to nrf_ble_gatt.o(i.nrf_ble_gatt_att_mtu_periph_set) for nrf_ble_gatt_att_mtu_periph_set
    main.o(i.gatt_init) refers to main.o(i.gatt_evt_handler) for gatt_evt_handler
    main.o(i.gatt_init) refers to main.o(.bss) for .bss
    main.o(i.int_pin_handler) refers to bmi160.o(i.bmi160_read_step_counter) for bmi160_read_step_counter
    main.o(i.int_pin_handler) refers to printf1.o(i.__0sprintf$1) for __2sprintf
    main.o(i.int_pin_handler) refers to main.o(i.n_of_digits) for n_of_digits
    main.o(i.int_pin_handler) refers to ble_nus.o(i.ble_nus_string_send) for ble_nus_string_send
    main.o(i.int_pin_handler) refers to main.o(.bss) for .bss
    main.o(i.int_pin_handler) refers to main.o(.data) for .data
    main.o(i.main) refers to nrf_drv_gpiote.o(i.nrf_drv_gpiote_init) for nrf_drv_gpiote_init
    main.o(i.main) refers to app_error.o(i.app_error_handler_bare) for app_error_handler_bare
    main.o(i.main) refers to nrf_drv_gpiote.o(i.nrf_drv_gpiote_in_init) for nrf_drv_gpiote_in_init
    main.o(i.main) refers to nrf_drv_gpiote.o(i.nrf_drv_gpiote_in_event_enable) for nrf_drv_gpiote_in_event_enable
    main.o(i.main) refers to app_timer.o(i.app_timer_init) for app_timer_init
    main.o(i.main) refers to memcpya.o(.text) for __aeabi_memcpy4
    main.o(i.main) refers to app_uart_fifo.o(i.app_uart_init) for app_uart_init
    main.o(i.main) refers to nrf_log_frontend.o(i.nrf_log_init) for nrf_log_init
    main.o(i.main) refers to nrf_log_default_backends.o(i.nrf_log_default_backends_init) for nrf_log_default_backends_init
    main.o(i.main) refers to bsp.o(i.bsp_init) for bsp_init
    main.o(i.main) refers to bsp_btn_ble.o(i.bsp_btn_ble_init) for bsp_btn_ble_init
    main.o(i.main) refers to nrf_sdh.o(i.nrf_sdh_enable_request) for nrf_sdh_enable_request
    main.o(i.main) refers to nrf_sdh_ble.o(i.nrf_sdh_ble_default_cfg_set) for nrf_sdh_ble_default_cfg_set
    main.o(i.main) refers to nrf_sdh_ble.o(i.nrf_sdh_ble_enable) for nrf_sdh_ble_enable
    main.o(i.main) refers to main.o(i.spi_config) for spi_config
    main.o(i.main) refers to main.o(i.sensor_init) for sensor_init
    main.o(i.main) refers to main.o(i.gatt_init) for gatt_init
    main.o(i.main) refers to ble_nus.o(i.ble_nus_init) for ble_nus_init
    main.o(i.main) refers to memseta.o(.text) for __aeabi_memclr4
[...]
    _printf_longlong_dec                     0x00000000   Number         0  stubs.o ABSOLUTE
    _printf_longlong_hex                     0x00000000   Number         0  stubs.o ABSOLUTE
    _printf_longlong_oct                     0x00000000   Number         0  stubs.o ABSOLUTE
    _printf_ls                               0x00000000   Number         0  stubs.o ABSOLUTE
    _printf_mbtowc                           0x00000000   Number         0  stubs.o ABSOLUTE
    _printf_n                                0x00000000   Number         0  stubs.o ABSOLUTE
    _printf_o                                0x00000000   Number         0  stubs.o ABSOLUTE
    _printf_p                                0x00000000   Number         0  stubs.o ABSOLUTE
    _printf_percent                          0x00000000   Number         0  stubs.o ABSOLUTE
    _printf_pre_padding                      0x00000000   Number         0  stubs.o ABSOLUTE
    _printf_return_value                     0x00000000   Number         0  stubs.o ABSOLUTE
    _printf_s                                0x00000000   Number         0  stubs.o ABSOLUTE
    _printf_sizespec                         0x00000000   Number         0  stubs.o ABSOLUTE
    _printf_str                              0x00000000   Number         0  stubs.o ABSOLUTE
    _printf_truncate_signed                  0x00000000   Number         0  stubs.o ABSOLUTE
    _printf_truncate_unsigned                0x00000000   Number         0  stubs.o ABSOLUTE
    _printf_u                                0x00000000   Number         0  stubs.o ABSOLUTE
    _printf_wc                               0x00000000   Number         0  stubs.o ABSOLUTE
    _printf_wctomb                           0x00000000   Number         0  stubs.o ABSOLUTE
    _printf_widthprec                        0x00000000   Number         0  stubs.o ABSOLUTE
    _printf_x                                0x00000000   Number         0  stubs.o ABSOLUTE
    __cpp_initialize__aeabi_                  - Undefined Weak Reference
    __cxa_finalize                            - Undefined Weak Reference
    _clock_init                               - Undefined Weak Reference
    _microlib_exit                            - Undefined Weak Reference
    fs_data$$Base                             - Undefined Reference
    fs_data$$Limit                            - Undefined Reference
    pwr_mgmt_data0$$Base                      - Undefined Reference
    pwr_mgmt_data0$$Limit                     - Undefined Reference
    pwr_mgmt_data1$$Base                      - Undefined Reference
    pwr_mgmt_data1$$Limit                     - Undefined Reference
    pwr_mgmt_data2$$Base                      - Undefined Reference
    pwr_mgmt_data2$$Limit                     - Undefined Reference
    sdh_req_observers1$$Base                  - Undefined Reference
    sdh_req_observers1$$Limit                 - Undefined Reference
    sdh_stack_observers1$$Base                - Undefined Reference
    sdh_stack_observers1$$Limit               - Undefined Reference
    sdh_state_observers1$$Base                - Undefined Reference
    sdh_state_observers1$$Limit               - Undefined Reference
    __Vectors_Size                           0x00000200   Number         0  arm_startup_nrf52.o ABSOLUTE
    __Vectors                                0x00023000   Data           4  arm_startup_nrf52.o(RESET)
    __Vectors_End                            0x00023200   Data           0  arm_startup_nrf52.o(RESET)
    __main                                   0x00023201   Thumb Code     0  entry.o(.ARM.Collect$$$$00000000)
    _main_stk                                0x00023201   Thumb Code     0  entry2.o(.ARM.Collect$$$$00000001)
    _main_scatterload                        0x00023205   Thumb Code     0  entry5.o(.ARM.Collect$$$$00000004)
    __main_after_scatterload                 0x00023209   Thumb Code     0  entry5.o(.ARM.Collect$$$$00000004)
    _main_clock                              0x00023209   Thumb Code     0  entry7b.o(.ARM.Collect$$$$00000008)
    _main_cpp_init                           0x00023209   Thumb Code     0  entry8b.o(.ARM.Collect$$$$0000000A)
    _main_init                               0x00023209   Thumb Code     0  entry9a.o(.ARM.Collect$$$$0000000B)
    __rt_final_cpp                           0x00023211   Thumb Code     0  entry10a.o(.ARM.Collect$$$$0000000D)
    __rt_final_exit                          0x00023211   Thumb Code     0  entry11a.o(.ARM.Collect$$$$0000000F)
    __asm___12_nrf_memobj_c_9bb9f865__nrf_atomic_internal_mov 0x00023215   Thumb Code    24  nrf_memobj.o(.emb_text)
    __asm___12_nrf_memobj_c_9bb9f865__nrf_atomic_internal_orr 0x0002322d   Thumb Code    26  nrf_memobj.o(.emb_text)
    __asm___12_nrf_memobj_c_9bb9f865__nrf_atomic_internal_and 0x00023247   Thumb Code    26  nrf_memobj.o(.emb_text)
    __asm___12_nrf_memobj_c_9bb9f865__nrf_atomic_internal_eor 0x00023261   Thumb Code    26  nrf_memobj.o(.emb_text)
    __asm___12_nrf_memobj_c_9bb9f865__nrf_atomic_internal_add 0x0002327b   Thumb Code    26  nrf_memobj.o(.emb_text)
    __asm___12_nrf_memobj_c_9bb9f865__nrf_atomic_internal_sub 0x00023295   Thumb Code    26  nrf_memobj.o(.emb_text)
    __asm___18_nrf_log_frontend_c_bc460776__nrf_atomic_internal_mov 0x000232b1   Thumb Code    24  nrf_log_frontend.o(.emb_text)
    __asm___18_nrf_log_frontend_c_bc460776__nrf_atomic_internal_orr 0x000232c9   Thumb Code    26  nrf_log_frontend.o(.emb_text)
    __asm___18_nrf_log_frontend_c_bc460776__nrf_atomic_internal_and 0x000232e3   Thumb Code    26  nrf_log_frontend.o(.emb_text)
    __asm___18_nrf_log_frontend_c_bc460776__nrf_atomic_internal_eor 0x000232fd   Thumb Code    26  nrf_log_frontend.o(.emb_text)
    __asm___18_nrf_log_frontend_c_bc460776__nrf_atomic_internal_add 0x00023317   Thumb Code    26  nrf_log_frontend.o(.emb_text)
    __asm___18_nrf_log_frontend_c_bc460776__nrf_atomic_internal_sub 0x00023331   Thumb Code    26  nrf_log_frontend.o(.emb_text)
    Reset_Handler                            0x0002334d   Thumb Code     8  arm_startup_nrf52.o(.text)
    NMI_Handler                              0x00023355   Thumb Code     2  arm_startup_nrf52.o(.text)
    HardFault_Handler                        0x00023357   Thumb Code     2  arm_startup_nrf52.o(.text)
    MemoryManagement_Handler                 0x00023359   Thumb Code     2  arm_startup_nrf52.o(.text)
    BusFault_Handler                         0x0002335b   Thumb Code     2  arm_startup_nrf52.o(.text)
    UsageFault_Handler                       0x0002335d   Thumb Code     2  arm_startup_nrf52.o(.text)
    SVC_Handler                              0x0002335f   Thumb Code     2  arm_startup_nrf52.o(.text)
    DebugMon_Handler                         0x00023361   Thumb Code     2  arm_startup_nrf52.o(.text)
    PendSV_Handler                           0x00023363   Thumb Code     2  arm_startup_nrf52.o(.text)
    SysTick_Handler                          0x00023365   Thumb Code     2  arm_startup_nrf52.o(.text)
    CCM_AAR_IRQHandler                       0x00023367   Thumb Code     0  arm_startup_nrf52.o(.text)
    COMP_LPCOMP_IRQHandler                   0x00023367   Thumb Code     0  arm_startup_nrf52.o(.text)
    ECB_IRQHandler                           0x00023367   Thumb Code     0  arm_startup_nrf52.o(.text)
    FPU_IRQHandler                           0x00023367   Thumb Code     0  arm_startup_nrf52.o(.text)
    I2S_IRQHandler                           0x00023367   Thumb Code     0  arm_startup_nrf52.o(.text)
    MWU_IRQHandler                           0x00023367   Thumb Code     0  arm_startup_nrf52.o(.text)
    NFCT_IRQHandler                          0x00023367   Thumb Code     0  arm_startup_nrf52.o(.text)
    PDM_IRQHandler                           0x00023367   Thumb Code     0  arm_startup_nrf52.o(.text)
    PWM0_IRQHandler                          0x00023367   Thumb Code     0  arm_startup_nrf52.o(.text)
    PWM1_IRQHandler                          0x00023367   Thumb Code     0  arm_startup_nrf52.o(.text)
    PWM2_IRQHandler                          0x00023367   Thumb Code     0  arm_startup_nrf52.o(.text)
    QDEC_IRQHandler                          0x00023367   Thumb Code     0  arm_startup_nrf52.o(.text)
    RADIO_IRQHandler                         0x00023367   Thumb Code     0  arm_startup_nrf52.o(.text)
    RNG_IRQHandler                           0x00023367   Thumb Code     0  arm_startup_nrf52.o(.text)
    RTC0_IRQHandler                          0x00023367   Thumb Code     0  arm_startup_nrf52.o(.text)
    RTC2_IRQHandler                          0x00023367   Thumb Code     0  arm_startup_nrf52.o(.text)
    SAADC_IRQHandler                         0x00023367   Thumb Code     0  arm_startup_nrf52.o(.text)
    SPIM1_SPIS1_TWIM1_TWIS1_SPI1_TWI1_IRQHandler 0x00023367   Thumb Code     0  arm_startup_nrf52.o(.text)
    SPIM2_SPIS2_SPI2_IRQHandler              0x00023367   Thumb Code     0  arm_startup_nrf52.o(.text)
    SWI1_EGU1_IRQHandler                     0x00023367   Thumb Code     0  arm_startup_nrf52.o(.text)
    SWI3_EGU3_IRQHandler                     0x00023367   Thumb Code     0  arm_startup_nrf52.o(.text)
    SWI4_EGU4_IRQHandler                     0x00023367   Thumb Code     0  arm_startup_nrf52.o(.text)
    SWI5_EGU5_IRQHandler                     0x00023367   Thumb Code     0  arm_startup_nrf52.o(.text)
    TEMP_IRQHandler                          0x00023367   Thumb Code     0  arm_startup_nrf52.o(.text)
    TIMER0_IRQHandler                        0x00023367   Thumb Code     0  arm_startup_nrf52.o(.text)
    TIMER1_IRQHandler                        0x00023367   Thumb Code     0  arm_startup_nrf52.o(.text)
    TIMER2_IRQHandler                        0x00023367   Thumb Code     0  arm_startup_nrf52.o(.text)
    TIMER3_IRQHandler                        0x00023367   Thumb Code     0  arm_startup_nrf52.o(.text)
    TIMER4_IRQHandler                        0x00023367   Thumb Code     0  arm_startup_nrf52.o(.text)
    WDT_IRQHandler                           0x00023367   Thumb Code     0  arm_startup_nrf52.o(.text)
    __aeabi_uldivmod                         0x00023371   Thumb Code    98  uldiv.o(.text)
    __rt_ctype_table                         0x000233d5   Thumb Code     4  ctype_o.o(.text)
    __aeabi_memcpy                           0x000233dd   Thumb Code    36  memcpya.o(.text)
    __aeabi_memcpy4                          0x000233dd   Thumb Code     0  memcpya.o(.text)
    __aeabi_memcpy8                          0x000233dd   Thumb Code     0  memcpya.o(.text)
    __aeabi_memset                           0x00023401   Thumb Code    14  memseta.o(.text)
    __aeabi_memset4                          0x00023401   Thumb Code     0  memseta.o(.text)
    __aeabi_memset8                          0x00023401   Thumb Code     0  memseta.o(.text)
    __aeabi_memclr                           0x0002340f   Thumb Code     4  memseta.o(.text)
    __aeabi_memclr4                          0x0002340f   Thumb Code     0  memseta.o(.text)
    __aeabi_memclr8                          0x0002340f   Thumb Code     0  memseta.o(.text)
    _memset$wrapper                          0x00023413   Thumb Code    18  memseta.o(.text)
    strlen                                   0x00023425   Thumb Code    14  strlen.o(.text)
    strcpy                                   0x00023433   Thumb Code    18  strcpy.o(.text)
    __aeabi_uidiv                            0x00023445   Thumb Code     0  uidiv.o(.text)
    __aeabi_uidivmod                         0x00023445   Thumb Code    44  uidiv.o(.text)
    __aeabi_llsl                             0x00023471   Thumb Code    30  llshl.o(.text)
    _ll_shift_l                              0x00023471   Thumb Code     0  llshl.o(.text)
    __aeabi_llsr                             0x0002348f   Thumb Code    32  llushr.o(.text)
    _ll_ushift_r                             0x0002348f   Thumb Code     0  llushr.o(.text)
    __scatterload                            0x000234b1   Thumb Code    28  init.o(.text)
    __scatterload_rt2                        0x000234b1   Thumb Code     0  init.o(.text)
    __decompress                             0x000234d5   Thumb Code     0  __dczerorl2.o(.text)
    __decompress1                            0x000234d5   Thumb Code    86  __dczerorl2.o(.text)
    GPIOTE_IRQHandler                        0x0002352d   Thumb Code   362  nrf_drv_gpiote.o(i.GPIOTE_IRQHandler)
    POWER_CLOCK_IRQHandler                   0x00023705   Thumb Code    84  nrf_drv_clock.o(i.POWER_CLOCK_IRQHandler)
    RTC1_IRQHandler                          0x0002375d   Thumb Code    32  app_timer.o(i.RTC1_IRQHandler)
    SEGGER_RTT_Init                          0x00023781   Thumb Code     4  segger_rtt.o(i.SEGGER_RTT_Init)
    SEGGER_RTT_WriteNoLock                   0x00023785   Thumb Code    86  segger_rtt.o(i.SEGGER_RTT_WriteNoLock)
    SPIM0_SPIS0_TWIM0_TWIS0_SPI0_TWI0_IRQHandler 0x000237e1   Thumb Code    66  nrf_drv_spi.o(i.SPIM0_SPIS0_TWIM0_TWIS0_SPI0_TWI0_IRQHandler)
    SWI0_EGU0_IRQHandler                     0x0002382d   Thumb Code     4  app_timer.o(i.SWI0_EGU0_IRQHandler)
    SWI2_EGU2_IRQHandler                     0x00023831   Thumb Code     4  nrf_sdh.o(i.SWI2_EGU2_IRQHandler)
    SystemInit                               0x00023835   Thumb Code   700  system_nrf52.o(i.SystemInit)
    UARTE0_UART0_IRQHandler                  0x00023b31   Thumb Code    20  nrf_drv_uart.o(i.UARTE0_UART0_IRQHandler)
    __0printf$1                              0x00023c69   Thumb Code    22  printf1.o(i.__0printf$1)
    __1printf$1                              0x00023c69   Thumb Code     0  printf1.o(i.__0printf$1)
    __2printf                                0x00023c69   Thumb Code     0  printf1.o(i.__0printf$1)
    __0sprintf$1                             0x00023c89   Thumb Code    34  printf1.o(i.__0sprintf$1)
    __1sprintf$1                             0x00023c89   Thumb Code     0  printf1.o(i.__0sprintf$1)
    __2sprintf                               0x00023c89   Thumb Code     0  printf1.o(i.__0sprintf$1)
    __scatterload_copy                       0x00023cb1   Thumb Code    14  handlers.o(i.__scatterload_copy)
    __scatterload_null                       0x00023cbf   Thumb Code     2  handlers.o(i.__scatterload_null)
    __scatterload_zeroinit                   0x00023cc1   Thumb Code    14  handlers.o(i.__scatterload_zeroinit)
    app_button_enable                        0x00023e91   Thumb Code    32  app_button.o(i.app_button_enable)
    app_button_init                          0x00023eb5   Thumb Code    96  app_button.o(i.app_button_init)
    app_error_fault_handler                  0x00023f25   Thumb Code    80  app_error_weak.o(i.app_error_fault_handler)
    app_error_handler_bare                   0x00023f9d   Thumb Code    22  app_error.o(i.app_error_handler_bare)
    app_fifo_get                             0x00023fb3   Thumb Code    22  app_fifo.o(i.app_fifo_get)
    app_fifo_init                            0x00023fc9   Thumb Code    32  app_fifo.o(i.app_fifo_init)
    app_fifo_put                             0x00023fe9   Thumb Code    26  app_fifo.o(i.app_fifo_put)
    app_timer_create                         0x00024005   Thumb Code    32  app_timer.o(i.app_timer_create)
    app_timer_init                           0x00024029   Thumb Code    70  app_timer.o(i.app_timer_init)
    app_timer_start                          0x0002407d   Thumb Code   128  app_timer.o(i.app_timer_start)
    app_timer_stop                           0x00024105   Thumb Code    26  app_timer.o(i.app_timer_stop)
    app_uart_get                             0x00024125   Thumb Code    42  app_uart_fifo.o(i.app_uart_get)
    app_uart_init                            0x00024159   Thumb Code   164  app_uart_fifo.o(i.app_uart_init)
    app_uart_put                             0x0002420d   Thumb Code    52  app_uart_fifo.o(i.app_uart_put)
    app_util_critical_region_enter           0x00024249   Thumb Code    64  app_util_platform.o(i.app_util_critical_region_enter)
    app_util_critical_region_exit            0x00024291   Thumb Code    46  app_util_platform.o(i.app_util_critical_region_exit)
    ble_advdata_encode                       0x0002437d   Thumb Code   386  ble_advdata.o(i.ble_advdata_encode)
    ble_advdata_set                          0x000244ff   Thumb Code   104  ble_advdata.o(i.ble_advdata_set)
    ble_advertising_conn_cfg_tag_set         0x00024567   Thumb Code     6  ble_advertising.o(i.ble_advertising_conn_cfg_tag_set)
    ble_advertising_init                     0x0002456d   Thumb Code   310  ble_advertising.o(i.ble_advertising_init)
    ble_advertising_on_ble_evt               0x000246a3   Thumb Code   104  ble_advertising.o(i.ble_advertising_on_ble_evt)
    ble_advertising_on_sys_evt               0x0002470b   Thumb Code    50  ble_advertising.o(i.ble_advertising_on_sys_evt)
    ble_advertising_restart_without_whitelist 0x0002473d   Thumb Code    60  ble_advertising.o(i.ble_advertising_restart_without_whitelist)
    ble_advertising_start                    0x00024779   Thumb Code   458  ble_advertising.o(i.ble_advertising_start)
    ble_conn_params_init                     0x00024945   Thumb Code    90  ble_conn_params.o(i.ble_conn_params_init)
    ble_nus_init                             0x00024dc1   Thumb Code    94  ble_nus.o(i.ble_nus_init)
    ble_nus_on_ble_evt                       0x00024e25   Thumb Code   136  ble_nus.o(i.ble_nus_on_ble_evt)
    ble_nus_string_send                      0x00024eb1   Thumb Code    72  ble_nus.o(i.ble_nus_string_send)
    ble_srv_is_notification_enabled          0x00024ef9   Thumb Code     8  ble_srv_common.o(i.ble_srv_is_notification_enabled)
    bmi160_get_regs                          0x00024f01   Thumb Code    58  bmi160.o(i.bmi160_get_regs)
    bmi160_init                              0x00024f3b   Thumb Code    76  bmi160.o(i.bmi160_init)
    bmi160_read_step_counter                 0x00024f87   Thumb Code    56  bmi160.o(i.bmi160_read_step_counter)
    bmi160_set_int_config                    0x00024fbf   Thumb Code   352  bmi160.o(i.bmi160_set_int_config)
    bmi160_set_power_mode                    0x0002511f   Thumb Code   174  bmi160.o(i.bmi160_set_power_mode)
    bmi160_set_regs                          0x000251cd   Thumb Code   126  bmi160.o(i.bmi160_set_regs)
    bmi160_set_sens_conf                     0x0002524b   Thumb Code   230  bmi160.o(i.bmi160_set_sens_conf)
    bmi160_set_step_counter                  0x00025331   Thumb Code    80  bmi160.o(i.bmi160_set_step_counter)
    bmi160_soft_reset                        0x00025381   Thumb Code   110  bmi160.o(i.bmi160_soft_reset)
    bmi160_spi_bus_read                      0x000253f1   Thumb Code    74  main.o(i.bmi160_spi_bus_read)
    bmi160_spi_bus_write                     0x00025449   Thumb Code    92  main.o(i.bmi160_spi_bus_write)
    bsp_board_button_idx_to_pin              0x000254ad   Thumb Code     6  boards.o(i.bsp_board_button_idx_to_pin)
    bsp_board_button_state_get               0x000254b9   Thumb Code    28  boards.o(i.bsp_board_button_state_get)
    bsp_board_led_invert                     0x000254d9   Thumb Code    32  boards.o(i.bsp_board_led_invert)
    bsp_board_led_off                        0x000254fd   Thumb Code    10  boards.o(i.bsp_board_led_off)
    bsp_board_led_on                         0x0002550d   Thumb Code    10  boards.o(i.bsp_board_led_on)
    bsp_board_led_state_get                  0x0002551d   Thumb Code    28  boards.o(i.bsp_board_led_state_get)
    bsp_board_leds_init                      0x0002553d   Thumb Code    38  boards.o(i.bsp_board_leds_init)
    bsp_board_leds_off                       0x00025569   Thumb Code    18  boards.o(i.bsp_board_leds_off)
    bsp_board_leds_on                        0x0002557b   Thumb Code    18  boards.o(i.bsp_board_leds_on)
    bsp_board_pin_to_button_idx              0x0002558d   Thumb Code    30  boards.o(i.bsp_board_pin_to_button_idx)
    bsp_btn_ble_init                         0x000255b1   Thumb Code    52  bsp_btn_ble.o(i.bsp_btn_ble_init)
    bsp_btn_ble_sleep_mode_prepare           0x000255e9   Thumb Code    30  bsp_btn_ble.o(i.bsp_btn_ble_sleep_mode_prepare)
    bsp_button_is_pressed                    0x00025699   Thumb Code     4  bsp.o(i.bsp_button_is_pressed)
    bsp_event_handler                        0x0002569d   Thumb Code    66  main.o(i.bsp_event_handler)
    bsp_event_to_button_action_assign        0x000256e9   Thumb Code    64  bsp.o(i.bsp_event_to_button_action_assign)
    bsp_indication_set                       0x0002572d   Thumb Code    20  bsp.o(i.bsp_indication_set)
    bsp_init                                 0x00025745   Thumb Code   126  bsp.o(i.bsp_init)
    bsp_wakeup_button_enable                 0x00025991   Thumb Code    16  bsp.o(i.bsp_wakeup_button_enable)
    buffer_is_empty                          0x00025a19   Thumb Code    16  nrf_log_frontend.o(i.buffer_is_empty)
    fputc                                    0x00026307   Thumb Code    14  retarget.o(i.fputc)
    free                                     0x00026315   Thumb Code    76  malloc.o(i.free)
    gatt_evt_handler                         0x00026365   Thumb Code    48  main.o(i.gatt_evt_handler)
    gatt_init                                0x000263b9   Thumb Code    38  main.o(i.gatt_init)
    int_pin_handler                          0x00026455   Thumb Code    78  main.o(i.int_pin_handler)
    main                                     0x00026825   Thumb Code   466  main.o(i.main)
    malloc                                   0x00026a59   Thumb Code    92  malloc.o(i.malloc)
    n_of_digits                              0x00026ccd   Thumb Code    20  main.o(i.n_of_digits)
    nrf_balloc_alloc                         0x00026d97   Thumb Code    68  nrf_balloc.o(i.nrf_balloc_alloc)
    nrf_balloc_free                          0x00026ddb   Thumb Code    48  nrf_balloc.o(i.nrf_balloc_free)
    nrf_balloc_init                          0x00026e0b   Thumb Code    48  nrf_balloc.o(i.nrf_balloc_init)
    nrf_ble_gatt_att_mtu_periph_set          0x00026e4b   Thumb Code    24  nrf_ble_gatt.o(i.nrf_ble_gatt_att_mtu_periph_set)
    nrf_ble_gatt_init                        0x00026e63   Thumb Code    34  nrf_ble_gatt.o(i.nrf_ble_gatt_init)
    nrf_ble_gatt_on_ble_evt                  0x00026e85   Thumb Code   312  nrf_ble_gatt.o(i.nrf_ble_gatt_on_ble_evt)
    nrf_drv_clock_init                       0x0002710d   Thumb Code    64  nrf_drv_clock.o(i.nrf_drv_clock_init)
    nrf_drv_clock_lfclk_release              0x00027155   Thumb Code    40  nrf_drv_clock.o(i.nrf_drv_clock_lfclk_release)
    nrf_drv_common_irq_enable                0x00027181   Thumb Code    56  nrf_drv_common.o(i.nrf_drv_common_irq_enable)
    nrf_drv_gpiote_in_event_enable           0x000271c1   Thumb Code   156  nrf_drv_gpiote.o(i.nrf_drv_gpiote_in_event_enable)
    nrf_drv_gpiote_in_init                   0x00027265   Thumb Code   172  nrf_drv_gpiote.o(i.nrf_drv_gpiote_in_init)
    nrf_drv_gpiote_in_is_set                 0x0002731d   Thumb Code    20  nrf_drv_gpiote.o(i.nrf_drv_gpiote_in_is_set)
    nrf_drv_gpiote_init                      0x00027331   Thumb Code    84  nrf_drv_gpiote.o(i.nrf_drv_gpiote_init)
    nrf_drv_gpiote_is_init                   0x0002738d   Thumb Code    14  nrf_drv_gpiote.o(i.nrf_drv_gpiote_is_init)
    nrf_drv_spi_init                         0x000273c1   Thumb Code   292  nrf_drv_spi.o(i.nrf_drv_spi_init)
    nrf_drv_spi_transfer                     0x000274e9   Thumb Code    28  nrf_drv_spi.o(i.nrf_drv_spi_transfer)
    nrf_drv_spi_xfer                         0x00027505   Thumb Code    90  nrf_drv_spi.o(i.nrf_drv_spi_xfer)
    nrf_drv_uart_init                        0x00027565   Thumb Code    98  nrf_drv_uart.o(i.nrf_drv_uart_init)
    nrf_drv_uart_rx                          0x000275cd   Thumb Code   170  nrf_drv_uart.o(i.nrf_drv_uart_rx)
    nrf_drv_uart_rx_enable                   0x0002767d   Thumb Code    42  nrf_drv_uart.o(i.nrf_drv_uart_rx_enable)
    nrf_drv_uart_tx                          0x00027805   Thumb Code   262  nrf_drv_uart.o(i.nrf_drv_uart_tx)
    nrf_drv_uart_tx_in_progress              0x00027911   Thumb Code    18  nrf_drv_uart.o(i.nrf_drv_uart_tx_in_progress)
    nrf_fprintf                              0x00027929   Thumb Code    26  nrf_fprintf.o(i.nrf_fprintf)
    nrf_fprintf_buffer_flush                 0x00027943   Thumb Code    24  nrf_fprintf.o(i.nrf_fprintf_buffer_flush)
    nrf_fprintf_fmt                          0x0002795b   Thumb Code   474  nrf_fprintf_format.o(i.nrf_fprintf_fmt)
    nrf_fstorage_is_busy                     0x00027b35   Thumb Code    70  nrf_fstorage.o(i.nrf_fstorage_is_busy)
    nrf_fstorage_sdh_req_handler             0x00027b85   Thumb Code    28  nrf_fstorage_sd.o(i.nrf_fstorage_sdh_req_handler)
    nrf_fstorage_sdh_state_handler           0x00027ba5   Thumb Code    28  nrf_fstorage_sd.o(i.nrf_fstorage_sdh_state_handler)
    nrf_fstorage_sys_evt_handler             0x00027bc5   Thumb Code   176  nrf_fstorage_sd.o(i.nrf_fstorage_sys_evt_handler)
    nrf_log_backend_add                      0x00027dfd   Thumb Code   100  nrf_log_frontend.o(i.nrf_log_backend_add)
    nrf_log_backend_rtt_init                 0x00027e67   Thumb Code     4  nrf_log_backend_rtt.o(i.nrf_log_backend_rtt_init)
    nrf_log_backend_serial_put               0x00027e85   Thumb Code   210  nrf_log_backend_serial.o(i.nrf_log_backend_serial_put)
    nrf_log_color_id_get                     0x00027f59   Thumb Code    34  nrf_log_frontend.o(i.nrf_log_color_id_get)
    nrf_log_default_backends_init            0x00027f81   Thumb Code    22  nrf_log_default_backends.o(i.nrf_log_default_backends_init)
    nrf_log_frontend_dequeue                 0x00027f9d   Thumb Code   414  nrf_log_frontend.o(i.nrf_log_frontend_dequeue)
    nrf_log_frontend_std_0                   0x00028149   Thumb Code     8  nrf_log_frontend.o(i.nrf_log_frontend_std_0)
    nrf_log_frontend_std_1                   0x00028151   Thumb Code    14  nrf_log_frontend.o(i.nrf_log_frontend_std_1)
    nrf_log_frontend_std_2                   0x0002815f   Thumb Code    16  nrf_log_frontend.o(i.nrf_log_frontend_std_2)
    nrf_log_hexdump_entry_process            0x00028171   Thumb Code   146  nrf_log_str_formatter.o(i.nrf_log_hexdump_entry_process)
    nrf_log_init                             0x0002821d   Thumb Code    70  nrf_log_frontend.o(i.nrf_log_init)
    nrf_log_module_cnt_get                   0x00028279   Thumb Code    10  nrf_log_frontend.o(i.nrf_log_module_cnt_get)
    nrf_log_module_filter_get                0x0002828d   Thumb Code    32  nrf_log_frontend.o(i.nrf_log_module_filter_get)
    nrf_log_module_name_get                  0x000282b1   Thumb Code    24  nrf_log_frontend.o(i.nrf_log_module_name_get)
    nrf_log_panic                            0x000282cd   Thumb Code    34  nrf_log_frontend.o(i.nrf_log_panic)
    nrf_log_std_entry_process                0x000282f5   Thumb Code   182  nrf_log_str_formatter.o(i.nrf_log_std_entry_process)
    nrf_memobj_alloc                         0x000283ab   Thumb Code    96  nrf_memobj.o(i.nrf_memobj_alloc)
    nrf_memobj_free                          0x0002840b   Thumb Code    50  nrf_memobj.o(i.nrf_memobj_free)
    nrf_memobj_get                           0x0002843d   Thumb Code    14  nrf_memobj.o(i.nrf_memobj_get)
    nrf_memobj_pool_init                     0x0002844b   Thumb Code     4  nrf_memobj.o(i.nrf_memobj_pool_init)
    nrf_memobj_put                           0x0002844f   Thumb Code    34  nrf_memobj.o(i.nrf_memobj_put)
    nrf_memobj_read                          0x00028471   Thumb Code    12  nrf_memobj.o(i.nrf_memobj_read)
    nrf_memobj_write                         0x0002847d   Thumb Code    12  nrf_memobj.o(i.nrf_memobj_write)
    nrf_sdh_ble_app_ram_start_get            0x00028489   Thumb Code    16  nrf_sdh_ble.o(i.nrf_sdh_ble_app_ram_start_get)
    nrf_sdh_ble_default_cfg_set              0x0002849d   Thumb Code   312  nrf_sdh_ble.o(i.nrf_sdh_ble_default_cfg_set)
    nrf_sdh_ble_enable                       0x000285f5   Thumb Code    92  nrf_sdh_ble.o(i.nrf_sdh_ble_enable)
    nrf_sdh_disable_request                  0x00028715   Thumb Code    60  nrf_sdh.o(i.nrf_sdh_disable_request)
    nrf_sdh_enable_request                   0x00028755   Thumb Code    74  nrf_sdh.o(i.nrf_sdh_enable_request)
    nrf_sdh_evts_poll                        0x000287ad   Thumb Code    32  nrf_sdh.o(i.nrf_sdh_evts_poll)
    nrf_sdh_is_enabled                       0x000287d1   Thumb Code     6  nrf_sdh.o(i.nrf_sdh_is_enabled)
    nrf_sdh_request_continue                 0x000287dd   Thumb Code    22  nrf_sdh.o(i.nrf_sdh_request_continue)
    nrf_section_iter_init                    0x00028835   Thumb Code    10  nrf_section_iter.o(i.nrf_section_iter_init)
    nrf_section_iter_next                    0x00028863   Thumb Code    32  nrf_section_iter.o(i.nrf_section_iter_next)
    nrf_strerror_find                        0x0002888d   Thumb Code    52  nrf_strerror.o(i.nrf_strerror_find)
    nrf_strerror_get                         0x000288c5   Thumb Code    14  nrf_strerror.o(i.nrf_strerror_get)
    sdk_mapped_flags_bulk_update_by_key      0x00028f61   Thumb Code    68  sdk_mapped_flags.o(i.sdk_mapped_flags_bulk_update_by_key)
    sdk_mapped_flags_first_key_index_get     0x00028fa5   Thumb Code    34  sdk_mapped_flags.o(i.sdk_mapped_flags_first_key_index_get)
    sdk_mapped_flags_key_list_get            0x00028fd7   Thumb Code    74  sdk_mapped_flags.o(i.sdk_mapped_flags_key_list_get)
    sdk_mapped_flags_update_by_key           0x00029021   Thumb Code    14  sdk_mapped_flags.o(i.sdk_mapped_flags_update_by_key)
    sensor_init                              0x00029041   Thumb Code   110  main.o(i.sensor_init)
    spi_config                               0x000297c9   Thumb Code    52  main.o(i.spi_config)
    spi_event_handler                        0x00029805   Thumb Code     8  main.o(i.spi_event_handler)
    uart_event_handle                        0x00029c4d   Thumb Code    98  main.o(i.uart_event_handle)
    nrf_log_backend_rtt_api                  0x0002a36c   Data          12  nrf_log_backend_rtt.o(.constdata)
    m_ram_start                              0x0002a3fc   Data           4  nrf_sdh_ble.o(.constdata)
    int_mask_lookup_table                    0x0002a42c   Data          13  bmi160.o(.constdata)
    __ctype_table                            0x0002a439   Data         129  ctype_o.o(.constdata)
    Region$$Table$$Base                      0x0002ab90   Number         0  anon$$obj.o(Region$$Table)
    Region$$Table$$Limit                     0x0002abb0   Number         0  anon$$obj.o(Region$$Table)
    log_const_data$$Base                     0x0002abb0   Number         0  nrf_ble_gatt.o(log_const_data)
    m_nrf_log_ble_gatt_logs_data_const       0x0002abb0   Data           8  nrf_ble_gatt.o(log_const_data)
    m_nrf_log_clock_logs_data_const          0x0002abb8   Data           8  nrf_drv_clock.o(log_const_data)
    m_nrf_log_gpiote_logs_data_const         0x0002abc0   Data           8  nrf_drv_gpiote.o(log_const_data)
    m_nrf_log_uart_logs_data_const           0x0002abc8   Data           8  nrf_drv_uart.o(log_const_data)
    m_nrf_log_spi_logs_data_const            0x0002abd0   Data           8  nrf_drv_spi.o(log_const_data)
    m_nrf_log_balloc_logs_data_const         0x0002abd8   Data           8  nrf_balloc.o(log_const_data)
    m_nrf_log_pwr_mgmt_logs_data_const       0x0002abe0   Data           8  nrf_pwr_mgmt.o(log_const_data)
    m_nrf_log_app_logs_data_const            0x0002abe8   Data           8  nrf_log_frontend.o(log_const_data)
    m_nrf_log_nrf_sdh_logs_data_const        0x0002abf0   Data           8  nrf_sdh.o(log_const_data)
    m_nrf_log_nrf_sdh_ble_logs_data_const    0x0002abf8   Data           8  nrf_sdh_ble.o(log_const_data)
    m_nrf_log_nrf_sdh_soc_logs_data_const    0x0002ac00   Data           8  nrf_sdh_soc.o(log_const_data)
    log_const_data$$Limit                    0x0002ac08   Number         0  nrf_sdh_soc.o(log_const_data)
    sdh_ble_observers0$$Base                 0x0002ac08   Number         0  ble_conn_state.o(sdh_ble_observers0)
    sdh_ble_observers0$$Limit                0x0002ac10   Number         0  ble_conn_state.o(sdh_ble_observers0)
    sdh_ble_observers1$$Base                 0x0002ac10   Number         0  main.o(sdh_ble_observers1)
    sdh_ble_observers1$$Limit                0x0002ac20   Number         0  bsp_btn_ble.o(sdh_ble_observers1)
    sdh_ble_observers2$$Base                 0x0002ac20   Number         0  main.o(sdh_ble_observers2)
    m_req_obs                                0x0002ac40   Data           8  nrf_fstorage_sd.o(sdh_req_observers0)
    sdh_ble_observers2$$Limit                0x0002ac40   Number         0  ble_conn_params.o(sdh_ble_observers2)
    sdh_req_observers0$$Base                 0x0002ac40   Number         0  nrf_fstorage_sd.o(sdh_req_observers0)
    sdh_req_observers0$$Limit                0x0002ac48   Number         0  nrf_fstorage_sd.o(sdh_req_observers0)
    sdh_soc_observers0$$Base                 0x0002ac48   Number         0  nrf_drv_clock.o(sdh_soc_observers0)
    sdh_soc_observers0$$Limit                0x0002ac58   Number         0  nrf_fstorage_sd.o(sdh_soc_observers0)
    sdh_soc_observers1$$Base                 0x0002ac58   Number         0  main.o(sdh_soc_observers1)
    sdh_soc_observers1$$Limit                0x0002ac60   Number         0  main.o(sdh_soc_observers1)
    sdh_stack_observers0$$Base               0x0002ac60   Number         0  nrf_sdh_ble.o(sdh_stack_observers0)
    sdh_stack_observers0$$Limit              0x0002ac70   Number         0  nrf_sdh_soc.o(sdh_stack_observers0)
    sdh_state_observers0$$Base               0x0002ac70   Number         0  nrf_drv_clock.o(sdh_state_observers0)
    sdh_state_observers0$$Limit              0x0002ac80   Number         0  nrf_fstorage_sd.o(sdh_state_observers0)
    Image$$RW_IRAM1$$Base                    0x20002a68   Number         0  anon$$obj.o ABSOLUTE
    test_count                               0x20002a68   Data           1  main.o(.data)
    step_count                               0x20002a6c   Data           2  main.o(.data)
    __stdout                                 0x20002ad8   Data           4  retarget.o(.data)
    SystemCoreClock                          0x20002b34   Data           4  system_nrf52.o(.data)
    __microlib_freelist                      0x20002b38   Data           4  mvars.o(.data)
    __microlib_freelist_initialised          0x20002b3c   Data           4  mvars.o(.data)
    log_dynamic_data$$Base                   0x20002b40   Number         0  nrf_ble_gatt.o(log_dynamic_data)
    m_nrf_log_ble_gatt_logs_data_dynamic     0x20002b40   Data          12  nrf_ble_gatt.o(log_dynamic_data)
    m_nrf_log_clock_logs_data_dynamic        0x20002b4c   Data          12  nrf_drv_clock.o(log_dynamic_data)
    m_nrf_log_gpiote_logs_data_dynamic       0x20002b58   Data          12  nrf_drv_gpiote.o(log_dynamic_data)
    m_nrf_log_uart_logs_data_dynamic         0x20002b64   Data          12  nrf_drv_uart.o(log_dynamic_data)
    m_nrf_log_spi_logs_data_dynamic          0x20002b70   Data          12  nrf_drv_spi.o(log_dynamic_data)
    m_nrf_log_balloc_logs_data_dynamic       0x20002b7c   Data          12  nrf_balloc.o(log_dynamic_data)
    m_nrf_log_pwr_mgmt_logs_data_dynamic     0x20002b88   Data          12  nrf_pwr_mgmt.o(log_dynamic_data)
    m_nrf_log_app_logs_data_dynamic          0x20002b94   Data          12  nrf_log_frontend.o(log_dynamic_data)
    m_nrf_log_nrf_sdh_logs_data_dynamic      0x20002ba0   Data          12  nrf_sdh.o(log_dynamic_data)
    m_nrf_log_nrf_sdh_ble_logs_data_dynamic  0x20002bac   Data          12  nrf_sdh_ble.o(log_dynamic_data)
    m_nrf_log_nrf_sdh_soc_logs_data_dynamic  0x20002bb8   Data          12  nrf_sdh_soc.o(log_dynamic_data)
    sensor                                   0x20002fc0   Data          40  main.o(.bss)
    nrf_nvic_state                           0x200033bc   Data          12  app_util_platform.o(.bss)
    _SEGGER_RTT                              0x20003960   Data         120  segger_rtt.o(.bss)
    __heap_base                              0x20003be8   Data           0  arm_startup_nrf52.o(HEAP)
    __heap_limit                             0x20005be8   Data           0  arm_startup_nrf52.o(HEAP)
    __initial_sp                             0x20007be8   Data           0  arm_startup_nrf52.o(STACK)



==============================================================================

Memory Map of the image

  Image Entry point : 0x00023201

  Load Region LR_IROM1 (Base: 0x00023000, Size: 0x00007ddc, Max: 0x0005d000, ABSOLUTE, COMPRESSED[0x00007cc8])

    Execution Region ER_IROM1 (Exec base: 0x00023000, Load base: 0x00023000, Size: 0x00007c80, Max: 0x0005d000, ABSOLUTE)

    Exec Addr    Load Addr    Size         Type   Attr      Idx    E Section Name        Object

    0x00023000   0x00023000   0x00000200   Data   RO         4724    RESET               arm_startup_nrf52.o
    0x00023200   0x00023200   0x00000000   Code   RO         4765  * .ARM.Collect$$$$00000000  mc_w.l(entry.o)
    0x00023200   0x00023200   0x00000004   Code   RO         5097    .ARM.Collect$$$$00000001  mc_w.l(entry2.o)
    0x00023204   0x00023204   0x00000004   Code   RO         5100    .ARM.Collect$$$$00000004  mc_w.l(entry5.o)
    0x00023208   0x00023208   0x00000000   Code   RO         5102    .ARM.Collect$$$$00000008  mc_w.l(entry7b.o)
    0x00023208   0x00023208   0x00000000   Code   RO         5104    .ARM.Collect$$$$0000000A  mc_w.l(entry8b.o)
    0x00023208   0x00023208   0x00000008   Code   RO         5105    .ARM.Collect$$$$0000000B  mc_w.l(entry9a.o)
    0x00023210   0x00023210   0x00000000   Code   RO         5107    .ARM.Collect$$$$0000000D  mc_w.l(entry10a.o)
    0x00023210   0x00023210   0x00000000   Code   RO         5109    .ARM.Collect$$$$0000000F  mc_w.l(entry11a.o)
    0x00023210   0x00023210   0x00000004   Code   RO         5098    .ARM.Collect$$$$00002712  mc_w.l(entry2.o)
    0x00023214   0x00023214   0x0000009a   Code   RO         3098    .emb_text           nrf_memobj.o
    0x000232ae   0x000232ae   0x00000002   PAD
    0x000232b0   0x000232b0   0x0000009a   Code   RO         3568    .emb_text           nrf_log_frontend.o
    0x0002334a   0x0002334a   0x00000002   PAD
    0x0002334c   0x0002334c   0x00000024   Code   RO         4725    .text               arm_startup_nrf52.o
    0x00023370   0x00023370   0x00000062   Code   RO         4768    .text               mc_w.l(uldiv.o)
    0x000233d2   0x000233d2   0x00000002   PAD
    0x000233d4   0x000233d4   0x00000008   Code   RO         4770    .text               mc_w.l(ctype_o.o)
    0x000233dc   0x000233dc   0x00000024   Code   RO         4798    .text               mc_w.l(memcpya.o)
    0x00023400   0x00023400   0x00000024   Code   RO         4800    .text               mc_w.l(memseta.o)
    0x00023424   0x00023424   0x0000000e   Code   RO         4802    .text               mc_w.l(strlen.o)
    0x00023432   0x00023432   0x00000012   Code   RO         4804    .text               mc_w.l(strcpy.o)
    0x00023444   0x00023444   0x0000002c   Code   RO         5111    .text               mc_w.l(uidiv.o)
    0x00023470   0x00023470   0x0000001e   Code   RO         5113    .text               mc_w.l(llshl.o)
    0x0002348e   0x0002348e   0x00000020   Code   RO         5115    .text               mc_w.l(llushr.o)
    0x000234ae   0x000234ae   0x00000002   PAD
    0x000234b0   0x000234b0   0x00000024   Code   RO         5130    .text               mc_w.l(init.o)
    0x000234d4   0x000234d4   0x00000056   Code   RO         5144    .text               mc_w.l(__dczerorl2.o)
    0x0002352a   0x0002352a   0x00000002   PAD
    0x0002352c   0x0002352c   0x00000174   Code   RO         1550    i.GPIOTE_IRQHandler  nrf_drv_gpiote.o
    0x000236a0   0x000236a0   0x00000016   Code   RO         2402    i.NVIC_ClearPendingIRQ  app_timer.o
    0x000236b6   0x000236b6   0x00000016   Code   RO         2403    i.NVIC_EnableIRQ    app_timer.o
    0x000236cc   0x000236cc   0x00000016   Code   RO         2404    i.NVIC_SetPendingIRQ  app_timer.o
    0x000236e2   0x000236e2   0x00000020   Code   RO         2405    i.NVIC_SetPriority  app_timer.o
    0x00023702   0x00023702   0x00000002   PAD
    0x00023704   0x00023704   0x00000058   Code   RO         1344    i.POWER_CLOCK_IRQHandler  nrf_drv_clock.o
    0x0002375c   0x0002375c   0x00000024   Code   RO         2406    i.RTC1_IRQHandler   app_timer.o
    0x00023780   0x00023780   0x00000004   Code   RO         3819    i.SEGGER_RTT_Init   segger_rtt.o
    0x00023784   0x00023784   0x0000005c   Code   RO         3830    i.SEGGER_RTT_WriteNoLock  segger_rtt.o
    0x000237e0   0x000237e0   0x0000004c   Code   RO         2028    i.SPIM0_SPIS0_TWIM0_TWIS0_SPI0_TWI0_IRQHandler  nrf_drv_spi.o
    0x0002382c   0x0002382c   0x00000004   Code   RO         2407    i.SWI0_EGU0_IRQHandler  app_timer.o
    0x00023830   0x00023830   0x00000004   Code   RO         4043    i.SWI2_EGU2_IRQHandler  nrf_sdh.o
    0x00023834   0x00023834   0x000002fc   Code   RO         4733    i.SystemInit        system_nrf52.o
    0x00023b30   0x00023b30   0x0000001c   Code   RO         1797    i.UARTE0_UART0_IRQHandler  nrf_drv_uart.o
    0x00023b4c   0x00023b4c   0x00000068   Code   RO         3834    i._DoInit           segger_rtt.o
    0x00023bb4   0x00023bb4   0x00000016   Code   RO         3835    i._GetAvailWriteSpace  segger_rtt.o
    0x00023bca   0x00023bca   0x0000005a   Code   RO         3837    i._WriteBlocking    segger_rtt.o
    0x00023c24   0x00023c24   0x00000042   Code   RO         3838    i._WriteNoCheck     segger_rtt.o
    0x00023c66   0x00023c66   0x00000002   PAD
    0x00023c68   0x00023c68   0x00000020   Code   RO         4853    i.__0printf$1       mc_w.l(printf1.o)
    0x00023c88   0x00023c88   0x00000028   Code   RO         4855    i.__0sprintf$1      mc_w.l(printf1.o)
    0x00023cb0   0x00023cb0   0x0000000e   Code   RO         5138    i.__scatterload_copy  mc_w.l(handlers.o)
    0x00023cbe   0x00023cbe   0x00000002   Code   RO         5139    i.__scatterload_null  mc_w.l(handlers.o)
    0x00023cc0   0x00023cc0   0x0000000e   Code   RO         5140    i.__scatterload_zeroinit  mc_w.l(handlers.o)
    0x00023cce   0x00023cce   0x00000002   PAD
    0x00023cd0   0x00023cd0   0x00000024   Code   RO         4044    i.__sd_nvic_app_accessible_irq  nrf_sdh.o
    0x00023cf4   0x00023cf4   0x00000154   Code   RO         4860    i._printf_core      mc_w.l(printf1.o)
    0x00023e48   0x00023e48   0x0000000a   Code   RO         4862    i._sputc            mc_w.l(printf1.o)
    0x00023e52   0x00023e52   0x00000036   Code   RO          658    i.advertising_buttons_configure  bsp_btn_ble.o
    0x00023e88   0x00023e88   0x00000006   Code   RO          538    i.alert_timer_handler  bsp.o
    0x00023e8e   0x00023e8e   0x00000002   PAD
    0x00023e90   0x00023e90   0x00000024   Code   RO         2143    i.app_button_enable  app_button.o
    0x00023eb4   0x00023eb4   0x00000070   Code   RO         2144    i.app_button_init   app_button.o
    0x00023f24   0x00023f24   0x00000078   Code   RO         2241    i.app_error_fault_handler  app_error_weak.o
    0x00023f9c   0x00023f9c   0x00000016   Code   RO         2202    i.app_error_handler_bare  app_error.o
    0x00023fb2   0x00023fb2   0x00000016   Code   RO         2279    i.app_fifo_get      app_fifo.o
    0x00023fc8   0x00023fc8   0x00000020   Code   RO         2280    i.app_fifo_init     app_fifo.o
    0x00023fe8   0x00023fe8   0x0000001a   Code   RO         2282    i.app_fifo_put      app_fifo.o
    0x00024002   0x00024002   0x00000002   PAD
    0x00024004   0x00024004   0x00000024   Code   RO         2410    i.app_timer_create  app_timer.o
    0x00024028   0x00024028   0x00000054   Code   RO         2411    i.app_timer_init    app_timer.o
    0x0002407c   0x0002407c   0x00000088   Code   RO         2414    i.app_timer_start   app_timer.o
    0x00024104   0x00024104   0x00000020   Code   RO         2415    i.app_timer_stop    app_timer.o
    0x00024124   0x00024124   0x00000034   Code   RO         2573    i.app_uart_get      app_uart_fifo.o
    0x00024158   0x00024158   0x000000b4   Code   RO         2574    i.app_uart_init     app_uart_fifo.o
    0x0002420c   0x0002420c   0x0000003c   Code   RO         2575    i.app_uart_put      app_uart_fifo.o
    0x00024248   0x00024248   0x00000048   Code   RO         2637    i.app_util_critical_region_enter  app_util_platform.o
    0x00024290   0x00024290   0x00000034   Code   RO         2638    i.app_util_critical_region_exit  app_util_platform.o
    0x000242c4   0x000242c4   0x000000b8   Code   RO         1798    i.apply_config      nrf_drv_uart.o
    0x0002437c   0x0002437c   0x00000182   Code   RO          749    i.ble_advdata_encode  ble_advdata.o
    0x000244fe   0x000244fe   0x00000068   Code   RO          750    i.ble_advdata_set   ble_advdata.o
    0x00024566   0x00024566   0x00000006   Code   RO          829    i.ble_advertising_conn_cfg_tag_set  ble_advertising.o
    0x0002456c   0x0002456c   0x00000136   Code   RO          830    i.ble_advertising_init  ble_advertising.o
    0x000246a2   0x000246a2   0x00000068   Code   RO          832    i.ble_advertising_on_ble_evt  ble_advertising.o
    0x0002470a   0x0002470a   0x00000032   Code   RO          833    i.ble_advertising_on_sys_evt  ble_advertising.o
    0x0002473c   0x0002473c   0x0000003c   Code   RO          835    i.ble_advertising_restart_without_whitelist  ble_advertising.o
    0x00024778   0x00024778   0x000001ca   Code   RO          836    i.ble_advertising_start  ble_advertising.o
    0x00024942   0x00024942   0x00000002   PAD
    0x00024944   0x00024944   0x00000068   Code   RO          908    i.ble_conn_params_init  ble_conn_params.o
    0x000249ac   0x000249ac   0x00000060   Code   RO          751    i.ble_device_addr_encode  ble_advdata.o
    0x00024a0c   0x00024a0c   0x0000013c   Code   RO            5    i.ble_evt_handler   main.o
    0x00024b48   0x00024b48   0x00000070   Code   RO          659    i.ble_evt_handler   bsp_btn_ble.o
    0x00024bb8   0x00024bb8   0x000000fc   Code   RO          910    i.ble_evt_handler   ble_conn_params.o
    0x00024cb4   0x00024cb4   0x0000010c   Code   RO         1004    i.ble_evt_handler   ble_conn_state.o
    0x00024dc0   0x00024dc0   0x00000064   Code   RO         1294    i.ble_nus_init      ble_nus.o
    0x00024e24   0x00024e24   0x0000008c   Code   RO         1295    i.ble_nus_on_ble_evt  ble_nus.o
    0x00024eb0   0x00024eb0   0x00000048   Code   RO         1296    i.ble_nus_string_send  ble_nus.o
    0x00024ef8   0x00024ef8   0x00000008   Code   RO         1140    i.ble_srv_is_notification_enabled  ble_srv_common.o
    0x00024f00   0x00024f00   0x0000003a   Code   RO         4259    i.bmi160_get_regs   bmi160.o
    0x00024f3a   0x00024f3a   0x0000004c   Code   RO         4261    i.bmi160_init       bmi160.o
    0x00024f86   0x00024f86   0x00000038   Code   RO         4264    i.bmi160_read_step_counter  bmi160.o
    0x00024fbe   0x00024fbe   0x00000160   Code   RO         4270    i.bmi160_set_int_config  bmi160.o
    0x0002511e   0x0002511e   0x000000ae   Code   RO         4272    i.bmi160_set_power_mode  bmi160.o
    0x000251cc   0x000251cc   0x0000007e   Code   RO         4273    i.bmi160_set_regs   bmi160.o
    0x0002524a   0x0002524a   0x000000e6   Code   RO         4274    i.bmi160_set_sens_conf  bmi160.o
    0x00025330   0x00025330   0x00000050   Code   RO         4275    i.bmi160_set_step_counter  bmi160.o
    0x00025380   0x00025380   0x0000006e   Code   RO         4276    i.bmi160_soft_reset  bmi160.o
    0x000253ee   0x000253ee   0x00000002   PAD
    0x000253f0   0x000253f0   0x00000058   Code   RO            6    i.bmi160_spi_bus_read  main.o
    0x00025448   0x00025448   0x00000064   Code   RO            7    i.bmi160_spi_bus_write  main.o
    0x000254ac   0x000254ac   0x0000000c   Code   RO          422    i.bsp_board_button_idx_to_pin  boards.o
    0x000254b8   0x000254b8   0x00000020   Code   RO          423    i.bsp_board_button_state_get  boards.o
    0x000254d8   0x000254d8   0x00000024   Code   RO          426    i.bsp_board_led_invert  boards.o
    0x000254fc   0x000254fc   0x00000010   Code   RO          427    i.bsp_board_led_off  boards.o
    0x0002550c   0x0002550c   0x00000010   Code   RO          428    i.bsp_board_led_on  boards.o
    0x0002551c   0x0002551c   0x00000020   Code   RO          429    i.bsp_board_led_state_get  boards.o
    0x0002553c   0x0002553c   0x0000002c   Code   RO          430    i.bsp_board_leds_init  boards.o
    0x00025568   0x00025568   0x00000012   Code   RO          431    i.bsp_board_leds_off  boards.o
    0x0002557a   0x0002557a   0x00000012   Code   RO          432    i.bsp_board_leds_on  boards.o
    0x0002558c   0x0002558c   0x00000024   Code   RO          433    i.bsp_board_pin_to_button_idx  boards.o
    0x000255b0   0x000255b0   0x00000038   Code   RO          660    i.bsp_btn_ble_init  bsp_btn_ble.o
    0x000255e8   0x000255e8   0x0000001e   Code   RO          661    i.bsp_btn_ble_sleep_mode_prepare  bsp_btn_ble.o
    0x00025606   0x00025606   0x00000002   PAD
    0x00025608   0x00025608   0x00000090   Code   RO          539    i.bsp_button_event_handler  bsp.o
    0x00025698   0x00025698   0x00000004   Code   RO          540    i.bsp_button_is_pressed  bsp.o
    0x0002569c   0x0002569c   0x0000004c   Code   RO            8    i.bsp_event_handler  main.o
    0x000256e8   0x000256e8   0x00000044   Code   RO          543    i.bsp_event_to_button_action_assign  bsp.o
    0x0002572c   0x0002572c   0x00000018   Code   RO          544    i.bsp_indication_set  bsp.o
    0x00025744   0x00025744   0x00000094   Code   RO          545    i.bsp_init          bsp.o
    0x000257d8   0x000257d8   0x000001b8   Code   RO          546    i.bsp_led_indication  bsp.o
    0x00025990   0x00025990   0x00000010   Code   RO          548    i.bsp_wakeup_button_enable  bsp.o
    0x000259a0   0x000259a0   0x00000058   Code   RO         3569    i.buf_prealloc      nrf_log_frontend.o
    0x000259f8   0x000259f8   0x0000001e   Code   RO         2907    i.buffer_add        nrf_fprintf_format.o
    0x00025a16   0x00025a16   0x00000002   PAD
    0x00025a18   0x00025a18   0x00000014   Code   RO         3570    i.buffer_is_empty   nrf_log_frontend.o
    0x00025a2c   0x00025a2c   0x00000008   Code   RO          549    i.button_timer_handler  bsp.o
    0x00025a34   0x00025a34   0x0000001c   Code   RO         1551    i.channel_free      nrf_drv_gpiote.o
    0x00025a50   0x00025a50   0x00000048   Code   RO         1552    i.channel_port_alloc  nrf_drv_gpiote.o
    0x00025a98   0x00025a98   0x00000010   Code   RO         1553    i.channel_port_get  nrf_drv_gpiote.o
    0x00025aa8   0x00025aa8   0x0000006c   Code   RO         4279    i.check_accel_config  bmi160.o
    0x00025b14   0x00025b14   0x0000006e   Code   RO         4281    i.check_gyro_config  bmi160.o
    0x00025b82   0x00025b82   0x00000002   PAD
    0x00025b84   0x00025b84   0x00000028   Code   RO         1345    i.clock_clk_started_notify  nrf_drv_clock.o
    0x00025bac   0x00025bac   0x000000ac   Code   RO         2417    i.compare_reg_update  app_timer.o
    0x00025c58   0x00025c58   0x000000c8   Code   RO         4282    i.config_any_motion_int_settg  bmi160.o
    0x00025d20   0x00025d20   0x0000006a   Code   RO         4283    i.config_int_latch  bmi160.o
    0x00025d8a   0x00025d8a   0x00000002   PAD
    0x00025d8c   0x00025d8c   0x0000009c   Code   RO         4284    i.config_int_out_ctrl  bmi160.o
    0x00025e28   0x00025e28   0x00000080   Code   RO         4285    i.config_no_motion_dur_thr  bmi160.o
    0x00025ea8   0x00025ea8   0x0000007c   Code   RO         4286    i.config_orient_int_settg  bmi160.o
    0x00025f24   0x00025f24   0x00000074   Code   RO         4287    i.config_sig_dur_threshold  bmi160.o
    0x00025f98   0x00025f98   0x0000009a   Code   RO         4288    i.config_step_detect  bmi160.o
    0x00026032   0x00026032   0x00000076   Code   RO         4289    i.config_tap_param  bmi160.o
    0x000260a8   0x000260a8   0x00000088   Code   RO          752    i.conn_int_encode   ble_advdata.o
    0x00026130   0x00026130   0x00000004   Code   RO            9    i.conn_params_error_handler  main.o
    0x00026134   0x00026134   0x00000048   Code   RO          911    i.conn_params_negotiation  ble_conn_params.o
    0x0002617c   0x0002617c   0x00000060   Code   RO         2146    i.detection_delay_timeout_handler  app_button.o
    0x000261dc   0x000261dc   0x00000040   Code   RO         2418    i.elapsed_ticks_acquire  app_timer.o
    0x0002621c   0x0002621c   0x00000076   Code   RO         4290    i.enable_accel_any_motion_int  bmi160.o
    0x00026292   0x00026292   0x0000004e   Code   RO         3001    i.event_send        nrf_fstorage_sd.o
    0x000262e0   0x000262e0   0x00000014   Code   RO         2285    i.fifo_get          app_fifo.o
    0x000262f4   0x000262f4   0x00000012   Code   RO         2286    i.fifo_put          app_fifo.o
    0x00026306   0x00026306   0x0000000e   Code   RO         3335    i.fputc             retarget.o
    0x00026314   0x00026314   0x00000050   Code   RO         5069    i.free              mc_w.l(malloc.o)
    0x00026364   0x00026364   0x00000054   Code   RO           10    i.gatt_evt_handler  main.o
    0x000263b8   0x000263b8   0x00000030   Code   RO           11    i.gatt_init         main.o
    0x000263e8   0x000263e8   0x00000058   Code   RO         2147    i.gpiote_event_handler  app_button.o
    0x00026440   0x00026440   0x00000014   Code   RO          912    i.instance_get      ble_conn_params.o
    0x00026454   0x00026454   0x00000060   Code   RO           12    i.int_pin_handler   main.o
    0x000264b4   0x000264b4   0x000000a6   Code   RO         2908    i.int_print         nrf_fprintf_format.o
    0x0002655a   0x0002655a   0x00000002   PAD
    0x0002655c   0x0002655c   0x00000078   Code   RO         1799    i.interrupts_enable  nrf_drv_uart.o
    0x000265d4   0x000265d4   0x00000044   Code   RO          913    i.is_conn_params_ok  ble_conn_params.o
    0x00026618   0x00026618   0x00000030   Code   RO          550    i.leds_off          bsp.o
    0x00026648   0x00026648   0x00000014   Code   RO          551    i.leds_timer_handler  bsp.o
    0x0002665c   0x0002665c   0x00000028   Code   RO         1348    i.lfclk_stop        nrf_drv_clock.o
    0x00026684   0x00026684   0x00000018   Code   RO         1197    i.link_init         nrf_ble_gatt.o
    0x0002669c   0x0002669c   0x000000f8   Code   RO         2419    i.list_insertions_handler  app_timer.o
    0x00026794   0x00026794   0x00000090   Code   RO         3572    i.log_skip          nrf_log_frontend.o
    0x00026824   0x00026824   0x00000234   Code   RO           13    i.main              main.o
    0x00026a58   0x00026a58   0x0000006c   Code   RO         5070    i.malloc            mc_w.l(malloc.o)
    0x00026ac4   0x00026ac4   0x00000064   Code   RO          753    i.manuf_specific_data_encode  ble_advdata.o
    0x00026b28   0x00026b28   0x0000007c   Code   RO         4301    i.map_feature_interrupt  bmi160.o
    0x00026ba4   0x00026ba4   0x00000078   Code   RO         4302    i.map_hardware_interrupt  bmi160.o
    0x00026c1c   0x00026c1c   0x00000076   Code   RO         3099    i.memobj_op         nrf_memobj.o
    0x00026c92   0x00026c92   0x00000002   PAD
    0x00026c94   0x00026c94   0x00000038   Code   RO         3573    i.module_idx_get    nrf_log_frontend.o
    0x00026ccc   0x00026ccc   0x00000014   Code   RO           14    i.n_of_digits       main.o
    0x00026ce0   0x00026ce0   0x0000009c   Code   RO          754    i.name_encode       ble_advdata.o
    0x00026d7c   0x00026d7c   0x0000000c   Code   RO         3574    i.nrf_atomic_flag_clear_fetch  nrf_log_frontend.o
    0x00026d88   0x00026d88   0x0000000e   Code   RO         3575    i.nrf_atomic_flag_set  nrf_log_frontend.o
    0x00026d96   0x00026d96   0x00000044   Code   RO         2823    i.nrf_balloc_alloc  nrf_balloc.o
    0x00026dda   0x00026dda   0x00000030   Code   RO         2824    i.nrf_balloc_free   nrf_balloc.o
    0x00026e0a   0x00026e0a   0x00000030   Code   RO         2825    i.nrf_balloc_init   nrf_balloc.o
    0x00026e3a   0x00026e3a   0x00000010   Code   RO         1554    i.nrf_bitmask_bit_is_set  nrf_drv_gpiote.o
    0x00026e4a   0x00026e4a   0x00000018   Code   RO         1199    i.nrf_ble_gatt_att_mtu_periph_set  nrf_ble_gatt.o
    0x00026e62   0x00026e62   0x00000022   Code   RO         1203    i.nrf_ble_gatt_init  nrf_ble_gatt.o
    0x00026e84   0x00026e84   0x00000148   Code   RO         1204    i.nrf_ble_gatt_on_ble_evt  nrf_ble_gatt.o
    0x00026fcc   0x00026fcc   0x0000000e   Code   RO         1349    i.nrf_clock_event_check  nrf_drv_clock.o
    0x00026fda   0x00026fda   0x00000010   Code   RO         1350    i.nrf_clock_event_clear  nrf_drv_clock.o
    0x00026fea   0x00026fea   0x0000000a   Code   RO           15    i.nrf_delay_ms      main.o
    0x00026ff4   0x00026ff4   0x0000008c   Code   RO           16    i.nrf_delay_us      main.o
    0x00027080   0x00027080   0x0000008c   Code   RO         2420    i.nrf_delay_us      app_timer.o
    0x0002710c   0x0002710c   0x00000048   Code   RO         1357    i.nrf_drv_clock_init  nrf_drv_clock.o
    0x00027154   0x00027154   0x0000002c   Code   RO         1361    i.nrf_drv_clock_lfclk_release  nrf_drv_clock.o
    0x00027180   0x00027180   0x00000038   Code   RO         1514    i.nrf_drv_common_irq_enable  nrf_drv_common.o
    0x000271b8   0x000271b8   0x00000006   Code   RO         1801    i.nrf_drv_get_IRQn  nrf_drv_uart.o
    0x000271be   0x000271be   0x00000002   PAD
    0x000271c0   0x000271c0   0x000000a4   Code   RO         1559    i.nrf_drv_gpiote_in_event_enable  nrf_drv_gpiote.o
    0x00027264   0x00027264   0x000000b8   Code   RO         1560    i.nrf_drv_gpiote_in_init  nrf_drv_gpiote.o
    0x0002731c   0x0002731c   0x00000014   Code   RO         1561    i.nrf_drv_gpiote_in_is_set  nrf_drv_gpiote.o
    0x00027330   0x00027330   0x0000005c   Code   RO         1563    i.nrf_drv_gpiote_init  nrf_drv_gpiote.o
    0x0002738c   0x0002738c   0x00000014   Code   RO         1564    i.nrf_drv_gpiote_is_init  nrf_drv_gpiote.o
    0x000273a0   0x000273a0   0x00000010   Code   RO         1802    i.nrf_drv_is_in_RAM  nrf_drv_uart.o
    0x000273b0   0x000273b0   0x00000010   Code   RO         2029    i.nrf_drv_is_in_RAM  nrf_drv_spi.o
    0x000273c0   0x000273c0   0x00000128   Code   RO         2032    i.nrf_drv_spi_init  nrf_drv_spi.o
    0x000274e8   0x000274e8   0x0000001c   Code   RO         2034    i.nrf_drv_spi_transfer  nrf_drv_spi.o
    0x00027504   0x00027504   0x00000060   Code   RO         2036    i.nrf_drv_spi_xfer  nrf_drv_spi.o
    0x00027564   0x00027564   0x00000068   Code   RO         1804    i.nrf_drv_uart_init  nrf_drv_uart.o
    0x000275cc   0x000275cc   0x000000b0   Code   RO         1805    i.nrf_drv_uart_rx   nrf_drv_uart.o
    0x0002767c   0x0002767c   0x00000030   Code   RO         1808    i.nrf_drv_uart_rx_enable  nrf_drv_uart.o
    0x000276ac   0x000276ac   0x000000a8   Code   RO         1809    i.nrf_drv_uart_rx_for_uart  nrf_drv_uart.o
    0x00027754   0x00027754   0x000000b0   Code   RO         1810    i.nrf_drv_uart_rx_for_uarte  nrf_drv_uart.o
    0x00027804   0x00027804   0x0000010c   Code   RO         1812    i.nrf_drv_uart_tx   nrf_drv_uart.o
    0x00027910   0x00027910   0x00000018   Code   RO         1814    i.nrf_drv_uart_tx_in_progress  nrf_drv_uart.o
    0x00027928   0x00027928   0x0000001a   Code   RO         2864    i.nrf_fprintf       nrf_fprintf.o
    0x00027942   0x00027942   0x00000018   Code   RO         2865    i.nrf_fprintf_buffer_flush  nrf_fprintf.o
    0x0002795a   0x0002795a   0x000001da   Code   RO         2909    i.nrf_fprintf_fmt   nrf_fprintf_format.o
    0x00027b34   0x00027b34   0x00000050   Code   RO         2948    i.nrf_fstorage_is_busy  nrf_fstorage.o
    0x00027b84   0x00027b84   0x00000020   Code   RO         3004    i.nrf_fstorage_sdh_req_handler  nrf_fstorage_sd.o
    0x00027ba4   0x00027ba4   0x00000020   Code   RO         3005    i.nrf_fstorage_sdh_state_handler  nrf_fstorage_sd.o
    0x00027bc4   0x00027bc4   0x000000b8   Code   RO         3006    i.nrf_fstorage_sys_evt_handler  nrf_fstorage_sd.o
    0x00027c7c   0x00027c7c   0x00000024   Code   RO          435    i.nrf_gpio_cfg      boards.o
    0x00027ca0   0x00027ca0   0x00000024   Code   RO         1578    i.nrf_gpio_cfg      nrf_drv_gpiote.o
    0x00027cc4   0x00027cc4   0x00000024   Code   RO         1816    i.nrf_gpio_cfg      nrf_drv_uart.o
    0x00027ce8   0x00027ce8   0x00000024   Code   RO         2037    i.nrf_gpio_cfg      nrf_drv_spi.o
    0x00027d0c   0x00027d0c   0x00000012   Code   RO         1818    i.nrf_gpio_cfg_input  nrf_drv_uart.o
    0x00027d1e   0x00027d1e   0x00000014   Code   RO         1819    i.nrf_gpio_cfg_output  nrf_drv_uart.o
    0x00027d32   0x00027d32   0x00000014   Code   RO         2038    i.nrf_gpio_cfg_output  nrf_drv_spi.o
    0x00027d46   0x00027d46   0x00000022   Code   RO          552    i.nrf_gpio_cfg_sense_set  bsp.o
    0x00027d68   0x00027d68   0x00000022   Code   RO         1580    i.nrf_gpio_cfg_sense_set  nrf_drv_gpiote.o
    0x00027d8a   0x00027d8a   0x0000000e   Code   RO         2039    i.nrf_gpio_pin_set  nrf_drv_spi.o
    0x00027d98   0x00027d98   0x00000016   Code   RO          436    i.nrf_gpio_pin_write  boards.o
    0x00027dae   0x00027dae   0x00000002   PAD
    0x00027db0   0x00027db0   0x00000028   Code   RO         1581    i.nrf_gpio_ports_read  nrf_drv_gpiote.o
    0x00027dd8   0x00027dd8   0x00000014   Code   RO         1582    i.nrf_gpiote_event_clear  nrf_drv_gpiote.o
    0x00027dec   0x00027dec   0x00000010   Code   RO         1583    i.nrf_gpiote_event_is_set  nrf_drv_gpiote.o
    0x00027dfc   0x00027dfc   0x00000068   Code   RO         3576    i.nrf_log_backend_add  nrf_log_frontend.o
    0x00027e64   0x00027e64   0x00000002   Code   RO         3437    i.nrf_log_backend_rtt_flush  nrf_log_backend_rtt.o
    0x00027e66   0x00027e66   0x00000004   Code   RO         3438    i.nrf_log_backend_rtt_init  nrf_log_backend_rtt.o
    0x00027e6a   0x00027e6a   0x00000002   Code   RO         3439    i.nrf_log_backend_rtt_panic_set  nrf_log_backend_rtt.o
    0x00027e6c   0x00027e6c   0x00000018   Code   RO         3440    i.nrf_log_backend_rtt_put  nrf_log_backend_rtt.o
    0x00027e84   0x00027e84   0x000000d2   Code   RO         3501    i.nrf_log_backend_serial_put  nrf_log_backend_serial.o
    0x00027f56   0x00027f56   0x00000002   PAD
    0x00027f58   0x00027f58   0x00000028   Code   RO         3578    i.nrf_log_color_id_get  nrf_log_frontend.o
    0x00027f80   0x00027f80   0x0000001c   Code   RO         3535    i.nrf_log_default_backends_init  nrf_log_default_backends.o
    0x00027f9c   0x00027f9c   0x000001ac   Code   RO         3579    i.nrf_log_frontend_dequeue  nrf_log_frontend.o
    0x00028148   0x00028148   0x00000008   Code   RO         3581    i.nrf_log_frontend_std_0  nrf_log_frontend.o
    0x00028150   0x00028150   0x0000000e   Code   RO         3582    i.nrf_log_frontend_std_1  nrf_log_frontend.o
    0x0002815e   0x0002815e   0x00000010   Code   RO         3583    i.nrf_log_frontend_std_2  nrf_log_frontend.o
    0x0002816e   0x0002816e   0x00000002   PAD
    0x00028170   0x00028170   0x000000ac   Code   RO         3763    i.nrf_log_hexdump_entry_process  nrf_log_str_formatter.o
    0x0002821c   0x0002821c   0x0000005c   Code   RO         3588    i.nrf_log_init      nrf_log_frontend.o
    0x00028278   0x00028278   0x00000014   Code   RO         3589    i.nrf_log_module_cnt_get  nrf_log_frontend.o
    0x0002828c   0x0002828c   0x00000024   Code   RO         3590    i.nrf_log_module_filter_get  nrf_log_frontend.o
    0x000282b0   0x000282b0   0x0000001c   Code   RO         3592    i.nrf_log_module_name_get  nrf_log_frontend.o
    0x000282cc   0x000282cc   0x00000028   Code   RO         3593    i.nrf_log_panic     nrf_log_frontend.o
    0x000282f4   0x000282f4   0x000000b6   Code   RO         3764    i.nrf_log_std_entry_process  nrf_log_str_formatter.o
    0x000283aa   0x000283aa   0x00000060   Code   RO         3100    i.nrf_memobj_alloc  nrf_memobj.o
    0x0002840a   0x0002840a   0x00000032   Code   RO         3101    i.nrf_memobj_free   nrf_memobj.o
    0x0002843c   0x0002843c   0x0000000e   Code   RO         3102    i.nrf_memobj_get    nrf_memobj.o
    0x0002844a   0x0002844a   0x00000004   Code   RO         3103    i.nrf_memobj_pool_init  nrf_memobj.o
    0x0002844e   0x0002844e   0x00000022   Code   RO         3104    i.nrf_memobj_put    nrf_memobj.o
    0x00028470   0x00028470   0x0000000c   Code   RO         3105    i.nrf_memobj_read   nrf_memobj.o
    0x0002847c   0x0002847c   0x0000000c   Code   RO         3106    i.nrf_memobj_write  nrf_memobj.o
    0x00028488   0x00028488   0x00000014   Code   RO         4170    i.nrf_sdh_ble_app_ram_start_get  nrf_sdh_ble.o
    0x0002849c   0x0002849c   0x00000158   Code   RO         4171    i.nrf_sdh_ble_default_cfg_set  nrf_sdh_ble.o
    0x000285f4   0x000285f4   0x000000d0   Code   RO         4172    i.nrf_sdh_ble_enable  nrf_sdh_ble.o
    0x000286c4   0x000286c4   0x00000050   Code   RO         4173    i.nrf_sdh_ble_evts_poll  nrf_sdh_ble.o
    0x00028714   0x00028714   0x00000040   Code   RO         4045    i.nrf_sdh_disable_request  nrf_sdh.o
    0x00028754   0x00028754   0x00000058   Code   RO         4046    i.nrf_sdh_enable_request  nrf_sdh.o
    0x000287ac   0x000287ac   0x00000024   Code   RO         4047    i.nrf_sdh_evts_poll  nrf_sdh.o
    0x000287d0   0x000287d0   0x0000000c   Code   RO         4048    i.nrf_sdh_is_enabled  nrf_sdh.o
    0x000287dc   0x000287dc   0x0000001c   Code   RO         4050    i.nrf_sdh_request_continue  nrf_sdh.o
    0x000287f8   0x000287f8   0x0000003c   Code   RO         4220    i.nrf_sdh_soc_evts_poll  nrf_sdh_soc.o
    0x00028834   0x00028834   0x0000000a   Code   RO         3266    i.nrf_section_iter_init  nrf_section_iter.o
    0x0002883e   0x0002883e   0x00000024   Code   RO         3267    i.nrf_section_iter_item_set  nrf_section_iter.o
    0x00028862   0x00028862   0x00000020   Code   RO         3268    i.nrf_section_iter_next  nrf_section_iter.o
    0x00028882   0x00028882   0x0000000a   Code   RO         2040    i.nrf_spim_event_check  nrf_drv_spi.o
    0x0002888c   0x0002888c   0x00000038   Code   RO         3301    i.nrf_strerror_find  nrf_strerror.o
    0x000288c4   0x000288c4   0x00000014   Code   RO         3302    i.nrf_strerror_get  nrf_strerror.o
    0x000288d8   0x000288d8   0x0000000a   Code   RO         1820    i.nrf_uart_event_check  nrf_drv_uart.o
    0x000288e2   0x000288e2   0x0000000c   Code   RO         1821    i.nrf_uart_event_clear  nrf_drv_uart.o
    0x000288ee   0x000288ee   0x0000000c   Code   RO         1822    i.nrf_uart_int_enable_check  nrf_drv_uart.o
    0x000288fa   0x000288fa   0x0000000a   Code   RO         1823    i.nrf_uarte_event_check  nrf_drv_uart.o
    0x00028904   0x00028904   0x0000000c   Code   RO         1824    i.nrf_uarte_event_clear  nrf_drv_uart.o
    0x00028910   0x00028910   0x00000018   Code   RO         4304    i.null_ptr_check    bmi160.o
    0x00028928   0x00028928   0x00000090   Code   RO           17    i.nus_data_handler  main.o
    0x000289b8   0x000289b8   0x00000024   Code   RO           18    i.on_adv_evt        main.o
    0x000289dc   0x000289dc   0x0000001c   Code   RO           19    i.on_conn_params_evt  main.o
    0x000289f8   0x000289f8   0x0000009c   Code   RO         1205    i.on_connected_evt  nrf_ble_gatt.o
    0x00028a94   0x00028a94   0x00000074   Code   RO         1206    i.on_exchange_mtu_request_evt  nrf_ble_gatt.o
    0x00028b08   0x00028b08   0x00000018   Code   RO         1584    i.pin_in_use_by_port  nrf_drv_gpiote.o
    0x00028b20   0x00028b20   0x00000018   Code   RO         1585    i.pin_in_use_by_te  nrf_drv_gpiote.o
    0x00028b38   0x00028b38   0x0000003c   Code   RO         3765    i.postfix_process   nrf_log_str_formatter.o
    0x00028b74   0x00028b74   0x0000005c   Code   RO         3766    i.prefix_process    nrf_log_str_formatter.o
    0x00028bd0   0x00028bd0   0x00000060   Code   RO         4306    i.process_under_sampling  bmi160.o
    0x00028c30   0x00028c30   0x00000088   Code   RO         3008    i.queue_process     nrf_fstorage_sd.o
    0x00028cb8   0x00028cb8   0x0000003c   Code   RO         2421    i.rtc1_stop         app_timer.o
    0x00028cf4   0x00028cf4   0x00000032   Code   RO         1826    i.rx_byte           nrf_drv_uart.o
    0x00028d26   0x00028d26   0x000000a2   Code   RO         1297    i.rx_char_add       ble_nus.o
    0x00028dc8   0x00028dc8   0x00000018   Code   RO         1827    i.rx_done_event     nrf_drv_uart.o
    0x00028de0   0x00028de0   0x00000020   Code   RO         1828    i.rx_enable         nrf_drv_uart.o
    0x00028e00   0x00028e00   0x00000040   Code   RO         4053    i.sd_nvic_DisableIRQ  nrf_sdh.o
    0x00028e40   0x00028e40   0x00000070   Code   RO         4054    i.sd_nvic_EnableIRQ  nrf_sdh.o
    0x00028eb0   0x00028eb0   0x00000054   Code   RO         1364    i.sd_state_evt_handler  nrf_drv_clock.o
    0x00028f04   0x00028f04   0x00000030   Code   RO         4055    i.sdh_request_observer_notify  nrf_sdh.o
    0x00028f34   0x00028f34   0x0000002c   Code   RO         4056    i.sdh_state_observer_notify  nrf_sdh.o
    0x00028f60   0x00028f60   0x00000044   Code   RO         3372    i.sdk_mapped_flags_bulk_update_by_key  sdk_mapped_flags.o
    0x00028fa4   0x00028fa4   0x00000022   Code   RO         3373    i.sdk_mapped_flags_first_key_index_get  sdk_mapped_flags.o
    0x00028fc6   0x00028fc6   0x00000010   Code   RO         3374    i.sdk_mapped_flags_get_by_index  sdk_mapped_flags.o
    0x00028fd6   0x00028fd6   0x0000004a   Code   RO         3377    i.sdk_mapped_flags_key_list_get  sdk_mapped_flags.o
    0x00029020   0x00029020   0x0000000e   Code   RO         3379    i.sdk_mapped_flags_update_by_key  sdk_mapped_flags.o
    0x0002902e   0x0002902e   0x00000002   PAD
    0x00029030   0x00029030   0x00000010   Code   RO          914    i.send_error_evt    ble_conn_params.o
    0x00029040   0x00029040   0x00000080   Code   RO           21    i.sensor_init       main.o
    0x000290c0   0x000290c0   0x0000002a   Code   RO         3441    i.serial_tx         nrf_log_backend_rtt.o
    0x000290ea   0x000290ea   0x00000002   PAD
    0x000290ec   0x000290ec   0x00000088   Code   RO          755    i.service_data_encode  ble_advdata.o
    0x00029174   0x00029174   0x000000bc   Code   RO         4307    i.set_accel_flat_detect_int  bmi160.o
    0x00029230   0x00029230   0x000000f8   Code   RO         4308    i.set_accel_high_g_int  bmi160.o
    0x00029328   0x00029328   0x000000f6   Code   RO         4309    i.set_accel_low_g_int  bmi160.o
    0x0002941e   0x0002941e   0x000000ca   Code   RO         4310    i.set_accel_no_motion_int  bmi160.o
    0x000294e8   0x000294e8   0x00000078   Code   RO         4311    i.set_accel_orientation_int  bmi160.o
    0x00029560   0x00029560   0x000000c6   Code   RO         4312    i.set_accel_sig_motion_int  bmi160.o
    0x00029626   0x00029626   0x00000078   Code   RO         4313    i.set_accel_step_detect_int  bmi160.o
    0x0002969e   0x0002969e   0x00000002   PAD
    0x000296a0   0x000296a0   0x000000d8   Code   RO         4314    i.set_accel_tap_int  bmi160.o
    0x00029778   0x00029778   0x0000001c   Code   RO         4315    i.set_intr_pin_config  bmi160.o
    0x00029794   0x00029794   0x00000028   Code   RO           22    i.sleep_mode_enter  main.o
    0x000297bc   0x000297bc   0x0000000a   Code   RO         1365    i.soc_evt_handler   nrf_drv_clock.o
    0x000297c6   0x000297c6   0x00000002   PAD
    0x000297c8   0x000297c8   0x0000003c   Code   RO           23    i.spi_config        main.o
    0x00029804   0x00029804   0x0000000c   Code   RO           24    i.spi_event_handler  main.o
    0x00029810   0x00029810   0x000000b2   Code   RO         2041    i.spim_xfer         nrf_drv_spi.o
    0x000298c2   0x000298c2   0x00000002   PAD
    0x000298c4   0x000298c4   0x00000098   Code   RO         3595    i.std_n             nrf_log_frontend.o
    0x0002995c   0x0002995c   0x00000080   Code   RO         2422    i.timer_list_handler  app_timer.o
    0x000299dc   0x000299dc   0x0000003c   Code   RO         2423    i.timer_list_insert  app_timer.o
    0x00029a18   0x00029a18   0x00000060   Code   RO         2424    i.timer_list_remove  app_timer.o
    0x00029a78   0x00029a78   0x00000048   Code   RO         2425    i.timer_stop_op_schedule  app_timer.o
    0x00029ac0   0x00029ac0   0x00000074   Code   RO         2426    i.timer_timeouts_check  app_timer.o
    0x00029b34   0x00029b34   0x00000020   Code   RO         1829    i.tx_byte           nrf_drv_uart.o
    0x00029b54   0x00029b54   0x000000da   Code   RO         1298    i.tx_char_add       ble_nus.o
    0x00029c2e   0x00029c2e   0x0000001c   Code   RO         1830    i.tx_done_event     nrf_drv_uart.o
    0x00029c4a   0x00029c4a   0x00000002   PAD
    0x00029c4c   0x00029c4c   0x0000006c   Code   RO           25    i.uart_event_handle  main.o
    0x00029cb8   0x00029cb8   0x000000a0   Code   RO         2576    i.uart_event_handler  app_uart_fifo.o
    0x00029d58   0x00029d58   0x0000011e   Code   RO         1831    i.uart_irq_handler  nrf_drv_uart.o
    0x00029e76   0x00029e76   0x000000f0   Code   RO         1832    i.uarte_irq_handler  nrf_drv_uart.o
    0x00029f66   0x00029f66   0x0000000a   Code   RO          756    i.uint16_encode     ble_advdata.o
    0x00029f70   0x00029f70   0x000000b4   Code   RO         2910    i.unsigned_print    nrf_fprintf_format.o
    0x0002a024   0x0002a024   0x00000068   Code   RO          915    i.update_timeout_handler  ble_conn_params.o
    0x0002a08c   0x0002a08c   0x00000030   Code   RO         2427    i.user_op_alloc     app_timer.o
    0x0002a0bc   0x0002a0bc   0x00000030   Code   RO          757    i.uuid_list_encode  ble_advdata.o
    0x0002a0ec   0x0002a0ec   0x0000009e   Code   RO          758    i.uuid_list_sized_encode  ble_advdata.o
    0x0002a18a   0x0002a18a   0x00000002   PAD
    0x0002a18c   0x0002a18c   0x00000034   Data   RO           27    .constdata          main.o
    0x0002a1c0   0x0002a1c0   0x00000008   Data   RO          437    .constdata          boards.o
    0x0002a1c8   0x0002a1c8   0x0000002c   Data   RO          557    .constdata          bsp.o
    0x0002a1f4   0x0002a1f4   0x00000016   Data   RO         1207    .constdata          nrf_ble_gatt.o
    0x0002a20a   0x0002a20a   0x00000002   PAD
    0x0002a20c   0x0002a20c   0x00000020   Data   RO         1299    .constdata          ble_nus.o
    0x0002a22c   0x0002a22c   0x00000004   Data   RO         1587    .constdata          nrf_drv_gpiote.o
    0x0002a230   0x0002a230   0x00000008   Data   RO         2149    .constdata          app_button.o
    0x0002a238   0x0002a238   0x00000020   Data   RO         2578    .constdata          app_uart_fifo.o
    0x0002a258   0x0002a258   0x00000010   Data   RO         2911    .constdata          nrf_fprintf_format.o
    0x0002a268   0x0002a268   0x00000104   Data   RO         3303    .constdata          nrf_strerror.o
    0x0002a36c   0x0002a36c   0x0000000c   Data   RO         3443    .constdata          nrf_log_backend_rtt.o
    0x0002a378   0x0002a378   0x00000014   Data   RO         3598    .constdata          nrf_log_frontend.o
    0x0002a38c   0x0002a38c   0x00000010   Data   RO         4057    .constdata          nrf_sdh.o
    0x0002a39c   0x0002a39c   0x00000028   Data   RO         4058    .constdata          nrf_sdh.o
    0x0002a3c4   0x0002a3c4   0x00000010   Data   RO         4059    .constdata          nrf_sdh.o
    0x0002a3d4   0x0002a3d4   0x00000010   Data   RO         4060    .constdata          nrf_sdh.o
    0x0002a3e4   0x0002a3e4   0x00000018   Data   RO         4174    .constdata          nrf_sdh_ble.o
    0x0002a3fc   0x0002a3fc   0x00000014   Data   RO         4175    .constdata          nrf_sdh_ble.o
    0x0002a410   0x0002a410   0x00000010   Data   RO         4221    .constdata          nrf_sdh_soc.o
    0x0002a420   0x0002a420   0x0000000c   Data   RO         4222    .constdata          nrf_sdh_soc.o
    0x0002a42c   0x0002a42c   0x0000000d   Data   RO         4325    .constdata          bmi160.o
    0x0002a439   0x0002a439   0x00000081   Data   RO         4771    .constdata          mc_w.l(ctype_o.o)
    0x0002a4ba   0x0002a4ba   0x00000002   PAD
    0x0002a4bc   0x0002a4bc   0x00000004   Data   RO         4772    .constdata          mc_w.l(ctype_o.o)
    0x0002a4c0   0x0002a4c0   0x0000012d   Data   RO         1208    .conststring        nrf_ble_gatt.o
    0x0002a5ed   0x0002a5ed   0x00000003   PAD
    0x0002a5f0   0x0002a5f0   0x00000307   Data   RO         3304    .conststring        nrf_strerror.o
    0x0002a8f7   0x0002a8f7   0x00000001   PAD
    0x0002a8f8   0x0002a8f8   0x00000066   Data   RO         3767    .conststring        nrf_log_str_formatter.o
    0x0002a95e   0x0002a95e   0x00000002   PAD
    0x0002a960   0x0002a960   0x000001cf   Data   RO         4176    .conststring        nrf_sdh_ble.o
    0x0002ab2f   0x0002ab2f   0x00000001   PAD
    0x0002ab30   0x0002ab30   0x00000009   Data   RO         1209    .conststrlit        nrf_ble_gatt.o
    0x0002ab39   0x0002ab39   0x00000003   PAD
    0x0002ab3c   0x0002ab3c   0x00000006   Data   RO         1371    .conststrlit        nrf_drv_clock.o
    0x0002ab42   0x0002ab42   0x00000002   PAD
    0x0002ab44   0x0002ab44   0x00000007   Data   RO         1591    .conststrlit        nrf_drv_gpiote.o
    0x0002ab4b   0x0002ab4b   0x00000001   PAD
    0x0002ab4c   0x0002ab4c   0x00000005   Data   RO         1834    .conststrlit        nrf_drv_uart.o
    0x0002ab51   0x0002ab51   0x00000003   PAD
    0x0002ab54   0x0002ab54   0x00000004   Data   RO         2046    .conststrlit        nrf_drv_spi.o
    0x0002ab58   0x0002ab58   0x00000007   Data   RO         2826    .conststrlit        nrf_balloc.o
    0x0002ab5f   0x0002ab5f   0x00000001   PAD
    0x0002ab60   0x0002ab60   0x00000009   Data   RO         3195    .conststrlit        nrf_pwr_mgmt.o
    0x0002ab69   0x0002ab69   0x00000003   PAD
    0x0002ab6c   0x0002ab6c   0x00000004   Data   RO         3600    .conststrlit        nrf_log_frontend.o
    0x0002ab70   0x0002ab70   0x00000008   Data   RO         4061    .conststrlit        nrf_sdh.o
    0x0002ab78   0x0002ab78   0x0000000c   Data   RO         4177    .conststrlit        nrf_sdh_ble.o
    0x0002ab84   0x0002ab84   0x0000000c   Data   RO         4223    .conststrlit        nrf_sdh_soc.o
    0x0002ab90   0x0002ab90   0x00000020   Data   RO         5136    Region$$Table       anon$$obj.o
    0x0002abb0   0x0002abb0   0x00000008   Data   RO         1210    log_const_data      nrf_ble_gatt.o
    0x0002abb8   0x0002abb8   0x00000008   Data   RO         1372    log_const_data      nrf_drv_clock.o
    0x0002abc0   0x0002abc0   0x00000008   Data   RO         1592    log_const_data      nrf_drv_gpiote.o
    0x0002abc8   0x0002abc8   0x00000008   Data   RO         1835    log_const_data      nrf_drv_uart.o
    0x0002abd0   0x0002abd0   0x00000008   Data   RO         2047    log_const_data      nrf_drv_spi.o
    0x0002abd8   0x0002abd8   0x00000008   Data   RO         2827    log_const_data      nrf_balloc.o
    0x0002abe0   0x0002abe0   0x00000008   Data   RO         3197    log_const_data      nrf_pwr_mgmt.o
    0x0002abe8   0x0002abe8   0x00000008   Data   RO         3604    log_const_data      nrf_log_frontend.o
    0x0002abf0   0x0002abf0   0x00000008   Data   RO         4063    log_const_data      nrf_sdh.o
    0x0002abf8   0x0002abf8   0x00000008   Data   RO         4178    log_const_data      nrf_sdh_ble.o
    0x0002ac00   0x0002ac00   0x00000008   Data   RO         4224    log_const_data      nrf_sdh_soc.o
    0x0002ac08   0x0002ac08   0x00000008   Data   RO         1007    sdh_ble_observers0  ble_conn_state.o
    0x0002ac10   0x0002ac10   0x00000008   Data   RO           29    sdh_ble_observers1  main.o
    0x0002ac18   0x0002ac18   0x00000008   Data   RO          663    sdh_ble_observers1  bsp_btn_ble.o
    0x0002ac20   0x0002ac20   0x00000018   Data   RO           30    sdh_ble_observers2  main.o
    0x0002ac38   0x0002ac38   0x00000008   Data   RO          918    sdh_ble_observers2  ble_conn_params.o
    0x0002ac40   0x0002ac40   0x00000008   Data   RO         3017    sdh_req_observers0  nrf_fstorage_sd.o
    0x0002ac48   0x0002ac48   0x00000008   Data   RO         1374    sdh_soc_observers0  nrf_drv_clock.o
    0x0002ac50   0x0002ac50   0x00000008   Data   RO         3018    sdh_soc_observers0  nrf_fstorage_sd.o
    0x0002ac58   0x0002ac58   0x00000008   Data   RO           31    sdh_soc_observers1  main.o
    0x0002ac60   0x0002ac60   0x00000008   Data   RO         4180    sdh_stack_observers0  nrf_sdh_ble.o
    0x0002ac68   0x0002ac68   0x00000008   Data   RO         4226    sdh_stack_observers0  nrf_sdh_soc.o
    0x0002ac70   0x0002ac70   0x00000008   Data   RO         1375    sdh_state_observers0  nrf_drv_clock.o
    0x0002ac78   0x0002ac78   0x00000008   Data   RO         3019    sdh_state_observers0  nrf_fstorage_sd.o


    Execution Region RW_IRAM1 (Exec base: 0x20002a68, Load base: 0x0002ac80, Size: 0x00005180, Max: 0x0000d598, ABSOLUTE, COMPRESSED[0x00000048])

    Exec Addr    Load Addr    Size         Type   Attr      Idx    E Section Name        Object

    0x20002a68   COMPRESSED   0x0000000e   Data   RW           28    .data               main.o
    0x20002a76   COMPRESSED   0x00000002   PAD
    0x20002a78   COMPRESSED   0x00000010   Data   RW          558    .data               bsp.o
    0x20002a88   COMPRESSED   0x00000008   Data   RW          662    .data               bsp_btn_ble.o
    0x20002a90   COMPRESSED   0x00000008   Data   RW          917    .data               ble_conn_params.o
    0x20002a98   COMPRESSED   0x00000014   Data   RW         2150    .data               app_button.o
    0x20002aac   COMPRESSED   0x00000014   Data   RW         2429    .data               app_timer.o
    0x20002ac0   COMPRESSED   0x00000010   Data   RW         2579    .data               app_uart_fifo.o
    0x20002ad0   COMPRESSED   0x00000008   Data   RW         3016    .data               nrf_fstorage_sd.o
    0x20002ad8   COMPRESSED   0x00000004   Data   RW         3336    .data               retarget.o
    0x20002adc   COMPRESSED   0x0000000c   Data   RW         3536    .data               nrf_log_default_backends.o
    0x20002ae8   COMPRESSED   0x00000008   Data   RW         3602    .data               nrf_log_frontend.o
    0x20002af0   COMPRESSED   0x00000008   Data   RW         3603    .data               nrf_log_frontend.o
    0x20002af8   COMPRESSED   0x00000038   Data   RW         3768    .data               nrf_log_str_formatter.o
    0x20002b30   COMPRESSED   0x00000003   Data   RW         4062    .data               nrf_sdh.o
    0x20002b33   COMPRESSED   0x00000001   PAD
    0x20002b34   COMPRESSED   0x00000004   Data   RW         4734    .data               system_nrf52.o
    0x20002b38   COMPRESSED   0x00000004   Data   RW         5117    .data               mc_w.l(mvars.o)
    0x20002b3c   COMPRESSED   0x00000004   Data   RW         5118    .data               mc_w.l(mvars.o)
    0x20002b40   COMPRESSED   0x0000000c   Data   RW         1211    log_dynamic_data    nrf_ble_gatt.o
    0x20002b4c   COMPRESSED   0x0000000c   Data   RW         1373    log_dynamic_data    nrf_drv_clock.o
    0x20002b58   COMPRESSED   0x0000000c   Data   RW         1593    log_dynamic_data    nrf_drv_gpiote.o
    0x20002b64   COMPRESSED   0x0000000c   Data   RW         1836    log_dynamic_data    nrf_drv_uart.o
    0x20002b70   COMPRESSED   0x0000000c   Data   RW         2048    log_dynamic_data    nrf_drv_spi.o
    0x20002b7c   COMPRESSED   0x0000000c   Data   RW         2828    log_dynamic_data    nrf_balloc.o
    0x20002b88   COMPRESSED   0x0000000c   Data   RW         3198    log_dynamic_data    nrf_pwr_mgmt.o
    0x20002b94   COMPRESSED   0x0000000c   Data   RW         3605    log_dynamic_data    nrf_log_frontend.o
    0x20002ba0   COMPRESSED   0x0000000c   Data   RW         4064    log_dynamic_data    nrf_sdh.o
    0x20002bac   COMPRESSED   0x0000000c   Data   RW         4179    log_dynamic_data    nrf_sdh_ble.o
    0x20002bb8   COMPRESSED   0x0000000c   Data   RW         4225    log_dynamic_data    nrf_sdh_soc.o
    0x20002bc4        -       0x00000488   Zero   RW           26    .bss                main.o
    0x2000304c        -       0x00000020   Zero   RW          553    .bss                bsp.o
    0x2000306c        -       0x00000020   Zero   RW          554    .bss                bsp.o
    0x2000308c        -       0x0000000c   Zero   RW          555    .bss                bsp.o
    0x20003098        -       0x00000020   Zero   RW          556    .bss                bsp.o
    0x200030b8        -       0x00000050   Zero   RW          916    .bss                ble_conn_params.o
    0x20003108        -       0x000000b8   Zero   RW         1006    .bss                ble_conn_state.o
    0x200031c0        -       0x00000014   Zero   RW         1366    .bss                nrf_drv_clock.o
    0x200031d4        -       0x00000058   Zero   RW         1586    .bss                nrf_drv_gpiote.o
    0x2000322c        -       0x00000020   Zero   RW         1833    .bss                nrf_drv_uart.o
    0x2000324c        -       0x00000024   Zero   RW         2042    .bss                nrf_drv_spi.o
    0x20003270        -       0x00000020   Zero   RW         2148    .bss                app_button.o
    0x20003290        -       0x0000010c   Zero   RW         2428    .bss                app_timer.o
    0x2000339c        -       0x00000020   Zero   RW         2577    .bss                app_uart_fifo.o
    0x200033bc        -       0x0000000c   Zero   RW         2643    .bss                app_util_platform.o
    0x200033c8        -       0x00000078   Zero   RW         3013    .bss                nrf_fstorage_sd.o
    0x20003440        -       0x00000040   Zero   RW         3442    .bss                nrf_log_backend_rtt.o
    0x20003480        -       0x000000c0   Zero   RW         3596    .bss                nrf_log_frontend.o
    0x20003540        -       0x00000420   Zero   RW         3597    .bss                nrf_log_frontend.o
    0x20003960        -       0x00000288   Zero   RW         3839    .bss                segger_rtt.o
    0x20003be8        -       0x00002000   Zero   RW         4723    HEAP                arm_startup_nrf52.o
    0x20005be8        -       0x00002000   Zero   RW         4722    STACK               arm_startup_nrf52.o


==============================================================================

Image component sizes


      Code (inc. data)   RO Data    RW Data    ZI Data      Debug   Object Name

       332         34          8         20         32       6794   app_button.o
        22          0          0          0          0       2277   app_error.o
       120         40          0          0          0      27405   app_error_weak.o
       118          0          0          0          0       5110   app_fifo.o
      1630        122          0         20        268      48039   app_timer.o
       452         42         32         16         32      11022   app_uart_fifo.o
       124         14          0          0         12       9542   app_util_platform.o
        36          8        512          0      16384        944   arm_startup_nrf52.o
      1330          0          0          0          0      36599   ble_advdata.o
       988          6          0          0          0      10488   ble_advertising.o
       636         44          8          8         80      11911   ble_conn_params.o
       268          6          8          0        184       3451   ble_conn_state.o
       692         10         32          0          0       7758   ble_nus.o
         8          0          0          0          0       1486   ble_srv_common.o
      4630         24         13          0          0      65226   bmi160.o
       318         42          8          0          0      13616   boards.o
       960         84         44         16        108      15691   bsp.o
       252         10          8          8          0       9484   bsp_btn_ble.o
      2102        332         92         14       1160     191173   main.o
       164          0         15         12          0       3997   nrf_balloc.o
       682         44        340         12          0      40190   nrf_ble_gatt.o
       408         40         30         12         20      41323   nrf_drv_clock.o
        56          0          0          0          0      27571   nrf_drv_common.o
      1178         84         19         12         88      30894   nrf_drv_gpiote.o
       770         20         12         12         36      21760   nrf_drv_spi.o
      2140         66         13         12         32      42975   nrf_drv_uart.o
        50          0          0          0          0       3589   nrf_fprintf.o
       850          4         16          0          0       5558   nrf_fprintf_format.o
        80         10          0          0          0       1886   nrf_fstorage.o
       462         26         24          8        120       6935   nrf_fstorage_sd.o
        74          8         12          0         64       5669   nrf_log_backend_rtt.o
       210          0          0          0          0      10311   nrf_log_backend_serial.o
        28          6          0         12          0       3250   nrf_log_default_backends.o
      1466         94         32         28       1248      32935   nrf_log_frontend.o
       506         66        102         56          0       5696   nrf_log_str_formatter.o
       494          0          0          0          0      13303   nrf_memobj.o
         0          0         17         12          0       7301   nrf_pwr_mgmt.o
       536         60        104         15          0      51496   nrf_sdh.o
       652        158        535         12          0       5918   nrf_sdh_ble.o
        60          4         56         12          0       2624   nrf_sdh_soc.o
        78          0          0          0          0       2836   nrf_section_iter.o
        76         10       1035          0          0       2803   nrf_strerror.o
        14          0          0          4          0       2922   retarget.o
       206          0          0          0          0       5494   sdk_mapped_flags.o
       378         34          0          0        648       9121   segger_rtt.o
       764         64          0          4          0       3003   system_nrf52.o

    ----------------------------------------------------------------------
     27450       1616       3181        340      20516     869376   Object Totals
         0          0         32          0          0          0   (incl. Generated)
        50          0         22          3          0          0   (incl. Padding)

    ----------------------------------------------------------------------

      Code (inc. data)   RO Data    RW Data    ZI Data      Debug   Library Member Name

        86          0          0          0          0          0   __dczerorl2.o
         8          4        133          0          0         68   ctype_o.o
         0          0          0          0          0          0   entry.o
         0          0          0          0          0          0   entry10a.o
         0          0          0          0          0          0   entry11a.o
         8          4          0          0          0          0   entry2.o
         4          0          0          0          0          0   entry5.o
         0          0          0          0          0          0   entry7b.o
         0          0          0          0          0          0   entry8b.o
         8          4          0          0          0          0   entry9a.o
        30          0          0          0          0          0   handlers.o
        36          8          0          0          0         68   init.o
        30          0          0          0          0         68   llshl.o
        32          0          0          0          0         68   llushr.o
       188         20          0          0          0        160   malloc.o
        36          0          0          0          0         68   memcpya.o
        36          0          0          0          0        108   memseta.o
         0          0          0          8          0          0   mvars.o
       422         20          0          0          0        336   printf1.o
        18          0          0          0          0         68   strcpy.o
        14          0          0          0          0         68   strlen.o
        44          0          0          0          0         80   uidiv.o
        98          0          0          0          0         92   uldiv.o

    ----------------------------------------------------------------------
      1106         60        135          8          0       1252   Library Totals
         8          0          2          0          0          0   (incl. Padding)

    ----------------------------------------------------------------------

      Code (inc. data)   RO Data    RW Data    ZI Data      Debug   Library Name

      1098         60        133          8          0       1252   mc_w.l

    ----------------------------------------------------------------------
      1106         60        135          8          0       1252   Library Totals

    ----------------------------------------------------------------------

==============================================================================


      Code (inc. data)   RO Data    RW Data    ZI Data      Debug   

     28556       1676       3316        348      20516     840240   Grand Totals
     28556       1676       3316         72      20516     840240   ELF Image Totals (compressed)
     28556       1676       3316         72          0          0   ROM Totals

==============================================================================

    Total RO  Size (Code + RO Data)                31872 (  31.13kB)
    Total RW  Size (RW Data + ZI Data)             20864 (  20.38kB)
    Total ROM Size (Code + RO Data + RW Data)      31944 (  31.20kB)

==============================================================================

